Archive member included because of file (symbol)

contiki-mist-openmote.a(contiki-mist-op)
                              obj_mist-openmote/startup-gcc.o (main)
contiki-mist-openmote.a(leds.o)
                              contiki-mist-openmote.a(contiki-mist-op) (leds_init)
contiki-mist-openmote.a(leds-arch.o)
                              contiki-mist-openmote.a(leds.o) (leds_arch_init)
contiki-mist-openmote.a(sensors.o)
                              contiki-mist-openmote.a(contiki-mist-op) (sensors_process)
contiki-mist-openmote.a(smartrf-sensors)
                              contiki-mist-openmote.a(sensors.o) (sensors_flags)
contiki-mist-openmote.a(button-sensor.o)
                              contiki-mist-openmote.a(contiki-mist-op) (button_sensor_init)
contiki-mist-openmote.a(clock.o)
                              contiki-mist-openmote.a(contiki-mist-op) (clock_init)
contiki-mist-openmote.a(rtimer-arch.o)
                              obj_mist-openmote/startup-gcc.o (rtimer_isr)
contiki-mist-openmote.a(uart.o)
                              contiki-mist-openmote.a(contiki-mist-op) (uart_init)
contiki-mist-openmote.a(watchdog.o)
                              contiki-mist-openmote.a(contiki-mist-op) (watchdog_init)
contiki-mist-openmote.a(nvic.o)
                              contiki-mist-openmote.a(contiki-mist-op) (nvic_init)
contiki-mist-openmote.a(cpu.o)
                              contiki-mist-openmote.a(contiki-mist-op) (cpu_cpsie)
contiki-mist-openmote.a(sys-ctrl.o)
                              contiki-mist-openmote.a(contiki-mist-op) (sys_ctrl_init)
contiki-mist-openmote.a(gpio.o)
                              contiki-mist-openmote.a(button-sensor.o) (gpio_register_callback)
contiki-mist-openmote.a(ioc.o)
                              contiki-mist-openmote.a(contiki-mist-op) (ioc_init)
contiki-mist-openmote.a(cc2538-rf.o)
                              contiki-mist-openmote.a(contiki-mist-op) (cc2538_rf_set_addr)
contiki-mist-openmote.a(udma.o)
                              contiki-mist-openmote.a(contiki-mist-op) (udma_init)
contiki-mist-openmote.a(lpm.o)
                              contiki-mist-openmote.a(rtimer-arch.o) (lpm_exit)
contiki-mist-openmote.a(dbg.o)
                              hello-world.co (puts)
contiki-mist-openmote.a(ieee-addr.o)
                              contiki-mist-openmote.a(contiki-mist-op) (ieee_addr_cpy_to)
contiki-mist-openmote.a(dbg-printf.o)
                              contiki-mist-openmote.a(contiki-mist-op) (printf)
contiki-mist-openmote.a(strformat.o)
                              contiki-mist-openmote.a(dbg-printf.o) (format_str_v)
contiki-mist-openmote.a(rimeaddr.o)
                              contiki-mist-openmote.a(contiki-mist-op) (rimeaddr_node_addr)
contiki-mist-openmote.a(csma.o)
                              contiki-mist-openmote.a(contiki-mist-op) (csma_driver)
contiki-mist-openmote.a(contikimac.o)
                              contiki-mist-openmote.a(contiki-mist-op) (contikimac_driver)
contiki-mist-openmote.a(process.o)
                              contiki-mist-openmote.a(sensors.o) (process_alloc_event)
contiki-mist-openmote.a(autostart.o)
                              contiki-mist-openmote.a(contiki-mist-op) (autostart_start)
contiki-mist-openmote.a(serial-line.o)
                              contiki-mist-openmote.a(contiki-mist-op) (serial_line_input_byte)
contiki-mist-openmote.a(memb.o)
                              contiki-mist-openmote.a(csma.o) (memb_init)
contiki-mist-openmote.a(timer.o)
                              contiki-mist-openmote.a(button-sensor.o) (timer_set)
contiki-mist-openmote.a(list.o)
                              contiki-mist-openmote.a(csma.o) (list_init)
contiki-mist-openmote.a(etimer.o)
                              contiki-mist-openmote.a(clock.o) (etimer_request_poll)
contiki-mist-openmote.a(ctimer.o)
                              contiki-mist-openmote.a(contiki-mist-op) (ctimer_init)
contiki-mist-openmote.a(energest.o)
                              contiki-mist-openmote.a(contiki-mist-op) (energest_init)
contiki-mist-openmote.a(rtimer.o)
                              contiki-mist-openmote.a(contiki-mist-op) (rtimer_init)
contiki-mist-openmote.a(random.o)
                              contiki-mist-openmote.a(csma.o) (random_rand)
contiki-mist-openmote.a(ringbuf.o)
                              contiki-mist-openmote.a(serial-line.o) (ringbuf_init)
contiki-mist-openmote.a(netstack.o)
                              contiki-mist-openmote.a(contiki-mist-op) (netstack_init)
contiki-mist-openmote.a(packetbuf.o)
                              contiki-mist-openmote.a(contikimac.o) (packetbuf_compact)
contiki-mist-openmote.a(queuebuf.o)
                              contiki-mist-openmote.a(contiki-mist-op) (queuebuf_init)
contiki-mist-openmote.a(sicslowpan.o)
                              contiki-mist-openmote.a(contiki-mist-op) (sicslowpan_driver)
contiki-mist-openmote.a(tcpip.o)
[...]
Memory Configuration

Name             Origin             Length             Attributes
FLASH            0x0000000000200000 0x000000000007ffd4 xr
FLASH_CCA        0x000000000027ffd4 0x000000000000002c xr
SRAM             0x0000000020000000 0x0000000000008000 xrw
*default*        0x0000000000000000 0xffffffffffffffff

Linker script and memory map

LOAD obj_mist-openmote/startup-gcc.o
LOAD hello-world.co
LOAD contiki-mist-openmote.a
START GROUP
LOAD /usr/bin/../lib/gcc/arm-none-eabi/4.8.4/armv7-m/libgcc.a
LOAD /usr/bin/../lib/gcc/arm-none-eabi/4.8.4/../../../../arm-none-eabi/lib/armv7-m/libc.a
END GROUP

.text           0x0000000000200000     0xd4b4
                0x0000000000200000                _text = .
 *(.vectors)
 .vectors       0x0000000000200000      0x28c obj_mist-openmote/startup-gcc.o
                0x0000000000200000                vectors
 *(.text*)
 .text          0x000000000020028c       0x68 obj_mist-openmote/startup-gcc.o
                0x000000000020028c                default_handler
                0x0000000000200290                reset_handler
                0x00000000002002e4                nmi_handler
 .text          0x00000000002002f4       0x1c hello-world.co
 .text          0x0000000000200310       0x64 contiki-mist-openmote.a(contiki-mist-op)
 .text.startup  0x0000000000200374      0x1bc contiki-mist-openmote.a(contiki-mist-op)
                0x0000000000200374                main
 .text          0x0000000000200530       0xb0 contiki-mist-openmote.a(leds.o)
                0x0000000000200530                leds_init
                0x0000000000200544                leds_blink
                0x000000000020057c                leds_get
                0x0000000000200580                leds_on
                0x0000000000200598                leds_off
                0x00000000002005b0                leds_toggle
                0x00000000002005c8                leds_invert
 .text          0x00000000002005e0       0x28 contiki-mist-openmote.a(leds-arch.o)
                0x00000000002005e0                leds_arch_init
                0x00000000002005f0                leds_arch_get
                0x00000000002005fc                leds_arch_set
 .text          0x0000000000200608      0x1c4 contiki-mist-openmote.a(sensors.o)
                0x00000000002006e8                sensors_first
                0x00000000002006f4                sensors_next
                0x0000000000200734                sensors_changed
                0x0000000000200780                sensors_find
 .text          0x00000000002007cc        0x0 contiki-mist-openmote.a(smartrf-sensors)
 .text          0x00000000002007cc       0xa4 contiki-mist-openmote.a(button-sensor.o)
                0x0000000000200864                button_sensor_init
 .text          0x0000000000200870      0x17c contiki-mist-openmote.a(clock.o)
                0x0000000000200870                clock_init
                0x00000000002008e4                clock_time
                0x00000000002008f0                clock_set_seconds
                0x00000000002008fc                clock_seconds
                0x0000000000200908                clock_wait
                0x000000000020091c                clock_delay_usec
                0x000000000020093c                clock_delay
                0x0000000000200960                clock_adjust
                0x00000000002009b4                clock_isr
 .text          0x00000000002009ec       0xdc contiki-mist-openmote.a(rtimer-arch.o)
                0x00000000002009ec                rtimer_arch_init
                0x00000000002009f0                rtimer_arch_schedule
                0x0000000000200a70                rtimer_arch_next_trigger
                0x0000000000200a7c                rtimer_arch_now
                0x0000000000200aa4                rtimer_isr
 .text          0x0000000000200ac8      0x2d4 contiki-mist-openmote.a(uart.o)
                0x0000000000200b00                uart_init
                0x0000000000200cd8                uart_set_input
                0x0000000000200ce8                uart_write_byte
                0x0000000000200d0c                uart_isr
                0x0000000000200d8c                uart0_isr
                0x0000000000200d94                uart1_isr
 .text          0x0000000000200d9c       0x34 contiki-mist-openmote.a(watchdog.o)
                0x0000000000200d9c                watchdog_init
                0x0000000000200da8                watchdog_start
                0x0000000000200db4                watchdog_periodic
                0x0000000000200dc4                watchdog_stop
                0x0000000000200dc8                watchdog_reboot
 .text          0x0000000000200dd0       0xc8 contiki-mist-openmote.a(nvic.o)
                0x0000000000200dd0                nvic_init
                0x0000000000200dfc                nvic_interrupt_enable
                0x0000000000200e14                nvic_interrupt_disable
                0x0000000000200e2c                nvic_interrupt_en_restore
                0x0000000000200e48                nvic_interrupt_en_save
                0x0000000000200e68                nvic_interrupt_pend
                0x0000000000200e80                nvic_interrupt_unpend
 .text          0x0000000000200e98       0x10 contiki-mist-openmote.a(cpu.o)
                0x0000000000200e98                cpu_cpsie
                0x0000000000200ea0                cpu_cpsid
 .text          0x0000000000200ea8       0x28 contiki-mist-openmote.a(sys-ctrl.o)
                0x0000000000200ea8                sys_ctrl_init
                0x0000000000200ec4                sys_ctrl_reset
 .text          0x0000000000200ed0       0xe8 contiki-mist-openmote.a(gpio.o)
                0x0000000000200ed0                gpio_register_callback
                0x0000000000200ee0                notify
                0x0000000000200f18                gpio_port_a_isr
                0x0000000000200f3c                gpio_port_b_isr
                0x0000000000200f60                gpio_port_c_isr
                0x0000000000200f84                gpio_port_d_isr
                0x0000000000200fa8                gpio_init
 .text          0x0000000000200fb8       0x40 contiki-mist-openmote.a(ioc.o)
                0x0000000000200fb8                ioc_init
                0x0000000000200fd0                ioc_set_over
                0x0000000000200fe4                ioc_set_sel
 .text          0x0000000000200ff8      0x53c contiki-mist-openmote.a(cc2538-rf.o)
                0x0000000000201340                cc2538_rf_channel_get
                0x0000000000201364                cc2538_rf_channel_set
                0x00000000002014b8                cc2538_rf_power_set
                0x00000000002014c8                cc2538_rf_set_addr
                0x00000000002014f4                cc2538_rf_rx_tx_isr
                0x000000000020150c                cc2538_rf_err_isr
 .text          0x0000000000201534      0x1bc contiki-mist-openmote.a(udma.o)
                0x0000000000201534                udma_init
                0x0000000000201568                udma_set_channel_src
                0x0000000000201578                udma_set_channel_dst
                0x000000000020158c                udma_set_channel_control_word
                0x00000000002015a0                udma_set_channel_assignment
                0x00000000002015c4                udma_channel_enable
                0x00000000002015dc                udma_channel_disable
                0x00000000002015f0                udma_channel_use_alternate
                0x0000000000201608                udma_channel_use_primary
                0x000000000020161c                udma_channel_prio_set_high
                0x0000000000201634                udma_channel_prio_set_default
                0x0000000000201648                udma_channel_use_burst
                0x0000000000201660                udma_channel_use_single
                0x0000000000201674                udma_channel_mask_set
                0x000000000020168c                udma_channel_mask_clr
                0x00000000002016a0                udma_channel_sw_request
                0x00000000002016b8                udma_channel_get_mode
                0x00000000002016d4                udma_isr
                0x00000000002016e4                udma_err_isr
 .text          0x00000000002016f0      0x164 contiki-mist-openmote.a(lpm.o)
                0x00000000002016f0                lpm_exit
                0x0000000000201738                lpm_enter
                0x00000000002017fc                lpm_set_max_pm
                0x000000000020180c                lpm_register_peripheral
                0x0000000000201830                lpm_init
 .text          0x0000000000201854       0x74 contiki-mist-openmote.a(dbg.o)
                0x0000000000201854                putchar
                0x0000000000201864                dbg_send_bytes
                0x00000000002018a0                puts
 .text          0x00000000002018c8       0x64 contiki-mist-openmote.a(ieee-addr.o)
                0x00000000002018c8                ieee_addr_cpy_to
 .text          0x000000000020192c       0x34 contiki-mist-openmote.a(dbg-printf.o)
                0x000000000020193c                printf
 .text          0x0000000000201960      0x8f8 contiki-mist-openmote.a(strformat.o)
                0x0000000000201990                format_str_v
                0x0000000000202238                format_str
 .text          0x0000000000202258       0x28 contiki-mist-openmote.a(rimeaddr.o)
                0x0000000000202258                rimeaddr_copy
                0x0000000000202260                rimeaddr_cmp
                0x0000000000202274                rimeaddr_set_node_addr
 .text          0x0000000000202280      0x368 contiki-mist-openmote.a(csma.o)
 .text          0x00000000002025e8      0x76c contiki-mist-openmote.a(contikimac.o)
                0x0000000000202d50                contikimac_debug_print
 .text          0x0000000000202d54      0x2ac contiki-mist-openmote.a(process.o)
                0x0000000000202e60                process_alloc_event
                0x0000000000202e70                process_exit
                0x0000000000202e7c                process_init
                0x0000000000202e94                process_run
                0x0000000000202f3c                process_nevents
                0x0000000000202f4c                process_post
                0x0000000000202f84                process_post_synch
                0x0000000000202f9c                process_start
                0x0000000000202fdc                process_poll
                0x0000000000202ff4                process_is_running
 .text          0x0000000000203000       0x30 contiki-mist-openmote.a(autostart.o)
                0x0000000000203000                autostart_start
                0x0000000000203018                autostart_exit
 .text          0x0000000000203030      0x130 contiki-mist-openmote.a(serial-line.o)
                0x00000000002030e4                serial_line_input_byte
                0x000000000020313c                serial_line_init
 .text          0x0000000000203160       0xc0 contiki-mist-openmote.a(memb.o)
                0x0000000000203160                memb_init
                0x0000000000203184                memb_alloc
                0x00000000002031c0                memb_free
                0x0000000000203204                memb_inmemb
 .text          0x0000000000203220       0x54 contiki-mist-openmote.a(timer.o)
                0x0000000000203220                timer_set
                0x0000000000203230                timer_reset
                0x000000000020323c                timer_restart
                0x0000000000203248                timer_expired
                0x0000000000203264                timer_remaining
 .text          0x0000000000203274      0x168 contiki-mist-openmote.a(list.o)
                0x0000000000203274                list_init
                0x000000000020327c                list_head
                0x0000000000203280                list_copy
                0x0000000000203288                list_tail
                0x0000000000203298                list_add
                0x00000000002032f8                list_push
                0x0000000000203340                list_chop
                0x0000000000203364                list_pop
                0x0000000000203370                list_remove
                0x00000000002033b0                list_length
                0x00000000002033c4                list_insert
                0x00000000002033d4                list_item_next
 .text          0x00000000002033dc      0x230 contiki-mist-openmote.a(etimer.o)
                0x0000000000203534                etimer_request_poll
                0x0000000000203540                etimer_set
                0x0000000000203554                etimer_reset
                0x0000000000203568                etimer_restart
                0x000000000020357c                etimer_adjust
                0x0000000000203588                etimer_expired
                0x0000000000203594                etimer_expiration_time
                0x000000000020359c                etimer_start_time
                0x00000000002035a0                etimer_pending
                0x00000000002035b0                etimer_next_expiration_time
                0x00000000002035c0                etimer_stop
 .text          0x000000000020360c      0x1d4 contiki-mist-openmote.a(ctimer.o)
                0x000000000020369c                ctimer_init
                0x00000000002036c0                ctimer_set
                0x0000000000203704                ctimer_reset
                0x0000000000203740                ctimer_restart
                0x000000000020377c                ctimer_stop
                0x00000000002037ac                ctimer_expired
 .text          0x00000000002037e0       0x10 contiki-mist-openmote.a(energest.o)
                0x00000000002037e0                energest_type_set
                0x00000000002037e4                energest_init
                0x00000000002037e8                energest_type_time
                0x00000000002037ec                energest_flush
 .text          0x00000000002037f0       0x54 contiki-mist-openmote.a(rtimer.o)
                0x00000000002037f0                rtimer_init
                0x00000000002037f4                rtimer_set
                0x000000000020381c                rtimer_run_next
 .text          0x0000000000203844       0xa8 contiki-mist-openmote.a(random.o)
                0x0000000000203844                random_rand
                0x0000000000203874                random_init
 .text          0x00000000002038ec       0x7c contiki-mist-openmote.a(ringbuf.o)
                0x00000000002038ec                ringbuf_init
                0x00000000002038fc                ringbuf_put
                0x000000000020392c                ringbuf_get
                0x0000000000203954                ringbuf_size
                0x000000000020395c                ringbuf_elements
 .text          0x0000000000203968       0x2c contiki-mist-openmote.a(netstack.o)
                0x0000000000203968                netstack_init
 .text          0x0000000000203994      0x2f0 contiki-mist-openmote.a(packetbuf.o)
                0x0000000000203994                packetbuf_clear_hdr
                0x00000000002039a0                packetbuf_compact
                0x00000000002039e4                packetbuf_copyto_hdr
                0x0000000000203a00                packetbuf_copyto
                0x0000000000203a48                packetbuf_hdralloc
                0x0000000000203a80                packetbuf_hdr_remove
                0x0000000000203a90                packetbuf_hdrreduce
                0x0000000000203ab8                packetbuf_set_datalen
                0x0000000000203ac4                packetbuf_dataptr
                0x0000000000203ad4                packetbuf_hdrptr
                0x0000000000203ae4                packetbuf_is_reference
                0x0000000000203af8                packetbuf_reference_ptr
                0x0000000000203b04                packetbuf_datalen
                0x0000000000203b10                packetbuf_hdrlen
                0x0000000000203b20                packetbuf_totlen
                0x0000000000203b38                packetbuf_attr_clear
                0x0000000000203b6c                packetbuf_clear
                0x0000000000203b8c                packetbuf_copyfrom
                0x0000000000203bb4                packetbuf_reference
                0x0000000000203bcc                packetbuf_attr_copyto
                0x0000000000203c08                packetbuf_attr_copyfrom
                0x0000000000203c40                packetbuf_set_attr
                0x0000000000203c50                packetbuf_attr
                0x0000000000203c5c                packetbuf_set_addr
                0x0000000000203c74                packetbuf_addr
 .text          0x0000000000203c84      0x1ac contiki-mist-openmote.a(queuebuf.o)
                0x0000000000203c84                queuebuf_init
                0x0000000000203ca8                queuebuf_new_from_packetbuf
                0x0000000000203d24                queuebuf_update_attr_from_packetbuf
                0x0000000000203d30                queuebuf_free
                0x0000000000203d78                queuebuf_to_packetbuf
                0x0000000000203de0                queuebuf_dataptr
                0x0000000000203e0c                queuebuf_datalen
                0x0000000000203e14                queuebuf_addr
                0x0000000000203e20                queuebuf_attr
                0x0000000000203e2c                queuebuf_debug_print
 .text          0x0000000000203e30      0xfcc contiki-mist-openmote.a(sicslowpan.o)
                0x0000000000203e30                sicslowpan_init
                0x0000000000204de4                rime_sniffer_add
                0x0000000000204df0                rime_sniffer_remove
 .text          0x0000000000204dfc      0x634 contiki-mist-openmote.a(tcpip.o)
                0x0000000000204e18                tcpip_output
                0x0000000000204e2c                tcpip_set_outputfunc
                0x0000000000204e38                tcp_connect
                0x0000000000204e64                tcp_unlisten
                0x0000000000204ec8                tcp_listen
                0x0000000000204f34                tcp_attach
                0x0000000000204f44                udp_attach
                0x0000000000204f54                udp_new
                0x0000000000204f6c                udp_broadcast_new
                0x0000000000204fbc                icmp6_new
                0x0000000000204fdc                tcpip_icmp6_call
                0x0000000000205004                tcpip_input
                0x0000000000205028                tcpip_ipv6_output
                0x0000000000205378                tcpip_poll_udp
                0x0000000000205388                tcpip_poll_tcp
                0x0000000000205398                tcpip_uipcall
 .text          0x0000000000205430      0x478 contiki-mist-openmote.a(uip-ds6-route.o)
                0x000000000020547c                uip_ds6_notification_add
                0x0000000000205490                uip_ds6_notification_rm
                0x000000000020549c                uip_ds6_route_init
                0x00000000002054d8                uip_ds6_route_nexthop
                0x00000000002054f4                uip_ds6_route_head
                0x0000000000205518                uip_ds6_route_next
                0x0000000000205544                uip_ds6_route_num_routes
                0x0000000000205550                uip_ds6_route_lookup
                0x0000000000205598                uip_ds6_route_add
                0x0000000000205650                uip_ds6_route_rm
                0x00000000002056dc                uip_ds6_route_rm_by_nexthop
                0x00000000002056f8                uip_ds6_defrt_rm
                0x0000000000205740                uip_ds6_defrt_lookup
                0x0000000000205774                uip_ds6_defrt_add
                0x00000000002057e8                uip_ds6_defrt_choose
                0x000000000020586c                uip_ds6_defrt_periodic
 .text          0x00000000002058a8      0x2b4 contiki-mist-openmote.a(uip-ds6-nbr.o)
                0x00000000002058a8                uip_ds6_nbr_rm
                0x00000000002058c8                uip_ds6_neighbors_init
                0x00000000002058dc                uip_ds6_nbr_add
                0x000000000020592c                uip_ds6_nbr_get_ipaddr
                0x0000000000205930                uip_ds6_nbr_get_ll
                0x0000000000205940                uip_ds6_nbr_num
                0x0000000000205968                uip_ds6_nbr_lookup
                0x00000000002059a4                uip_ds6_nbr_ll_lookup
                0x00000000002059b4                uip_ds6_nbr_ipaddr_from_lladdr
                0x00000000002059c4                uip_ds6_nbr_lladdr_from_ipaddr
                0x00000000002059e0                uip_ds6_link_neighbor_callback
                0x0000000000205a0c                uip_ds6_neighbor_periodic
                0x0000000000205b14                uip_ds6_get_least_lifetime_neighbor
 .text          0x0000000000205b5c      0x704 contiki-mist-openmote.a(uip-ds6.o)
                0x0000000000205b5c                uip_ds6_list_loop
                0x0000000000205bc4                uip_ds6_prefix_add
                0x0000000000205c34                uip_ds6_prefix_rm
                0x0000000000205c3c                uip_ds6_prefix_lookup
                0x0000000000205c68                uip_ds6_is_addr_onlink
                0x0000000000205cb0                uip_ds6_addr_lookup
                0x0000000000205ce0                uip_ds6_get_link_local
                0x0000000000205d2c                uip_ds6_get_global
                0x0000000000205d78                uip_ds6_maddr_add
                0x0000000000205dcc                uip_ds6_addr_add
                0x0000000000205e78                uip_ds6_maddr_rm
                0x0000000000205e80                uip_ds6_maddr_lookup
                0x0000000000205eb4                uip_ds6_addr_rm
                0x0000000000205ef8                uip_ds6_periodic
                0x0000000000205f58                uip_ds6_aaddr_add
                0x0000000000205fac                uip_ds6_aaddr_rm
                0x0000000000205fb4                uip_ds6_aaddr_lookup
                0x0000000000205fe8                uip_ds6_select_src
                0x00000000002060e4                uip_ds6_set_addr_iid
                0x00000000002060f8                get_match_length
                0x000000000020613c                uip_ds6_compute_reachable_time
                0x0000000000206164                uip_ds6_init
 .text          0x0000000000206260      0x5b8 contiki-mist-openmote.a(uip-nd6.o)
                0x0000000000206260                uip_nd6_ns_input
                0x00000000002064d0                uip_nd6_ns_output
                0x000000000020663c                uip_nd6_na_input
 .text          0x0000000000206818     0x17ac contiki-mist-openmote.a(uip6.o)
                0x0000000000206970                uip_add32
                0x00000000002069c8                uip_chksum
                0x00000000002069dc                uip_ipchksum
                0x00000000002069fc                uip_icmp6chksum
                0x0000000000206a04                uip_tcpchksum
                0x0000000000206a0c                uip_udpchksum
                0x0000000000206a14                uip_init
                0x0000000000206a6c                uip_connect
                0x0000000000206b88                remove_ext_hdr
                0x0000000000206be8                uip_udp_new
                0x0000000000206cc4                uip_unlisten
                0x0000000000206d14                uip_listen
                0x0000000000206d68                uip_process
                0x0000000000207f4c                uip_htons
                0x0000000000207f54                uip_htonl
                0x0000000000207f68                uip_send
 .text.unlikely
                0x0000000000207fc4       0x2c contiki-mist-openmote.a(uip6.o)
 .text          0x0000000000207ff0      0x230 contiki-mist-openmote.a(netstack-aes.o)
                0x0000000000207ff0                netstack_aes_set_active
                0x0000000000207ffc                netstack_aes_encrypt
                0x000000000020809c                netstack_aes_decrypt
                0x0000000000208160                netstack_aes_verify
                0x00000000002081d8                netstack_aes_init
                0x00000000002081fc                netstack_aes_set_key
                0x000000000020821c                netstack_aes_set_master_key
 .text          0x0000000000208220       0x10 contiki-mist-openmote.a(mac.o)
                0x0000000000208220                mac_call_sent_callback
 .text          0x0000000000208230      0x1c0 contiki-mist-openmote.a(framer-802154.o)
 .text          0x00000000002083f0      0x208 contiki-mist-openmote.a(rpl.o)
                0x00000000002083f0                rpl_get_mode
                0x00000000002083fc                rpl_set_mode
                0x000000000020840c                rpl_purge_routes
                0x0000000000208488                rpl_remove_routes
                0x00000000002084b4                rpl_remove_routes_by_nexthop
                0x00000000002084f4                rpl_add_route
                0x0000000000208520                rpl_link_neighbor_callback
                0x0000000000208588                rpl_ipv6_neighbor_callback
                0x00000000002085b0                rpl_init
 .text          0x00000000002085f8      0xea0 contiki-mist-openmote.a(rpl-dag.o)
                0x0000000000208758                rpl_dag_init
                0x0000000000208768                rpl_get_parent_rank
                0x000000000020877c                rpl_get_parent_link_metric
                0x0000000000208790                rpl_get_parent_ipaddr
                0x00000000002087a8                rpl_repair_root
                0x0000000000208804                rpl_set_prefix
                0x000000000020889c                rpl_set_default_route
                0x00000000002088e4                rpl_alloc_instance
                0x0000000000208910                rpl_set_default_instance
                0x000000000020891c                rpl_add_parent
                0x0000000000208948                rpl_find_parent
                0x0000000000208960                rpl_find_parent_any_dag
                0x0000000000208984                rpl_select_parent
                0x00000000002089d8                rpl_select_dag
                0x0000000000208b54                rpl_nullify_parent
                0x0000000000208b98                rpl_remove_parent
                0x0000000000208bf0                rpl_free_dag
                0x0000000000208c28                rpl_free_instance
                0x0000000000208c8c                rpl_alloc_dag
                0x0000000000208cf4                rpl_set_root
                0x0000000000208df0                rpl_move_parent
                0x0000000000208e50                rpl_get_any_dag
                0x0000000000208e68                rpl_get_instance
                0x0000000000208e88                rpl_find_of
                0x0000000000208e9c                rpl_join_instance
                0x0000000000208fdc                rpl_local_repair
                0x0000000000209040                rpl_process_parent_event
                0x00000000002090a0                rpl_add_dag
                0x00000000002091dc                rpl_recalculate_ranks
                0x000000000020921c                rpl_process_dio
 .text          0x0000000000209498      0xa08 contiki-mist-openmote.a(rpl-icmp6.o)
                0x00000000002094b0                dis_output
                0x0000000000209508                dio_output
                0x00000000002097fc                dao_output_target
                0x0000000000209900                dao_output
                0x000000000020995c                dao_ack_output
                0x000000000020998c                uip_rpl_input
 .text          0x0000000000209ea0      0x200 contiki-mist-openmote.a(rpl-timers.o)
                0x000000000020a014                rpl_reset_periodic_timer
                0x000000000020a04c                rpl_reset_dio_timer
                0x000000000020a068                rpl_schedule_dao
 .text          0x000000000020a0a0       0xf0 contiki-mist-openmote.a(rpl-mrhof.o)
 .text          0x000000000020a190      0x2dc contiki-mist-openmote.a(rpl-ext-header.)
                0x000000000020a190                rpl_verify_header
                0x000000000020a238                rpl_update_header_empty
                0x000000000020a338                rpl_update_header_final
                0x000000000020a3c0                rpl_remove_header
                0x000000000020a41c                rpl_invert_header
 .text          0x000000000020a46c       0x68 contiki-mist-openmote.a(stimer.o)
                0x000000000020a46c                stimer_set
                0x000000000020a47c                stimer_reset
                0x000000000020a488                stimer_restart
                0x000000000020a494                stimer_expired
                0x000000000020a4b4                stimer_remaining
                0x000000000020a4c4                stimer_elapsed
 .text          0x000000000020a4d4      0x3a8 contiki-mist-openmote.a(nbr-table.o)
                0x000000000020a590                nbr_table_register
                0x000000000020a5b8                nbr_table_next
                0x000000000020a624                nbr_table_head
                0x000000000020a674                nbr_table_add_lladdr
                0x000000000020a7d0                nbr_table_get_from_lladdr
                0x000000000020a804                nbr_table_remove
                0x000000000020a830                nbr_table_lock
                0x000000000020a840                nbr_table_unlock
                0x000000000020a850                nbr_table_get_lladdr
 .text          0x000000000020a87c      0x428 contiki-mist-openmote.a(uip-icmp6.o)
                0x000000000020a87c                uip_icmp6_echo_request_input
                0x000000000020a994                uip_icmp6_error_output
                0x000000000020aafc                uip_icmp6_send
                0x000000000020ab88                uip_icmp6_echo_reply_input
                0x000000000020ac84                uip_icmp6_echo_reply_callback_add
                0x000000000020ac98                uip_icmp6_echo_reply_callback_rm
 .text          0x000000000020aca4      0x634 contiki-mist-openmote.a(aes-ccm.o)
                0x000000000020af88                aes_ccm_encrypt
                0x000000000020b018                aes_ccm_decrypt
                0x000000000020b0cc                aes_ccm_verify
 .text          0x000000000020b2d8      0x310 contiki-mist-openmote.a(frame802154.o)
                0x000000000020b358                frame802154_hdrlen
                0x000000000020b388                frame802154_create
                0x000000000020b4b0                frame802154_parse
 .text          0x000000000020b5e8      0xf58 contiki-mist-openmote.a(aes.o)
                0x000000000020b710                aes_encrypt
                0x000000000020bd20                aes_decrypt
 .text          0x000000000020c540       0x2c /usr/bin/../lib/gcc/arm-none-eabi/4.8.4/armv7-m/libgcc.a(_aeabi_uldivmod.o)
                0x000000000020c540                __aeabi_uldivmod
 .text          0x000000000020c56c       0x60 /usr/bin/../lib/gcc/arm-none-eabi/4.8.4/armv7-m/libgcc.a(bpabi.o)
                0x000000000020c56c                __gnu_ldivmod_helper
                0x000000000020c59c                __gnu_uldivmod_helper
 .text          0x000000000020c5cc        0x4 /usr/bin/../lib/gcc/arm-none-eabi/4.8.4/armv7-m/libgcc.a(_dvmd_tls.o)
                0x000000000020c5cc                __aeabi_ldiv0
                0x000000000020c5cc                __aeabi_idiv0
 .text          0x000000000020c5d0      0x2a0 /usr/bin/../lib/gcc/arm-none-eabi/4.8.4/armv7-m/libgcc.a(_divdi3.o)
                0x000000000020c5d0                __divdi3
 .text          0x000000000020c870      0x290 /usr/bin/../lib/gcc/arm-none-eabi/4.8.4/armv7-m/libgcc.a(_udivdi3.o)
                0x000000000020c870                __udivdi3
 .text          0x000000000020cb00        0x0 /usr/bin/../lib/gcc/arm-none-eabi/4.8.4/../../../../arm-none-eabi/lib/armv7-m/libc.a(lib_a-memcmp.o)
 .text.memcmp   0x000000000020cb00       0x68 /usr/bin/../lib/gcc/arm-none-eabi/4.8.4/../../../../arm-none-eabi/lib/armv7-m/libc.a(lib_a-memcmp.o)
                0x000000000020cb00                memcmp
 .text          0x000000000020cb68       0xec /usr/bin/../lib/gcc/arm-none-eabi/4.8.4/../../../../arm-none-eabi/lib/armv7-m/libc.a(lib_a-memcpy.o)
                0x000000000020cb68                memcpy
 .text          0x000000000020cc54        0x0 /usr/bin/../lib/gcc/arm-none-eabi/4.8.4/../../../../arm-none-eabi/lib/armv7-m/libc.a(lib_a-memmove.o)
 .text.memmove  0x000000000020cc54       0xcc /usr/bin/../lib/gcc/arm-none-eabi/4.8.4/../../../../arm-none-eabi/lib/armv7-m/libc.a(lib_a-memmove.o)
                0x000000000020cc54                memmove
 .text          0x000000000020cd20        0x0 /usr/bin/../lib/gcc/arm-none-eabi/4.8.4/../../../../arm-none-eabi/lib/armv7-m/libc.a(lib_a-memset.o)
 .text.memset   0x000000000020cd20       0x94 /usr/bin/../lib/gcc/arm-none-eabi/4.8.4/../../../../arm-none-eabi/lib/armv7-m/libc.a(lib_a-memset.o)
                0x000000000020cd20                memset
 .text          0x000000000020cdb4        0x0 /usr/bin/../lib/gcc/arm-none-eabi/4.8.4/../../../../arm-none-eabi/lib/armv7-m/libc.a(lib_a-strlen.o)
 .text.strlen   0x000000000020cdb4       0x60 /usr/bin/../lib/gcc/arm-none-eabi/4.8.4/../../../../arm-none-eabi/lib/armv7-m/libc.a(lib_a-strlen.o)
                0x000000000020cdb4                strlen
 .text          0x000000000020ce14        0x0 /usr/bin/../lib/gcc/arm-none-eabi/4.8.4/../../../../arm-none-eabi/lib/armv7-m/libc.a(lib_a-strncmp.o)
 .text.strncmp  0x000000000020ce14       0xb4 /usr/bin/../lib/gcc/arm-none-eabi/4.8.4/../../../../arm-none-eabi/lib/armv7-m/libc.a(lib_a-strncmp.o)
                0x000000000020ce14                strncmp
 *(.rodata*)
 .rodata        0x000000000020cec8        0x8 hello-world.co
                0x000000000020cec8                autostart_processes
 .rodata.str1.4
                0x000000000020ced0       0x24 hello-world.co
 .rodata.str1.4
                0x000000000020cef4       0xf1 contiki-mist-openmote.a(contiki-mist-op)
                                         0xf4 (size before relaxing)
 *fill*         0x000000000020cfe5        0x3 00000000
 .rodata.str1.4
                0x000000000020cfe8        0x8 contiki-mist-openmote.a(sensors.o)
 .rodata        0x000000000020cff0       0x10 contiki-mist-openmote.a(button-sensor.o)
                0x000000000020cff0                button_user_sensor
 .rodata.str1.4
                0x000000000020d000        0x7 contiki-mist-openmote.a(button-sensor.o)
                                          0x8 (size before relaxing)
 *fill*         0x000000000020d007        0x1 00000000
 .rodata        0x000000000020d008       0x58 contiki-mist-openmote.a(uart.o)
 .rodata        0x000000000020d060       0x2c contiki-mist-openmote.a(cc2538-rf.o)
                0x000000000020d060                cc2538_rf_driver
 .rodata.str1.4
                0x000000000020d08c       0x11 contiki-mist-openmote.a(cc2538-rf.o)
                                         0x14 (size before relaxing)
 *fill*         0x000000000020d09d        0x3 00000000
 .rodata        0x000000000020d0a0       0x20 contiki-mist-openmote.a(strformat.o)
 .rodata.str1.4
                0x000000000020d0c0       0x42 contiki-mist-openmote.a(strformat.o)
                                         0x48 (size before relaxing)
 *fill*         0x000000000020d102        0x2 00000000
 .rodata        0x000000000020d104        0x4 contiki-mist-openmote.a(rimeaddr.o)
                0x000000000020d104                rimeaddr_null
 .rodata        0x000000000020d108       0x1c contiki-mist-openmote.a(csma.o)
                0x000000000020d108                csma_driver
 .rodata.str1.4
                0x000000000020d124        0x5 contiki-mist-openmote.a(csma.o)
                                          0x8 (size before relaxing)
 *fill*         0x000000000020d129        0x3 00000000
 .rodata        0x000000000020d12c       0x20 contiki-mist-openmote.a(contikimac.o)
                0x000000000020d12c                contikimac_driver
 .rodata.str1.4
                0x000000000020d14c        0xb contiki-mist-openmote.a(contikimac.o)
                                          0xc (size before relaxing)
 *fill*         0x000000000020d157        0x1 00000000
 .rodata.str1.4
                0x000000000020d158        0xe contiki-mist-openmote.a(serial-line.o)
                                         0x10 (size before relaxing)
 *fill*         0x000000000020d166        0x2 00000000
 .rodata.str1.4
                0x000000000020d168        0xc contiki-mist-openmote.a(etimer.o)
 .rodata.str1.4
                0x000000000020d174        0xf contiki-mist-openmote.a(ctimer.o)
                                         0x10 (size before relaxing)
 *fill*         0x000000000020d183        0x1 00000000
 .rodata        0x000000000020d184       0x24 contiki-mist-openmote.a(sicslowpan.o)
                0x000000000020d188                unc_ctxconf
                0x000000000020d18c                unc_llconf
                0x000000000020d190                llprefix
                0x000000000020d198                unc_mxconf
                0x000000000020d19c                sicslowpan_driver
 .rodata.str1.4
                0x000000000020d1a8       0x2b contiki-mist-openmote.a(sicslowpan.o)
                                         0x2c (size before relaxing)
 *fill*         0x000000000020d1d3        0x1 00000000
 .rodata.str1.4
                0x000000000020d1d4        0xd contiki-mist-openmote.a(tcpip.o)
                                         0x10 (size before relaxing)
 *fill*         0x000000000020d1e1        0x3 00000000
 .rodata.str1.4
                0x000000000020d1e4       0xbc contiki-mist-openmote.a(netstack-aes.o)
 .rodata        0x000000000020d2a0        0x8 contiki-mist-openmote.a(framer-802154.o)
                0x000000000020d2a0                framer_802154
 .rodata        0x000000000020d2a8      0x20c contiki-mist-openmote.a(aes.o)
                0x000000000020d4b4                _etext = .

.glue_7         0x000000000020d4b4        0x0
 .glue_7        0x0000000000000000        0x0 linker stubs

.glue_7t        0x000000000020d4b4        0x0
 .glue_7t       0x0000000000000000        0x0 linker stubs

.vfp11_veneer   0x000000000020d4b4        0x0
 .vfp11_veneer  0x0000000000000000        0x0 linker stubs

.v4_bx          0x000000000020d4b4        0x0
 .v4_bx         0x0000000000000000        0x0 linker stubs

.iplt           0x000000000020d4b4        0x0
 .iplt          0x0000000000000000        0x0 obj_mist-openmote/startup-gcc.o

.socdata
 *(.udma_channel_control_table)

.data           0x0000000020000000      0x148 load address 0x000000000020d4b4
                0x0000000020000000                _data = .
 *(.data*)
 .data          0x0000000020000000        0x0 obj_mist-openmote/startup-gcc.o
 .data          0x0000000020000000       0x10 hello-world.co
                0x0000000020000000                hello_world_process
 .data          0x0000000020000010        0x0 contiki-mist-openmote.a(contiki-mist-op)
 .data          0x0000000020000010        0x0 contiki-mist-openmote.a(leds.o)
 .data          0x0000000020000010        0x0 contiki-mist-openmote.a(leds-arch.o)
 .data          0x0000000020000010       0x10 contiki-mist-openmote.a(sensors.o)
                0x0000000020000010                sensors_process
 .data          0x0000000020000020        0x8 contiki-mist-openmote.a(smartrf-sensors)
                0x0000000020000020                sensors
 .data          0x0000000020000028        0x0 contiki-mist-openmote.a(button-sensor.o)
 .data          0x0000000020000028        0x1 contiki-mist-openmote.a(clock.o)
 .data          0x0000000020000029        0x0 contiki-mist-openmote.a(rtimer-arch.o)
 .data          0x0000000020000029        0x0 contiki-mist-openmote.a(uart.o)
 .data          0x0000000020000029        0x0 contiki-mist-openmote.a(watchdog.o)
 .data          0x0000000020000029        0x0 contiki-mist-openmote.a(nvic.o)
 .data          0x0000000020000029        0x0 contiki-mist-openmote.a(cpu.o)
 .data          0x0000000020000029        0x0 contiki-mist-openmote.a(sys-ctrl.o)
 .data          0x0000000020000029        0x0 contiki-mist-openmote.a(gpio.o)
 .data          0x0000000020000029        0x0 contiki-mist-openmote.a(ioc.o)
 *fill*         0x0000000020000029        0x3 
 .data          0x000000002000002c       0x10 contiki-mist-openmote.a(cc2538-rf.o)
                0x000000002000002c                cc2538_rf_process
 .data          0x000000002000003c        0x0 contiki-mist-openmote.a(udma.o)
 .data          0x000000002000003c        0x0 contiki-mist-openmote.a(lpm.o)
 .data          0x000000002000003c        0x0 contiki-mist-openmote.a(dbg.o)
 .data          0x000000002000003c        0x0 contiki-mist-openmote.a(ieee-addr.o)
 .data          0x000000002000003c        0x8 contiki-mist-openmote.a(dbg-printf.o)
 .data          0x0000000020000044        0x0 contiki-mist-openmote.a(strformat.o)
 .data          0x0000000020000044        0x0 contiki-mist-openmote.a(rimeaddr.o)
 .data          0x0000000020000044       0x24 contiki-mist-openmote.a(csma.o)
 .data          0x0000000020000068        0x0 contiki-mist-openmote.a(contikimac.o)
 .data          0x0000000020000068        0x0 contiki-mist-openmote.a(process.o)
 .data          0x0000000020000068        0x0 contiki-mist-openmote.a(autostart.o)
 .data          0x0000000020000068       0x10 contiki-mist-openmote.a(serial-line.o)
                0x0000000020000068                serial_line_process
 .data          0x0000000020000078        0x0 contiki-mist-openmote.a(memb.o)
 .data          0x0000000020000078        0x0 contiki-mist-openmote.a(timer.o)
 .data          0x0000000020000078        0x0 contiki-mist-openmote.a(list.o)
 .data          0x0000000020000078       0x10 contiki-mist-openmote.a(etimer.o)
                0x0000000020000078                etimer_process
 .data          0x0000000020000088       0x10 contiki-mist-openmote.a(ctimer.o)
                0x0000000020000088                ctimer_process
 .data          0x0000000020000098        0x0 contiki-mist-openmote.a(energest.o)
 .data          0x0000000020000098        0x0 contiki-mist-openmote.a(rtimer.o)
 .data          0x0000000020000098        0x0 contiki-mist-openmote.a(random.o)
 .data          0x0000000020000098        0x0 contiki-mist-openmote.a(ringbuf.o)
 .data          0x0000000020000098        0x0 contiki-mist-openmote.a(netstack.o)
 .data          0x0000000020000098        0x0 contiki-mist-openmote.a(packetbuf.o)
 .data          0x0000000020000098       0x24 contiki-mist-openmote.a(queuebuf.o)
 .data          0x00000000200000bc        0x0 contiki-mist-openmote.a(sicslowpan.o)
 .data          0x00000000200000bc       0x10 contiki-mist-openmote.a(tcpip.o)
                0x00000000200000bc                tcpip_process
 .data          0x00000000200000cc       0x28 contiki-mist-openmote.a(uip-ds6-route.o)
 .data          0x00000000200000f4       0x14 contiki-mist-openmote.a(uip-ds6-nbr.o)
                0x00000000200000f4                ds6_neighbors
 .data          0x0000000020000108        0x0 contiki-mist-openmote.a(uip-ds6.o)
 .data          0x0000000020000108        0x0 contiki-mist-openmote.a(uip-nd6.o)
 .data          0x0000000020000108        0x0 contiki-mist-openmote.a(uip6.o)
 .data          0x0000000020000108        0x1 contiki-mist-openmote.a(netstack-aes.o)
 .data          0x0000000020000109        0x0 contiki-mist-openmote.a(mac.o)
 .data          0x0000000020000109        0x0 contiki-mist-openmote.a(framer-802154.o)
 .data          0x0000000020000109        0x0 contiki-mist-openmote.a(rpl.o)
 *fill*         0x0000000020000109        0x3 
 .data          0x000000002000010c       0x10 contiki-mist-openmote.a(rpl-dag.o)
 .data          0x000000002000011c        0x1 contiki-mist-openmote.a(rpl-icmp6.o)
 .data          0x000000002000011d        0x0 contiki-mist-openmote.a(rpl-timers.o)
 *fill*         0x000000002000011d        0x3 
 .data          0x0000000020000120       0x1c contiki-mist-openmote.a(rpl-mrhof.o)
                0x0000000020000120                rpl_mrhof
 .data          0x000000002000013c        0x0 contiki-mist-openmote.a(rpl-ext-header.)
 .data          0x000000002000013c        0x0 contiki-mist-openmote.a(stimer.o)
 .data          0x000000002000013c        0xc contiki-mist-openmote.a(nbr-table.o)
 .data          0x0000000020000148        0x0 contiki-mist-openmote.a(uip-icmp6.o)
 .data          0x0000000020000148        0x0 contiki-mist-openmote.a(aes-ccm.o)
 .data          0x0000000020000148        0x0 contiki-mist-openmote.a(frame802154.o)
 .data          0x0000000020000148        0x0 contiki-mist-openmote.a(aes.o)
 .data          0x0000000020000148        0x0 /usr/bin/../lib/gcc/arm-none-eabi/4.8.4/armv7-m/libgcc.a(_aeabi_uldivmod.o)
 .data          0x0000000020000148        0x0 /usr/bin/../lib/gcc/arm-none-eabi/4.8.4/armv7-m/libgcc.a(bpabi.o)
 .data          0x0000000020000148        0x0 /usr/bin/../lib/gcc/arm-none-eabi/4.8.4/armv7-m/libgcc.a(_dvmd_tls.o)
 .data          0x0000000020000148        0x0 /usr/bin/../lib/gcc/arm-none-eabi/4.8.4/armv7-m/libgcc.a(_divdi3.o)
 .data          0x0000000020000148        0x0 /usr/bin/../lib/gcc/arm-none-eabi/4.8.4/armv7-m/libgcc.a(_udivdi3.o)
 .data          0x0000000020000148        0x0 /usr/bin/../lib/gcc/arm-none-eabi/4.8.4/../../../../arm-none-eabi/lib/armv7-m/libc.a(lib_a-memcmp.o)
 .data          0x0000000020000148        0x0 /usr/bin/../lib/gcc/arm-none-eabi/4.8.4/../../../../arm-none-eabi/lib/armv7-m/libc.a(lib_a-memcpy.o)
 .data          0x0000000020000148        0x0 /usr/bin/../lib/gcc/arm-none-eabi/4.8.4/../../../../arm-none-eabi/lib/armv7-m/libc.a(lib_a-memmove.o)
 .data          0x0000000020000148        0x0 /usr/bin/../lib/gcc/arm-none-eabi/4.8.4/../../../../arm-none-eabi/lib/armv7-m/libc.a(lib_a-memset.o)
 .data          0x0000000020000148        0x0 /usr/bin/../lib/gcc/arm-none-eabi/4.8.4/../../../../arm-none-eabi/lib/armv7-m/libc.a(lib_a-strlen.o)
 .data          0x0000000020000148        0x0 /usr/bin/../lib/gcc/arm-none-eabi/4.8.4/../../../../arm-none-eabi/lib/armv7-m/libc.a(lib_a-strncmp.o)
                0x0000000020000148                _edata = .

.igot.plt       0x0000000020000148        0x0 load address 0x000000000020d5fc
 .igot.plt      0x0000000000000000        0x0 obj_mist-openmote/startup-gcc.o

.ARM.exidx      0x000000000020d5fc        0x8
 *(.ARM.exidx*)
 .ARM.exidx     0x000000000020d5fc        0x8 /usr/bin/../lib/gcc/arm-none-eabi/4.8.4/armv7-m/libgcc.a(_divdi3.o)
 .ARM.exidx     0x000000000020d604        0x0 /usr/bin/../lib/gcc/arm-none-eabi/4.8.4/armv7-m/libgcc.a(_udivdi3.o)
                                          0x8 (size before relaxing)

.bss            0x0000000020000400     0x37cc
                0x0000000020000400                _bss = .
 *(.bss*)
 .bss           0x0000000020000400      0x800 obj_mist-openmote/startup-gcc.o
 .bss           0x0000000020000c00        0x0 hello-world.co
 .bss           0x0000000020000c00        0x0 contiki-mist-openmote.a(contiki-mist-op)
 .bss           0x0000000020000c00        0x2 contiki-mist-openmote.a(leds.o)
 .bss           0x0000000020000c02        0x0 contiki-mist-openmote.a(leds-arch.o)
 *fill*         0x0000000020000c02        0x2 
 .bss           0x0000000020000c04        0xc contiki-mist-openmote.a(sensors.o)
 .bss           0x0000000020000c10        0x0 contiki-mist-openmote.a(smartrf-sensors)
 .bss           0x0000000020000c10        0x8 contiki-mist-openmote.a(button-sensor.o)
 .bss           0x0000000020000c18        0x8 contiki-mist-openmote.a(clock.o)
 .bss           0x0000000020000c20        0x4 contiki-mist-openmote.a(rtimer-arch.o)
 .bss           0x0000000020000c24        0x8 contiki-mist-openmote.a(uart.o)
 .bss           0x0000000020000c2c        0x0 contiki-mist-openmote.a(watchdog.o)
 .bss           0x0000000020000c2c       0x10 contiki-mist-openmote.a(nvic.o)
 .bss           0x0000000020000c3c        0x0 contiki-mist-openmote.a(cpu.o)
 .bss           0x0000000020000c3c        0x0 contiki-mist-openmote.a(sys-ctrl.o)
 .bss           0x0000000020000c3c       0x80 contiki-mist-openmote.a(gpio.o)
 .bss           0x0000000020000cbc        0x8 contiki-mist-openmote.a(ioc.o)
 .bss           0x0000000020000cc4        0x1 contiki-mist-openmote.a(cc2538-rf.o)
 *fill*         0x0000000020000cc5      0x33b 
 .bss           0x0000000020001000      0x400 contiki-mist-openmote.a(udma.o)
 .bss           0x0000000020001400       0x10 contiki-mist-openmote.a(lpm.o)
 .bss           0x0000000020001410        0x0 contiki-mist-openmote.a(dbg.o)
 .bss           0x0000000020001410        0x0 contiki-mist-openmote.a(ieee-addr.o)
 .bss           0x0000000020001410        0x0 contiki-mist-openmote.a(dbg-printf.o)
 .bss           0x0000000020001410        0x0 contiki-mist-openmote.a(strformat.o)
 .bss           0x0000000020001410        0x0 contiki-mist-openmote.a(rimeaddr.o)
 .bss           0x0000000020001410      0x144 contiki-mist-openmote.a(csma.o)
 .bss           0x0000000020001554       0x84 contiki-mist-openmote.a(contikimac.o)
 .bss           0x00000000200015d8      0x1a0 contiki-mist-openmote.a(process.o)
                0x00000000200015d8                process_current
                0x00000000200015dc                process_list
 .bss           0x0000000020001778        0x0 contiki-mist-openmote.a(autostart.o)
 .bss           0x0000000020001778      0x110 contiki-mist-openmote.a(serial-line.o)
 .bss           0x0000000020001888        0x0 contiki-mist-openmote.a(memb.o)
 .bss           0x0000000020001888        0x0 contiki-mist-openmote.a(timer.o)
 .bss           0x0000000020001888        0x0 contiki-mist-openmote.a(list.o)
 .bss           0x0000000020001888        0x8 contiki-mist-openmote.a(etimer.o)
 .bss           0x0000000020001890        0x8 contiki-mist-openmote.a(ctimer.o)
 .bss           0x0000000020001898        0x0 contiki-mist-openmote.a(energest.o)
 .bss           0x0000000020001898        0x4 contiki-mist-openmote.a(rtimer.o)
 .bss           0x000000002000189c        0x0 contiki-mist-openmote.a(random.o)
 .bss           0x000000002000189c        0x0 contiki-mist-openmote.a(ringbuf.o)
 .bss           0x000000002000189c        0x0 contiki-mist-openmote.a(netstack.o)
 .bss           0x000000002000189c       0xc0 contiki-mist-openmote.a(packetbuf.o)
 .bss           0x000000002000195c      0x67c contiki-mist-openmote.a(queuebuf.o)
 .bss           0x0000000020001fd8      0x550 contiki-mist-openmote.a(sicslowpan.o)
 .bss           0x0000000020002528       0x60 contiki-mist-openmote.a(tcpip.o)
 .bss           0x0000000020002588      0x424 contiki-mist-openmote.a(uip-ds6-route.o)
 .bss           0x00000000200029ac      0x2d0 contiki-mist-openmote.a(uip-ds6-nbr.o)
 .bss           0x0000000020002c7c       0x20 contiki-mist-openmote.a(uip-ds6.o)
 .bss           0x0000000020002c9c       0x14 contiki-mist-openmote.a(uip-nd6.o)
 .bss           0x0000000020002cb0       0x14 contiki-mist-openmote.a(uip6.o)
                0x0000000020002cb0                uip_ext_len
                0x0000000020002cb1                uip_ext_opt_offset
                0x0000000020002cbc                uip_ext_bitmap
 .bss           0x0000000020002cc4       0x98 contiki-mist-openmote.a(netstack-aes.o)
 .bss           0x0000000020002d5c        0x0 contiki-mist-openmote.a(mac.o)
 .bss           0x0000000020002d5c        0x2 contiki-mist-openmote.a(framer-802154.o)
 .bss           0x0000000020002d5e        0x1 contiki-mist-openmote.a(rpl.o)
 *fill*         0x0000000020002d5f        0x1 
 .bss           0x0000000020002d60      0x140 contiki-mist-openmote.a(rpl-dag.o)
 .bss           0x0000000020002ea0        0x0 contiki-mist-openmote.a(rpl-icmp6.o)
 .bss           0x0000000020002ea0       0x28 contiki-mist-openmote.a(rpl-timers.o)
 .bss           0x0000000020002ec8        0x0 contiki-mist-openmote.a(rpl-mrhof.o)
 .bss           0x0000000020002ec8        0x0 contiki-mist-openmote.a(rpl-ext-header.)
 .bss           0x0000000020002ec8        0x0 contiki-mist-openmote.a(stimer.o)
 .bss           0x0000000020002ec8      0x104 contiki-mist-openmote.a(nbr-table.o)
 .bss           0x0000000020002fcc       0x14 contiki-mist-openmote.a(uip-icmp6.o)
 .bss           0x0000000020002fe0       0x10 contiki-mist-openmote.a(aes-ccm.o)
 .bss           0x0000000020002ff0        0x0 contiki-mist-openmote.a(frame802154.o)
 .bss           0x0000000020002ff0       0xb0 contiki-mist-openmote.a(aes.o)
 .bss           0x00000000200030a0        0x0 /usr/bin/../lib/gcc/arm-none-eabi/4.8.4/armv7-m/libgcc.a(_aeabi_uldivmod.o)
 .bss           0x00000000200030a0        0x0 /usr/bin/../lib/gcc/arm-none-eabi/4.8.4/armv7-m/libgcc.a(bpabi.o)
 .bss           0x00000000200030a0        0x0 /usr/bin/../lib/gcc/arm-none-eabi/4.8.4/armv7-m/libgcc.a(_dvmd_tls.o)
 .bss           0x00000000200030a0        0x0 /usr/bin/../lib/gcc/arm-none-eabi/4.8.4/armv7-m/libgcc.a(_divdi3.o)
 .bss           0x00000000200030a0        0x0 /usr/bin/../lib/gcc/arm-none-eabi/4.8.4/armv7-m/libgcc.a(_udivdi3.o)
 .bss           0x00000000200030a0        0x0 /usr/bin/../lib/gcc/arm-none-eabi/4.8.4/../../../../arm-none-eabi/lib/armv7-m/libc.a(lib_a-memcmp.o)
 .bss           0x00000000200030a0        0x0 /usr/bin/../lib/gcc/arm-none-eabi/4.8.4/../../../../arm-none-eabi/lib/armv7-m/libc.a(lib_a-memcpy.o)
 .bss           0x00000000200030a0        0x0 /usr/bin/../lib/gcc/arm-none-eabi/4.8.4/../../../../arm-none-eabi/lib/armv7-m/libc.a(lib_a-memmove.o)
 .bss           0x00000000200030a0        0x0 /usr/bin/../lib/gcc/arm-none-eabi/4.8.4/../../../../arm-none-eabi/lib/armv7-m/libc.a(lib_a-memset.o)
 .bss           0x00000000200030a0        0x0 /usr/bin/../lib/gcc/arm-none-eabi/4.8.4/../../../../arm-none-eabi/lib/armv7-m/libc.a(lib_a-strlen.o)
 .bss           0x00000000200030a0        0x0 /usr/bin/../lib/gcc/arm-none-eabi/4.8.4/../../../../arm-none-eabi/lib/armv7-m/libc.a(lib_a-strncmp.o)
 *(COMMON)
 COMMON         0x00000000200030a0        0x1 contiki-mist-openmote.a(sensors.o)
                0x00000000200030a0                sensors_event
 *fill*         0x00000000200030a1        0x3 
 COMMON         0x00000000200030a4        0x2 contiki-mist-openmote.a(smartrf-sensors)
                0x00000000200030a4                sensors_flags
 *fill*         0x00000000200030a6        0x2 
 COMMON         0x00000000200030a8        0x2 contiki-mist-openmote.a(rimeaddr.o)
                0x00000000200030a8                rimeaddr_node_addr
 COMMON         0x00000000200030aa        0x1 contiki-mist-openmote.a(serial-line.o)
                0x00000000200030aa                serial_line_event_message
 *fill*         0x00000000200030ab        0x1 
 COMMON         0x00000000200030ac       0x38 contiki-mist-openmote.a(packetbuf.o)
                0x00000000200030ac                packetbuf_addrs
                0x00000000200030b4                packetbuf_attrs
 COMMON         0x00000000200030e4        0x2 contiki-mist-openmote.a(sicslowpan.o)
                0x00000000200030e4                frag_sender
 COMMON         0x00000000200030e6        0x2 contiki-mist-openmote.a(tcpip.o)
                0x00000000200030e6                tcpip_event
                0x00000000200030e7                tcpip_icmp6_event
 COMMON         0x00000000200030e8      0x174 contiki-mist-openmote.a(uip-ds6.o)
                0x00000000200030e8                uip_ds6_timer_ra
                0x00000000200030f0                uip_ds6_if
                0x00000000200031e8                uip_ds6_netif_addr_list_offset
                0x00000000200031e9                uip_ds6_addr_size
                0x00000000200031ec                uip_ds6_prefix_list
                0x000000002000324c                uip_ds6_timer_periodic
 COMMON         0x000000002000325c      0x878 contiki-mist-openmote.a(uip6.o)
                0x000000002000325c                uip_len
                0x0000000020003260                uip_sappdata
                0x0000000020003264                uip_acc32
                0x0000000020003268                uip_lladdr
                0x0000000020003270                uip_aligned_buf
                0x0000000020003784                uip_flags
                0x0000000020003788                uip_next_hdr
                0x000000002000378c                uip_udp_conn
                0x0000000020003790                uip_appdata
                0x0000000020003794                uip_conn
                0x0000000020003798                uip_conns
                0x0000000020003978                uip_icmp6_conns
                0x0000000020003980                uip_listenports
                0x0000000020003990                uip_slen
                0x0000000020003994                uip_udp_conns
 COMMON         0x0000000020003ad4       0xf8 contiki-mist-openmote.a(rpl-dag.o)
                0x0000000020003ad4                default_instance
                0x0000000020003ad8                instance_table
                0x0000000020003bcc                _ebss = .

.flashcca       0x000000000027ffd4       0x2c
 *(.flashcca)
 .flashcca      0x000000000027ffd4       0x2c obj_mist-openmote/startup-gcc.o
                0x000000000027ffd4                __cca
OUTPUT(hello-world.mist-openmote elf32-littlearm)

.ARM.extab      0x0000000000280000        0x0
 .ARM.extab     0x0000000000280000        0x0 /usr/bin/../lib/gcc/arm-none-eabi/4.8.4/armv7-m/libgcc.a(_divdi3.o)
 .ARM.extab     0x0000000000280000        0x0 /usr/bin/../lib/gcc/arm-none-eabi/4.8.4/armv7-m/libgcc.a(_udivdi3.o)

.rel.dyn        0x0000000000280000        0x0
 .rel.iplt      0x0000000000000000        0x0 obj_mist-openmote/startup-gcc.o

.comment        0x0000000000000000       0x70
 .comment       0x0000000000000000       0x70 obj_mist-openmote/startup-gcc.o
                                         0x71 (size before relaxing)
 .comment       0x0000000000000000       0x71 hello-world.co
 .comment       0x0000000000000000       0x71 contiki-mist-openmote.a(contiki-mist-op)
 .comment       0x0000000000000000       0x71 contiki-mist-openmote.a(leds.o)
 .comment       0x0000000000000000       0x71 contiki-mist-openmote.a(leds-arch.o)
 .comment       0x0000000000000000       0x71 contiki-mist-openmote.a(sensors.o)
 .comment       0x0000000000000000       0x71 contiki-mist-openmote.a(smartrf-sensors)
 .comment       0x0000000000000000       0x71 contiki-mist-openmote.a(button-sensor.o)
 .comment       0x0000000000000000       0x71 contiki-mist-openmote.a(clock.o)
 .comment       0x0000000000000000       0x71 contiki-mist-openmote.a(rtimer-arch.o)
 .comment       0x0000000000000000       0x71 contiki-mist-openmote.a(uart.o)
 .comment       0x0000000000000000       0x71 contiki-mist-openmote.a(watchdog.o)
 .comment       0x0000000000000000       0x71 contiki-mist-openmote.a(nvic.o)
 .comment       0x0000000000000000       0x71 contiki-mist-openmote.a(cpu.o)
 .comment       0x0000000000000000       0x71 contiki-mist-openmote.a(sys-ctrl.o)
 .comment       0x0000000000000000       0x71 contiki-mist-openmote.a(gpio.o)
 .comment       0x0000000000000000       0x71 contiki-mist-openmote.a(ioc.o)
 .comment       0x0000000000000000       0x71 contiki-mist-openmote.a(cc2538-rf.o)
 .comment       0x0000000000000000       0x71 contiki-mist-openmote.a(udma.o)
 .comment       0x0000000000000000       0x71 contiki-mist-openmote.a(lpm.o)
 .comment       0x0000000000000000       0x71 contiki-mist-openmote.a(dbg.o)
 .comment       0x0000000000000000       0x71 contiki-mist-openmote.a(ieee-addr.o)
 .comment       0x0000000000000000       0x71 contiki-mist-openmote.a(dbg-printf.o)
 .comment       0x0000000000000000       0x71 contiki-mist-openmote.a(strformat.o)
 .comment       0x0000000000000000       0x71 contiki-mist-openmote.a(rimeaddr.o)
 .comment       0x0000000000000000       0x71 contiki-mist-openmote.a(csma.o)
 .comment       0x0000000000000000       0x71 contiki-mist-openmote.a(contikimac.o)
 .comment       0x0000000000000000       0x71 contiki-mist-openmote.a(process.o)
 .comment       0x0000000000000000       0x71 contiki-mist-openmote.a(autostart.o)
 .comment       0x0000000000000000       0x71 contiki-mist-openmote.a(serial-line.o)
 .comment       0x0000000000000000       0x71 contiki-mist-openmote.a(memb.o)
 .comment       0x0000000000000000       0x71 contiki-mist-openmote.a(timer.o)
 .comment       0x0000000000000000       0x71 contiki-mist-openmote.a(list.o)
 .comment       0x0000000000000000       0x71 contiki-mist-openmote.a(etimer.o)
 .comment       0x0000000000000000       0x71 contiki-mist-openmote.a(ctimer.o)
 .comment       0x0000000000000000       0x71 contiki-mist-openmote.a(energest.o)
 .comment       0x0000000000000000       0x71 contiki-mist-openmote.a(rtimer.o)
 .comment       0x0000000000000000       0x71 contiki-mist-openmote.a(random.o)
 .comment       0x0000000000000000       0x71 contiki-mist-openmote.a(ringbuf.o)
 .comment       0x0000000000000000       0x71 contiki-mist-openmote.a(netstack.o)
 .comment       0x0000000000000000       0x71 contiki-mist-openmote.a(packetbuf.o)
 .comment       0x0000000000000000       0x71 contiki-mist-openmote.a(queuebuf.o)
 .comment       0x0000000000000000       0x71 contiki-mist-openmote.a(sicslowpan.o)
 .comment       0x0000000000000000       0x71 contiki-mist-openmote.a(tcpip.o)
 .comment       0x0000000000000000       0x71 contiki-mist-openmote.a(uip-ds6-route.o)
 .comment       0x0000000000000000       0x71 contiki-mist-openmote.a(uip-ds6-nbr.o)
 .comment       0x0000000000000000       0x71 contiki-mist-openmote.a(uip-ds6.o)
 .comment       0x0000000000000000       0x71 contiki-mist-openmote.a(uip-nd6.o)
 .comment       0x0000000000000000       0x71 contiki-mist-openmote.a(uip6.o)
 .comment       0x0000000000000000       0x71 contiki-mist-openmote.a(netstack-aes.o)
 .comment       0x0000000000000000       0x71 contiki-mist-openmote.a(mac.o)
 .comment       0x0000000000000000       0x71 contiki-mist-openmote.a(framer-802154.o)
 .comment       0x0000000000000000       0x71 contiki-mist-openmote.a(rpl.o)
 .comment       0x0000000000000000       0x71 contiki-mist-openmote.a(rpl-dag.o)
 .comment       0x0000000000000000       0x71 contiki-mist-openmote.a(rpl-icmp6.o)
 .comment       0x0000000000000000       0x71 contiki-mist-openmote.a(rpl-timers.o)
 .comment       0x0000000000000000       0x71 contiki-mist-openmote.a(rpl-mrhof.o)
 .comment       0x0000000000000000       0x71 contiki-mist-openmote.a(rpl-ext-header.)
 .comment       0x0000000000000000       0x71 contiki-mist-openmote.a(stimer.o)
 .comment       0x0000000000000000       0x71 contiki-mist-openmote.a(nbr-table.o)
 .comment       0x0000000000000000       0x71 contiki-mist-openmote.a(uip-icmp6.o)
 .comment       0x0000000000000000       0x71 contiki-mist-openmote.a(aes-ccm.o)
 .comment       0x0000000000000000       0x71 contiki-mist-openmote.a(frame802154.o)
 .comment       0x0000000000000000       0x71 contiki-mist-openmote.a(aes.o)

.ARM.attributes
                0x0000000000000000       0x31
 .ARM.attributes
                0x0000000000000000       0x33 obj_mist-openmote/startup-gcc.o
 .ARM.attributes
                0x0000000000000033       0x33 hello-world.co
 .ARM.attributes
                0x0000000000000066       0x33 contiki-mist-openmote.a(contiki-mist-op)
 .ARM.attributes
                0x0000000000000099       0x33 contiki-mist-openmote.a(leds.o)
 .ARM.attributes
                0x00000000000000cc       0x33 contiki-mist-openmote.a(leds-arch.o)
 .ARM.attributes
                0x00000000000000ff       0x33 contiki-mist-openmote.a(sensors.o)
 .ARM.attributes
                0x0000000000000132       0x33 contiki-mist-openmote.a(smartrf-sensors)
 .ARM.attributes
                0x0000000000000165       0x33 contiki-mist-openmote.a(button-sensor.o)
 .ARM.attributes
                0x0000000000000198       0x33 contiki-mist-openmote.a(clock.o)
 .ARM.attributes
                0x00000000000001cb       0x33 contiki-mist-openmote.a(rtimer-arch.o)
 .ARM.attributes
                0x00000000000001fe       0x33 contiki-mist-openmote.a(uart.o)
 .ARM.attributes
                0x0000000000000231       0x33 contiki-mist-openmote.a(watchdog.o)
 .ARM.attributes
                0x0000000000000264       0x33 contiki-mist-openmote.a(nvic.o)
 .ARM.attributes
                0x0000000000000297       0x33 contiki-mist-openmote.a(cpu.o)
 .ARM.attributes
                0x00000000000002ca       0x33 contiki-mist-openmote.a(sys-ctrl.o)
 .ARM.attributes
                0x00000000000002fd       0x33 contiki-mist-openmote.a(gpio.o)
 .ARM.attributes
                0x0000000000000330       0x33 contiki-mist-openmote.a(ioc.o)
 .ARM.attributes
                0x0000000000000363       0x33 contiki-mist-openmote.a(cc2538-rf.o)
 .ARM.attributes
                0x0000000000000396       0x33 contiki-mist-openmote.a(udma.o)
 .ARM.attributes
                0x00000000000003c9       0x33 contiki-mist-openmote.a(lpm.o)
 .ARM.attributes
                0x00000000000003fc       0x33 contiki-mist-openmote.a(dbg.o)
 .ARM.attributes
                0x000000000000042f       0x33 contiki-mist-openmote.a(ieee-addr.o)
 .ARM.attributes
                0x0000000000000462       0x33 contiki-mist-openmote.a(dbg-printf.o)
 .ARM.attributes
                0x0000000000000495       0x33 contiki-mist-openmote.a(strformat.o)
 .ARM.attributes
                0x00000000000004c8       0x33 contiki-mist-openmote.a(rimeaddr.o)
 .ARM.attributes
                0x00000000000004fb       0x33 contiki-mist-openmote.a(csma.o)
 .ARM.attributes
                0x000000000000052e       0x33 contiki-mist-openmote.a(contikimac.o)
 .ARM.attributes
                0x0000000000000561       0x33 contiki-mist-openmote.a(process.o)
 .ARM.attributes
                0x0000000000000594       0x33 contiki-mist-openmote.a(autostart.o)
 .ARM.attributes
                0x00000000000005c7       0x33 contiki-mist-openmote.a(serial-line.o)
 .ARM.attributes
                0x00000000000005fa       0x33 contiki-mist-openmote.a(memb.o)
 .ARM.attributes
                0x000000000000062d       0x33 contiki-mist-openmote.a(timer.o)
 .ARM.attributes
                0x0000000000000660       0x33 contiki-mist-openmote.a(list.o)
 .ARM.attributes
                0x0000000000000693       0x33 contiki-mist-openmote.a(etimer.o)
 .ARM.attributes
                0x00000000000006c6       0x33 contiki-mist-openmote.a(ctimer.o)
 .ARM.attributes
                0x00000000000006f9       0x33 contiki-mist-openmote.a(energest.o)
 .ARM.attributes
                0x000000000000072c       0x33 contiki-mist-openmote.a(rtimer.o)
 .ARM.attributes
                0x000000000000075f       0x33 contiki-mist-openmote.a(random.o)
 .ARM.attributes
                0x0000000000000792       0x33 contiki-mist-openmote.a(ringbuf.o)
 .ARM.attributes
                0x00000000000007c5       0x33 contiki-mist-openmote.a(netstack.o)
 .ARM.attributes
                0x00000000000007f8       0x33 contiki-mist-openmote.a(packetbuf.o)
 .ARM.attributes
                0x000000000000082b       0x33 contiki-mist-openmote.a(queuebuf.o)
 .ARM.attributes
                0x000000000000085e       0x33 contiki-mist-openmote.a(sicslowpan.o)
 .ARM.attributes
                0x0000000000000891       0x33 contiki-mist-openmote.a(tcpip.o)
 .ARM.attributes
                0x00000000000008c4       0x33 contiki-mist-openmote.a(uip-ds6-route.o)
 .ARM.attributes
                0x00000000000008f7       0x33 contiki-mist-openmote.a(uip-ds6-nbr.o)
 .ARM.attributes
                0x000000000000092a       0x33 contiki-mist-openmote.a(uip-ds6.o)
 .ARM.attributes
                0x000000000000095d       0x33 contiki-mist-openmote.a(uip-nd6.o)
 .ARM.attributes
                0x0000000000000990       0x33 contiki-mist-openmote.a(uip6.o)
 .ARM.attributes
                0x00000000000009c3       0x33 contiki-mist-openmote.a(netstack-aes.o)
 .ARM.attributes
                0x00000000000009f6       0x33 contiki-mist-openmote.a(mac.o)
 .ARM.attributes
                0x0000000000000a29       0x33 contiki-mist-openmote.a(framer-802154.o)
 .ARM.attributes
                0x0000000000000a5c       0x33 contiki-mist-openmote.a(rpl.o)
 .ARM.attributes
                0x0000000000000a8f       0x33 contiki-mist-openmote.a(rpl-dag.o)
 .ARM.attributes
                0x0000000000000ac2       0x33 contiki-mist-openmote.a(rpl-icmp6.o)
 .ARM.attributes
                0x0000000000000af5       0x33 contiki-mist-openmote.a(rpl-timers.o)
 .ARM.attributes
                0x0000000000000b28       0x33 contiki-mist-openmote.a(rpl-mrhof.o)
 .ARM.attributes
                0x0000000000000b5b       0x33 contiki-mist-openmote.a(rpl-ext-header.)
 .ARM.attributes
                0x0000000000000b8e       0x33 contiki-mist-openmote.a(stimer.o)
 .ARM.attributes
                0x0000000000000bc1       0x33 contiki-mist-openmote.a(nbr-table.o)
 .ARM.attributes
                0x0000000000000bf4       0x33 contiki-mist-openmote.a(uip-icmp6.o)
 .ARM.attributes
                0x0000000000000c27       0x33 contiki-mist-openmote.a(aes-ccm.o)
 .ARM.attributes
                0x0000000000000c5a       0x33 contiki-mist-openmote.a(frame802154.o)
 .ARM.attributes
                0x0000000000000c8d       0x33 contiki-mist-openmote.a(aes.o)
 .ARM.attributes
                0x0000000000000cc0       0x1d /usr/bin/../lib/gcc/arm-none-eabi/4.8.4/armv7-m/libgcc.a(_aeabi_uldivmod.o)
 .ARM.attributes
                0x0000000000000cdd       0x2d /usr/bin/../lib/gcc/arm-none-eabi/4.8.4/armv7-m/libgcc.a(bpabi.o)
 .ARM.attributes
                0x0000000000000d0a       0x1d /usr/bin/../lib/gcc/arm-none-eabi/4.8.4/armv7-m/libgcc.a(_dvmd_tls.o)
 .ARM.attributes
                0x0000000000000d27       0x2d /usr/bin/../lib/gcc/arm-none-eabi/4.8.4/armv7-m/libgcc.a(_divdi3.o)
 .ARM.attributes
                0x0000000000000d54       0x2d /usr/bin/../lib/gcc/arm-none-eabi/4.8.4/armv7-m/libgcc.a(_udivdi3.o)
 .ARM.attributes
                0x0000000000000d81       0x2d /usr/bin/../lib/gcc/arm-none-eabi/4.8.4/../../../../arm-none-eabi/lib/armv7-m/libc.a(lib_a-memcmp.o)
 .ARM.attributes
                0x0000000000000dae       0x1b /usr/bin/../lib/gcc/arm-none-eabi/4.8.4/../../../../arm-none-eabi/lib/armv7-m/libc.a(lib_a-memcpy.o)
 .ARM.attributes
                0x0000000000000dc9       0x2d /usr/bin/../lib/gcc/arm-none-eabi/4.8.4/../../../../arm-none-eabi/lib/armv7-m/libc.a(lib_a-memmove.o)
 .ARM.attributes
                0x0000000000000df6       0x2d /usr/bin/../lib/gcc/arm-none-eabi/4.8.4/../../../../arm-none-eabi/lib/armv7-m/libc.a(lib_a-memset.o)
 .ARM.attributes
                0x0000000000000e23       0x2d /usr/bin/../lib/gcc/arm-none-eabi/4.8.4/../../../../arm-none-eabi/lib/armv7-m/libc.a(lib_a-strlen.o)
 .ARM.attributes
                0x0000000000000e50       0x2d /usr/bin/../lib/gcc/arm-none-eabi/4.8.4/../../../../arm-none-eabi/lib/armv7-m/libc.a(lib_a-strncmp.o)

.debug_frame    0x0000000000000000      0x18c
 .debug_frame   0x0000000000000000       0x58 /usr/bin/../lib/gcc/arm-none-eabi/4.8.4/armv7-m/libgcc.a(bpabi.o)
 .debug_frame   0x0000000000000058       0x34 /usr/bin/../lib/gcc/arm-none-eabi/4.8.4/armv7-m/libgcc.a(_divdi3.o)
 .debug_frame   0x000000000000008c       0x34 /usr/bin/../lib/gcc/arm-none-eabi/4.8.4/armv7-m/libgcc.a(_udivdi3.o)
 .debug_frame   0x00000000000000c0       0x2c /usr/bin/../lib/gcc/arm-none-eabi/4.8.4/../../../../arm-none-eabi/lib/armv7-m/libc.a(lib_a-memcmp.o)
 .debug_frame   0x00000000000000ec       0x2c /usr/bin/../lib/gcc/arm-none-eabi/4.8.4/../../../../arm-none-eabi/lib/armv7-m/libc.a(lib_a-memmove.o)
 .debug_frame   0x0000000000000118       0x2c /usr/bin/../lib/gcc/arm-none-eabi/4.8.4/../../../../arm-none-eabi/lib/armv7-m/libc.a(lib_a-memset.o)
 .debug_frame   0x0000000000000144       0x20 /usr/bin/../lib/gcc/arm-none-eabi/4.8.4/../../../../arm-none-eabi/lib/armv7-m/libc.a(lib_a-strlen.o)
 .debug_frame   0x0000000000000164       0x28 /usr/bin/../lib/gcc/arm-none-eabi/4.8.4/../../../../arm-none-eabi/lib/armv7-m/libc.a(lib_a-strncmp.o)

Cross Reference Table

Symbol                                            File
__aeabi_idiv0                                     /usr/bin/../lib/gcc/arm-none-eabi/4.8.4/armv7-m/libgcc.a(_dvmd_tls.o)
__aeabi_ldiv0                                     /usr/bin/../lib/gcc/arm-none-eabi/4.8.4/armv7-m/libgcc.a(_dvmd_tls.o)
                                                  /usr/bin/../lib/gcc/arm-none-eabi/4.8.4/armv7-m/libgcc.a(_aeabi_uldivmod.o)
__aeabi_uldivmod                                  /usr/bin/../lib/gcc/arm-none-eabi/4.8.4/armv7-m/libgcc.a(_aeabi_uldivmod.o)
                                                  contiki-mist-openmote.a(strformat.o)
__cca                                             obj_mist-openmote/startup-gcc.o
__divdi3                                          /usr/bin/../lib/gcc/arm-none-eabi/4.8.4/armv7-m/libgcc.a(_divdi3.o)
                                                  /usr/bin/../lib/gcc/arm-none-eabi/4.8.4/armv7-m/libgcc.a(bpabi.o)
__gnu_ldivmod_helper                              /usr/bin/../lib/gcc/arm-none-eabi/4.8.4/armv7-m/libgcc.a(bpabi.o)
__gnu_uldivmod_helper                             /usr/bin/../lib/gcc/arm-none-eabi/4.8.4/armv7-m/libgcc.a(bpabi.o)
                                                  /usr/bin/../lib/gcc/arm-none-eabi/4.8.4/armv7-m/libgcc.a(_aeabi_uldivmod.o)
__udivdi3                                         /usr/bin/../lib/gcc/arm-none-eabi/4.8.4/armv7-m/libgcc.a(_udivdi3.o)
                                                  /usr/bin/../lib/gcc/arm-none-eabi/4.8.4/armv7-m/libgcc.a(bpabi.o)
_bss                                              obj_mist-openmote/startup-gcc.o
_data                                             obj_mist-openmote/startup-gcc.o
_ebss                                             obj_mist-openmote/startup-gcc.o
_edata                                            obj_mist-openmote/startup-gcc.o
_etext                                            obj_mist-openmote/startup-gcc.o
_text                                             obj_mist-openmote/startup-gcc.o
aes_ccm_decrypt                                   contiki-mist-openmote.a(aes-ccm.o)
                                                  contiki-mist-openmote.a(netstack-aes.o)
aes_ccm_encrypt                                   contiki-mist-openmote.a(aes-ccm.o)
                                                  contiki-mist-openmote.a(netstack-aes.o)
aes_ccm_verify                                    contiki-mist-openmote.a(aes-ccm.o)
                                                  contiki-mist-openmote.a(netstack-aes.o)
aes_decrypt                                       contiki-mist-openmote.a(aes.o)
aes_encrypt                                       contiki-mist-openmote.a(aes.o)
                                                  contiki-mist-openmote.a(aes-ccm.o)
autostart_exit                                    contiki-mist-openmote.a(autostart.o)
autostart_processes                               hello-world.co
                                                  contiki-mist-openmote.a(contiki-mist-op)
autostart_start                                   contiki-mist-openmote.a(autostart.o)
                                                  contiki-mist-openmote.a(contiki-mist-op)
button_sensor_init                                contiki-mist-openmote.a(button-sensor.o)
                                                  contiki-mist-openmote.a(contiki-mist-op)
button_user_sensor                                contiki-mist-openmote.a(button-sensor.o)
                                                  contiki-mist-openmote.a(smartrf-sensors)
cc2538_rf_channel_get                             contiki-mist-openmote.a(cc2538-rf.o)
cc2538_rf_channel_set                             contiki-mist-openmote.a(cc2538-rf.o)
cc2538_rf_driver                                  contiki-mist-openmote.a(cc2538-rf.o)
                                                  contiki-mist-openmote.a(netstack.o)
                                                  contiki-mist-openmote.a(contikimac.o)
cc2538_rf_err_isr                                 contiki-mist-openmote.a(cc2538-rf.o)
                                                  obj_mist-openmote/startup-gcc.o
cc2538_rf_power_set                               contiki-mist-openmote.a(cc2538-rf.o)
cc2538_rf_process                                 contiki-mist-openmote.a(cc2538-rf.o)
cc2538_rf_rx_tx_isr                               contiki-mist-openmote.a(cc2538-rf.o)
                                                  obj_mist-openmote/startup-gcc.o
cc2538_rf_set_addr                                contiki-mist-openmote.a(cc2538-rf.o)
                                                  contiki-mist-openmote.a(contiki-mist-op)
clock_adjust                                      contiki-mist-openmote.a(clock.o)
                                                  contiki-mist-openmote.a(lpm.o)
clock_delay                                       contiki-mist-openmote.a(clock.o)
                                                  contiki-mist-openmote.a(leds.o)
clock_delay_usec                                  contiki-mist-openmote.a(clock.o)
                                                  contiki-mist-openmote.a(cc2538-rf.o)
clock_init                                        contiki-mist-openmote.a(clock.o)
                                                  contiki-mist-openmote.a(contiki-mist-op)
clock_isr                                         contiki-mist-openmote.a(clock.o)
                                                  obj_mist-openmote/startup-gcc.o
clock_seconds                                     contiki-mist-openmote.a(clock.o)
                                                  contiki-mist-openmote.a(stimer.o)
clock_set_seconds                                 contiki-mist-openmote.a(clock.o)
clock_time                                        contiki-mist-openmote.a(clock.o)
                                                  contiki-mist-openmote.a(etimer.o)
                                                  contiki-mist-openmote.a(timer.o)
clock_wait                                        contiki-mist-openmote.a(clock.o)
contikimac_debug_print                            contiki-mist-openmote.a(contikimac.o)
contikimac_driver                                 contiki-mist-openmote.a(contikimac.o)
                                                  contiki-mist-openmote.a(netstack.o)
                                                  contiki-mist-openmote.a(csma.o)
                                                  contiki-mist-openmote.a(cc2538-rf.o)
                                                  contiki-mist-openmote.a(contiki-mist-op)
cpu_cpsid                                         contiki-mist-openmote.a(cpu.o)
                                                  contiki-mist-openmote.a(watchdog.o)
                                                  contiki-mist-openmote.a(rtimer-arch.o)
cpu_cpsie                                         contiki-mist-openmote.a(cpu.o)
                                                  contiki-mist-openmote.a(rtimer-arch.o)
                                                  contiki-mist-openmote.a(contiki-mist-op)
csma_driver                                       contiki-mist-openmote.a(csma.o)
                                                  contiki-mist-openmote.a(sicslowpan.o)
                                                  contiki-mist-openmote.a(netstack.o)
                                                  contiki-mist-openmote.a(contikimac.o)
                                                  contiki-mist-openmote.a(contiki-mist-op)
ctimer_expired                                    contiki-mist-openmote.a(ctimer.o)
ctimer_init                                       contiki-mist-openmote.a(ctimer.o)
                                                  contiki-mist-openmote.a(contiki-mist-op)
ctimer_process                                    contiki-mist-openmote.a(ctimer.o)
ctimer_reset                                      contiki-mist-openmote.a(ctimer.o)
                                                  contiki-mist-openmote.a(rpl-timers.o)
ctimer_restart                                    contiki-mist-openmote.a(ctimer.o)
ctimer_set                                        contiki-mist-openmote.a(ctimer.o)
                                                  contiki-mist-openmote.a(rpl-timers.o)
                                                  contiki-mist-openmote.a(contikimac.o)
                                                  contiki-mist-openmote.a(csma.o)
ctimer_stop                                       contiki-mist-openmote.a(ctimer.o)
                                                  contiki-mist-openmote.a(rpl-timers.o)
                                                  contiki-mist-openmote.a(rpl-dag.o)
                                                  contiki-mist-openmote.a(contikimac.o)
                                                  contiki-mist-openmote.a(csma.o)
dao_ack_output                                    contiki-mist-openmote.a(rpl-icmp6.o)
dao_output                                        contiki-mist-openmote.a(rpl-icmp6.o)
                                                  contiki-mist-openmote.a(rpl-timers.o)
                                                  contiki-mist-openmote.a(rpl-dag.o)
dao_output_target                                 contiki-mist-openmote.a(rpl-icmp6.o)
                                                  contiki-mist-openmote.a(rpl.o)
dbg_send_bytes                                    contiki-mist-openmote.a(dbg.o)
                                                  contiki-mist-openmote.a(dbg-printf.o)
default_handler                                   obj_mist-openmote/startup-gcc.o
default_instance                                  contiki-mist-openmote.a(rpl-ext-header.)
                                                  contiki-mist-openmote.a(rpl-dag.o)
                                                  contiki-mist-openmote.a(rpl.o)
dio_output                                        contiki-mist-openmote.a(rpl-icmp6.o)
                                                  contiki-mist-openmote.a(rpl-timers.o)
dis_output                                        contiki-mist-openmote.a(rpl-icmp6.o)
                                                  contiki-mist-openmote.a(rpl-timers.o)
ds6_neighbors                                     contiki-mist-openmote.a(uip-ds6-nbr.o)
energest_flush                                    contiki-mist-openmote.a(energest.o)
energest_init                                     contiki-mist-openmote.a(energest.o)
                                                  contiki-mist-openmote.a(contiki-mist-op)
energest_type_set                                 contiki-mist-openmote.a(energest.o)
energest_type_time                                contiki-mist-openmote.a(energest.o)
etimer_adjust                                     contiki-mist-openmote.a(etimer.o)
etimer_expiration_time                            contiki-mist-openmote.a(etimer.o)
                                                  contiki-mist-openmote.a(rpl-timers.o)
etimer_expired                                    contiki-mist-openmote.a(etimer.o)
                                                  contiki-mist-openmote.a(rpl-timers.o)
                                                  contiki-mist-openmote.a(tcpip.o)
                                                  contiki-mist-openmote.a(ctimer.o)
etimer_next_expiration_time                       contiki-mist-openmote.a(etimer.o)
etimer_pending                                    contiki-mist-openmote.a(etimer.o)
                                                  contiki-mist-openmote.a(clock.o)
etimer_process                                    contiki-mist-openmote.a(etimer.o)
                                                  contiki-mist-openmote.a(contiki-mist-op)
etimer_request_poll                               contiki-mist-openmote.a(etimer.o)
                                                  contiki-mist-openmote.a(clock.o)
etimer_reset                                      contiki-mist-openmote.a(etimer.o)
                                                  contiki-mist-openmote.a(uip-ds6.o)
                                                  contiki-mist-openmote.a(ctimer.o)
etimer_restart                                    contiki-mist-openmote.a(etimer.o)
                                                  contiki-mist-openmote.a(tcpip.o)
                                                  contiki-mist-openmote.a(ctimer.o)
etimer_set                                        contiki-mist-openmote.a(etimer.o)
                                                  contiki-mist-openmote.a(uip-ds6.o)
                                                  contiki-mist-openmote.a(tcpip.o)
                                                  contiki-mist-openmote.a(ctimer.o)
etimer_start_time                                 contiki-mist-openmote.a(etimer.o)
etimer_stop                                       contiki-mist-openmote.a(etimer.o)
                                                  contiki-mist-openmote.a(ctimer.o)
format_str                                        contiki-mist-openmote.a(strformat.o)
format_str_v                                      contiki-mist-openmote.a(strformat.o)
                                                  contiki-mist-openmote.a(dbg-printf.o)
frag_sender                                       contiki-mist-openmote.a(sicslowpan.o)
frame802154_create                                contiki-mist-openmote.a(frame802154.o)
                                                  contiki-mist-openmote.a(framer-802154.o)
frame802154_hdrlen                                contiki-mist-openmote.a(frame802154.o)
                                                  contiki-mist-openmote.a(framer-802154.o)
frame802154_parse                                 contiki-mist-openmote.a(frame802154.o)
                                                  contiki-mist-openmote.a(framer-802154.o)
framer_802154                                     contiki-mist-openmote.a(framer-802154.o)
                                                  contiki-mist-openmote.a(sicslowpan.o)
                                                  contiki-mist-openmote.a(contikimac.o)
get_match_length                                  contiki-mist-openmote.a(uip-ds6.o)
gpio_init                                         contiki-mist-openmote.a(gpio.o)
                                                  contiki-mist-openmote.a(contiki-mist-op)
gpio_port_a_isr                                   contiki-mist-openmote.a(gpio.o)
                                                  obj_mist-openmote/startup-gcc.o
gpio_port_b_isr                                   contiki-mist-openmote.a(gpio.o)
                                                  obj_mist-openmote/startup-gcc.o
gpio_port_c_isr                                   contiki-mist-openmote.a(gpio.o)
                                                  obj_mist-openmote/startup-gcc.o
gpio_port_d_isr                                   contiki-mist-openmote.a(gpio.o)
                                                  obj_mist-openmote/startup-gcc.o
gpio_register_callback                            contiki-mist-openmote.a(gpio.o)
                                                  contiki-mist-openmote.a(button-sensor.o)
hello_world_process                               hello-world.co
icmp6_new                                         contiki-mist-openmote.a(tcpip.o)
ieee_addr_cpy_to                                  contiki-mist-openmote.a(ieee-addr.o)
                                                  contiki-mist-openmote.a(contiki-mist-op)
instance_table                                    contiki-mist-openmote.a(rpl-icmp6.o)
                                                  contiki-mist-openmote.a(rpl-dag.o)
                                                  contiki-mist-openmote.a(rpl.o)
ioc_init                                          contiki-mist-openmote.a(ioc.o)
                                                  contiki-mist-openmote.a(contiki-mist-op)
ioc_set_over                                      contiki-mist-openmote.a(ioc.o)
                                                  contiki-mist-openmote.a(uart.o)
                                                  contiki-mist-openmote.a(button-sensor.o)
ioc_set_sel                                       contiki-mist-openmote.a(ioc.o)
                                                  contiki-mist-openmote.a(uart.o)
leds_arch_get                                     contiki-mist-openmote.a(leds-arch.o)
                                                  contiki-mist-openmote.a(leds.o)
leds_arch_init                                    contiki-mist-openmote.a(leds-arch.o)
                                                  contiki-mist-openmote.a(leds.o)
leds_arch_set                                     contiki-mist-openmote.a(leds-arch.o)
                                                  contiki-mist-openmote.a(leds.o)
leds_blink                                        contiki-mist-openmote.a(leds.o)
leds_get                                          contiki-mist-openmote.a(leds.o)
leds_init                                         contiki-mist-openmote.a(leds.o)
                                                  contiki-mist-openmote.a(contiki-mist-op)
leds_invert                                       contiki-mist-openmote.a(leds.o)
leds_off                                          contiki-mist-openmote.a(leds.o)
                                                  contiki-mist-openmote.a(contiki-mist-op)
leds_on                                           contiki-mist-openmote.a(leds.o)
                                                  contiki-mist-openmote.a(contiki-mist-op)
leds_toggle                                       contiki-mist-openmote.a(leds.o)
list_add                                          contiki-mist-openmote.a(list.o)
                                                  contiki-mist-openmote.a(uip-icmp6.o)
                                                  contiki-mist-openmote.a(nbr-table.o)
                                                  contiki-mist-openmote.a(rpl-dag.o)
                                                  contiki-mist-openmote.a(uip-ds6-route.o)
                                                  contiki-mist-openmote.a(ctimer.o)
                                                  contiki-mist-openmote.a(csma.o)
list_chop                                         contiki-mist-openmote.a(list.o)
list_copy                                         contiki-mist-openmote.a(list.o)
list_head                                         contiki-mist-openmote.a(list.o)
                                                  contiki-mist-openmote.a(uip-icmp6.o)
                                                  contiki-mist-openmote.a(nbr-table.o)
                                                  contiki-mist-openmote.a(uip-ds6-route.o)
                                                  contiki-mist-openmote.a(ctimer.o)
                                                  contiki-mist-openmote.a(csma.o)
list_init                                         contiki-mist-openmote.a(list.o)
                                                  contiki-mist-openmote.a(uip-ds6-route.o)
                                                  contiki-mist-openmote.a(ctimer.o)
                                                  contiki-mist-openmote.a(csma.o)
list_insert                                       contiki-mist-openmote.a(list.o)
list_item_next                                    contiki-mist-openmote.a(list.o)
                                                  contiki-mist-openmote.a(uip-icmp6.o)
                                                  contiki-mist-openmote.a(nbr-table.o)
                                                  contiki-mist-openmote.a(uip-ds6-route.o)
                                                  contiki-mist-openmote.a(contikimac.o)
                                                  contiki-mist-openmote.a(csma.o)
list_length                                       contiki-mist-openmote.a(list.o)
                                                  contiki-mist-openmote.a(uip-ds6-route.o)
                                                  contiki-mist-openmote.a(csma.o)
list_pop                                          contiki-mist-openmote.a(list.o)
list_push                                         contiki-mist-openmote.a(list.o)
                                                  contiki-mist-openmote.a(uip-ds6-route.o)
                                                  contiki-mist-openmote.a(csma.o)
list_remove                                       contiki-mist-openmote.a(list.o)
                                                  contiki-mist-openmote.a(uip-icmp6.o)
                                                  contiki-mist-openmote.a(nbr-table.o)
                                                  contiki-mist-openmote.a(rpl-dag.o)
                                                  contiki-mist-openmote.a(uip-ds6-route.o)
                                                  contiki-mist-openmote.a(ctimer.o)
                                                  contiki-mist-openmote.a(csma.o)