Archive member included because of file (symbol)

contiki-mist-openmote.a(process.o)
                              environode.co (process_alloc_event)
contiki-mist-openmote.a(timer.o)
                              environode.co (timer_set)
contiki-mist-openmote.a(etimer.o)
                              environode.co (etimer_set)
contiki-mist-openmote.a(uip-ds6-route.o)
                              environode.co (uip_ds6_notification_add)
contiki-mist-openmote.a(uip-ds6-nbr.o)
                              contiki-mist-openmote.a(uip-ds6-route.o) (uip_ds6_nbr_lookup)
contiki-mist-openmote.a(uip-ds6.o)
                              contiki-mist-openmote.a(uip-ds6-nbr.o) (uip_ds6_if)
contiki-mist-openmote.a(uip-nd6.o)
                              contiki-mist-openmote.a(uip-ds6-nbr.o) (uip_nd6_ns_output)
contiki-mist-openmote.a(uip6.o)
                              contiki-mist-openmote.a(uip-nd6.o) (uip_aligned_buf)
contiki-mist-openmote.a(mqtt.o)
                              environode.co (mqtt_register)
contiki-mist-openmote.a(netstack-aes.o)
                              environode.co (netstack_aes_set_active)
contiki-mist-openmote.a(ip64-addr.o)
                              contiki-mist-openmote.a(mqtt.o) (ip64_addr_4to6)
contiki-mist-openmote.a(mdns.o)
                              contiki-mist-openmote.a(mqtt.o) (mdns_event_found)
contiki-mist-openmote.a(tcp-socket.o)
                              contiki-mist-openmote.a(mqtt.o) (tcp_socket_register)
contiki-mist-openmote.a(contiki-mist-op)
                              obj_mist-openmote/startup-gcc.o (main)
contiki-mist-openmote.a(node-id.o)
                              contiki-mist-openmote.a(contiki-mist-op) (node_id_restore)
contiki-mist-openmote.a(leds.o)
                              contiki-mist-openmote.a(contiki-mist-op) (leds_init)
contiki-mist-openmote.a(leds-arch.o)
                              contiki-mist-openmote.a(leds.o) (leds_arch_init)
contiki-mist-openmote.a(sensors.o)
                              environode.co (sensors_changed)
contiki-mist-openmote.a(smartrf-sensors)
                              contiki-mist-openmote.a(sensors.o) (sensors_flags)
contiki-mist-openmote.a(sht21.o)
                              environode.co (read_temperature)
contiki-mist-openmote.a(clock.o)
                              contiki-mist-openmote.a(contiki-mist-op) (clock_init)
contiki-mist-openmote.a(rtimer-arch.o)
                              contiki-mist-openmote.a(contiki-mist-op) (rtimer_arch_now)
contiki-mist-openmote.a(uart.o)
                              contiki-mist-openmote.a(contiki-mist-op) (uart_init)
contiki-mist-openmote.a(watchdog.o)
                              contiki-mist-openmote.a(contiki-mist-op) (watchdog_init)
contiki-mist-openmote.a(nvic.o)
                              contiki-mist-openmote.a(contiki-mist-op) (nvic_init)
contiki-mist-openmote.a(cpu.o)
                              contiki-mist-openmote.a(contiki-mist-op) (cpu_cpsie)
contiki-mist-openmote.a(sys-ctrl.o)
                              contiki-mist-openmote.a(contiki-mist-op) (sys_ctrl_init)
contiki-mist-openmote.a(gpio.o)
                              environode.co (gpio_register_callback)
contiki-mist-openmote.a(ioc.o)
                              contiki-mist-openmote.a(contiki-mist-op) (ioc_init)
contiki-mist-openmote.a(cc2538-rf.o)
                              contiki-mist-openmote.a(contiki-mist-op) (cc2538_rf_set_addr)
contiki-mist-openmote.a(udma.o)
                              contiki-mist-openmote.a(contiki-mist-op) (udma_init)
contiki-mist-openmote.a(lpm.o)
                              contiki-mist-openmote.a(rtimer-arch.o) (lpm_exit)
contiki-mist-openmote.a(dbg.o)
                              environode.co (putchar)
contiki-mist-openmote.a(i2c.o)
                              environode.co (i2c_init)
contiki-mist-openmote.a(dbg-printf.o)
                              environode.co (printf)
contiki-mist-openmote.a(dbg-sprintf.o)
                              environode.co (sprintf)
contiki-mist-openmote.a(strformat.o)
                              contiki-mist-openmote.a(dbg-printf.o) (format_str_v)
contiki-mist-openmote.a(rimeaddr.o)
                              contiki-mist-openmote.a(uip-ds6-nbr.o) (rimeaddr_cmp)
contiki-mist-openmote.a(rimestats.o)
                              contiki-mist-openmote.a(netstack-aes.o) (rimestats)
contiki-mist-openmote.a(nullrdc.o)
                              contiki-mist-openmote.a(contiki-mist-op) (nullrdc_driver)
contiki-mist-openmote.a(mac.o)
                              contiki-mist-openmote.a(nullrdc.o) (mac_call_sent_callback)
contiki-mist-openmote.a(framer-802154.o)
                              contiki-mist-openmote.a(nullrdc.o) (framer_802154)
contiki-mist-openmote.a(csma.o)
                              contiki-mist-openmote.a(contiki-mist-op) (csma_driver)
contiki-mist-openmote.a(rpl.o)
                              contiki-mist-openmote.a(uip-ds6-nbr.o) (rpl_link_neighbor_callback)
[...]
Memory Configuration

Name             Origin             Length             Attributes
FLASH            0x0000000000200000 0x000000000007ffd4 xr
FLASH_CCA        0x000000000027ffd4 0x000000000000002c xr
SRAM             0x0000000020000000 0x0000000000008000 xrw
*default*        0x0000000000000000 0xffffffffffffffff

Linker script and memory map

LOAD obj_mist-openmote/startup-gcc.o
LOAD environode.co
LOAD contiki-mist-openmote.a
START GROUP
LOAD /usr/bin/../lib/gcc/arm-none-eabi/4.8.4/armv7-m/libgcc.a
LOAD /usr/bin/../lib/gcc/arm-none-eabi/4.8.4/../../../../arm-none-eabi/lib/armv7-m/libc.a
END GROUP

.text           0x0000000000200000    0x13950
                0x0000000000200000                _text = .
 *(.vectors)
 .vectors       0x0000000000200000      0x28c obj_mist-openmote/startup-gcc.o
                0x0000000000200000                vectors
 *(.text*)
 .text          0x000000000020028c       0x68 obj_mist-openmote/startup-gcc.o
                0x000000000020028c                default_handler
                0x0000000000200290                reset_handler
                0x00000000002002e4                nmi_handler
 .text          0x00000000002002f4      0xa3c environode.co
                0x0000000000200d24                button_sensor_init
 .text          0x0000000000200d30      0x2c0 contiki-mist-openmote.a(process.o)
                0x0000000000200e3c                process_alloc_event
                0x0000000000200e4c                process_exit
                0x0000000000200e58                process_init
                0x0000000000200e78                process_run
                0x0000000000200f14                process_nevents
                0x0000000000200f24                process_post
                0x0000000000200f74                process_post_synch
                0x0000000000200f8c                process_start
                0x0000000000200fcc                process_poll
                0x0000000000200fe4                process_is_running
 .text          0x0000000000200ff0       0x54 contiki-mist-openmote.a(timer.o)
                0x0000000000200ff0                timer_set
                0x0000000000201000                timer_reset
                0x000000000020100c                timer_restart
                0x0000000000201018                timer_expired
                0x0000000000201034                timer_remaining
 .text          0x0000000000201044      0x230 contiki-mist-openmote.a(etimer.o)
                0x000000000020119c                etimer_request_poll
                0x00000000002011a8                etimer_set
                0x00000000002011bc                etimer_reset
                0x00000000002011d0                etimer_restart
                0x00000000002011e4                etimer_adjust
                0x00000000002011f0                etimer_expired
                0x00000000002011fc                etimer_expiration_time
                0x0000000000201204                etimer_start_time
                0x0000000000201208                etimer_pending
                0x0000000000201218                etimer_next_expiration_time
                0x0000000000201228                etimer_stop
 .text          0x0000000000201274      0x478 contiki-mist-openmote.a(uip-ds6-route.o)
                0x00000000002012c0                uip_ds6_notification_add
                0x00000000002012d4                uip_ds6_notification_rm
                0x00000000002012e0                uip_ds6_route_init
                0x000000000020131c                uip_ds6_route_nexthop
                0x0000000000201338                uip_ds6_route_head
                0x000000000020135c                uip_ds6_route_next
                0x0000000000201388                uip_ds6_route_num_routes
                0x0000000000201394                uip_ds6_route_lookup
                0x00000000002013dc                uip_ds6_route_add
                0x0000000000201494                uip_ds6_route_rm
                0x0000000000201520                uip_ds6_route_rm_by_nexthop
                0x000000000020153c                uip_ds6_defrt_rm
                0x0000000000201584                uip_ds6_defrt_lookup
                0x00000000002015b8                uip_ds6_defrt_add
                0x000000000020162c                uip_ds6_defrt_choose
                0x00000000002016b0                uip_ds6_defrt_periodic
 .text          0x00000000002016ec      0x2b0 contiki-mist-openmote.a(uip-ds6-nbr.o)
                0x00000000002016ec                uip_ds6_nbr_rm
                0x000000000020170c                uip_ds6_neighbors_init
                0x0000000000201720                uip_ds6_nbr_add
                0x0000000000201770                uip_ds6_nbr_get_ipaddr
                0x0000000000201774                uip_ds6_nbr_get_ll
                0x0000000000201784                uip_ds6_nbr_num
                0x00000000002017ac                uip_ds6_nbr_lookup
                0x00000000002017e8                uip_ds6_nbr_ll_lookup
                0x00000000002017f8                uip_ds6_nbr_ipaddr_from_lladdr
                0x0000000000201808                uip_ds6_nbr_lladdr_from_ipaddr
                0x0000000000201824                uip_ds6_link_neighbor_callback
                0x000000000020184c                uip_ds6_neighbor_periodic
                0x0000000000201954                uip_ds6_get_least_lifetime_neighbor
 .text          0x000000000020199c      0x704 contiki-mist-openmote.a(uip-ds6.o)
                0x000000000020199c                uip_ds6_list_loop
                0x0000000000201a04                uip_ds6_prefix_add
                0x0000000000201a74                uip_ds6_prefix_rm
                0x0000000000201a7c                uip_ds6_prefix_lookup
                0x0000000000201aa8                uip_ds6_is_addr_onlink
                0x0000000000201af0                uip_ds6_addr_lookup
                0x0000000000201b20                uip_ds6_get_link_local
                0x0000000000201b6c                uip_ds6_get_global
                0x0000000000201bb8                uip_ds6_maddr_add
                0x0000000000201c0c                uip_ds6_addr_add
                0x0000000000201cb8                uip_ds6_maddr_rm
                0x0000000000201cc0                uip_ds6_maddr_lookup
                0x0000000000201cf4                uip_ds6_addr_rm
                0x0000000000201d38                uip_ds6_periodic
                0x0000000000201d98                uip_ds6_aaddr_add
                0x0000000000201dec                uip_ds6_aaddr_rm
                0x0000000000201df4                uip_ds6_aaddr_lookup
                0x0000000000201e28                uip_ds6_select_src
                0x0000000000201f24                uip_ds6_set_addr_iid
                0x0000000000201f38                get_match_length
                0x0000000000201f7c                uip_ds6_compute_reachable_time
                0x0000000000201fa4                uip_ds6_init
 .text          0x00000000002020a0      0x5b8 contiki-mist-openmote.a(uip-nd6.o)
                0x00000000002020a0                uip_nd6_ns_input
                0x0000000000202310                uip_nd6_ns_output
                0x000000000020247c                uip_nd6_na_input
 .text          0x0000000000202658     0x177c contiki-mist-openmote.a(uip6.o)
                0x00000000002027b0                uip_add32
                0x0000000000202808                uip_chksum
                0x000000000020281c                uip_icmp6chksum
                0x0000000000202824                uip_tcpchksum
                0x000000000020282c                uip_udpchksum
                0x0000000000202834                uip_init
                0x000000000020288c                uip_connect
                0x00000000002029a8                remove_ext_hdr
                0x0000000000202a08                uip_udp_new
                0x0000000000202ae4                uip_unlisten
                0x0000000000202b34                uip_listen
                0x0000000000202b88                uip_process
                0x0000000000203d60                uip_htons
                0x0000000000203d68                uip_htonl
                0x0000000000203d7c                uip_send
 .text.unlikely
                0x0000000000203dd4       0x2c contiki-mist-openmote.a(uip6.o)
 .text          0x0000000000203e00     0x1dac contiki-mist-openmote.a(mqtt.o)
                0x00000000002057b4                reset_defaults
                0x00000000002057e0                mqtt_init
                0x0000000000205844                mqtt_register
                0x00000000002058bc                mqtt_connect
                0x0000000000205958                mqtt_disconnect
                0x0000000000205980                mqtt_subscribe
                0x0000000000205a14                mqtt_unsubscribe
                0x0000000000205a9c                mqtt_publish
                0x0000000000205b44                mqtt_set_username_password
                0x0000000000205b80                mqtt_set_last_will
 .text          0x0000000000205bac      0x23c contiki-mist-openmote.a(netstack-aes.o)
                0x0000000000205bac                netstack_aes_set_active
                0x0000000000205bb8                netstack_aes_encrypt
                0x0000000000205c58                netstack_aes_decrypt
                0x0000000000205d28                netstack_aes_verify
                0x0000000000205da0                netstack_aes_init
                0x0000000000205dc4                netstack_aes_set_key
                0x0000000000205de4                netstack_aes_set_master_key
 .text          0x0000000000205de8       0xa0 contiki-mist-openmote.a(ip64-addr.o)
                0x0000000000205de8                ip64_addr_copy4
                0x0000000000205df0                ip64_addr_copy6
                0x0000000000205e08                ip64_addr_4to6
                0x0000000000205e40                ip64_addr_6to4
 .text          0x0000000000205e88      0x5cc contiki-mist-openmote.a(mdns.o)
                0x0000000000206238                mdns_init
                0x0000000000206244                mdns_query
                0x0000000000206368                mdns_lookup
                0x0000000000206410                mdns_getserver
                0x0000000000206424                mdns_conf
 .text          0x0000000000206454      0x3e0 contiki-mist-openmote.a(tcp-socket.o)
                0x00000000002066d4                tcp_socket_init
                0x00000000002066f8                tcp_socket_register
                0x0000000000206748                tcp_socket_connect
                0x0000000000206778                tcp_socket_listen
                0x00000000002067ac                tcp_socket_unlisten
                0x00000000002067e0                tcp_socket_send
                0x0000000000206804                tcp_socket_send_str
                0x0000000000206820                tcp_socket_close
 .text          0x0000000000206834       0x64 contiki-mist-openmote.a(contiki-mist-op)
 .text.startup  0x0000000000206898      0x2c0 contiki-mist-openmote.a(contiki-mist-op)
                0x0000000000206898                main
 .text          0x0000000000206b58       0x68 contiki-mist-openmote.a(node-id.o)
                0x0000000000206b58                node_id_restore
                0x0000000000206bbc                node_id_burn
 .text          0x0000000000206bc0      0x1c0 contiki-mist-openmote.a(leds.o)
                0x0000000000206ce8                leds_init
                0x0000000000206cfc                leds_blink
                0x0000000000206d30                leds_get
                0x0000000000206d34                leds_on
                0x0000000000206d4c                leds_off
                0x0000000000206d60                leds_toggle
                0x0000000000206d70                leds_invert
 .text          0x0000000000206d80       0x28 contiki-mist-openmote.a(leds-arch.o)
                0x0000000000206d80                leds_arch_init
                0x0000000000206d90                leds_arch_get
                0x0000000000206d9c                leds_arch_set
 .text          0x0000000000206da8      0x1c4 contiki-mist-openmote.a(sensors.o)
                0x0000000000206e88                sensors_first
                0x0000000000206e94                sensors_next
                0x0000000000206ed4                sensors_changed
                0x0000000000206f20                sensors_find
 .text          0x0000000000206f6c        0x0 contiki-mist-openmote.a(smartrf-sensors)
 *fill*         0x0000000000206f6c        0x4 00000000
 .text          0x0000000000206f70      0x2c0 contiki-mist-openmote.a(sht21.o)
                0x000000000020708c                print_float
                0x0000000000207114                check_crc_SHT21
                0x0000000000207154                read_SHT21
                0x0000000000207164                read_temperature
                0x00000000002071d4                read_humidity
 .text          0x0000000000207230      0x1b0 contiki-mist-openmote.a(clock.o)
                0x0000000000207230                clock_init
                0x00000000002072a4                clock_time
                0x00000000002072b0                clock_set_seconds
                0x00000000002072bc                clock_seconds
                0x00000000002072c8                clock_wait
                0x00000000002072dc                clock_delay_usec
                0x00000000002072fc                clock_delay
                0x0000000000207320                clock_adjust
                0x0000000000207374                clock_isr
 .text          0x00000000002073e0      0x15c contiki-mist-openmote.a(rtimer-arch.o)
                0x00000000002073e0                rtimer_arch_init
                0x00000000002073e4                rtimer_arch_schedule
                0x0000000000207464                rtimer_arch_next_trigger
                0x0000000000207470                rtimer_arch_now
                0x0000000000207498                rtimer_isr
 .text          0x000000000020753c      0x318 contiki-mist-openmote.a(uart.o)
                0x0000000000207574                uart_init
                0x000000000020774c                uart_set_input
                0x000000000020775c                uart_write_byte
                0x0000000000207780                uart_isr
                0x0000000000207844                uart0_isr
                0x000000000020784c                uart1_isr
 .text          0x0000000000207854       0x34 contiki-mist-openmote.a(watchdog.o)
                0x0000000000207854                watchdog_init
                0x0000000000207860                watchdog_start
                0x000000000020786c                watchdog_periodic
                0x000000000020787c                watchdog_stop
                0x0000000000207880                watchdog_reboot
 .text          0x0000000000207888       0xc8 contiki-mist-openmote.a(nvic.o)
                0x0000000000207888                nvic_init
                0x00000000002078b4                nvic_interrupt_enable
                0x00000000002078cc                nvic_interrupt_disable
                0x00000000002078e4                nvic_interrupt_en_restore
                0x0000000000207900                nvic_interrupt_en_save
                0x0000000000207920                nvic_interrupt_pend
                0x0000000000207938                nvic_interrupt_unpend
 .text          0x0000000000207950       0x10 contiki-mist-openmote.a(cpu.o)
                0x0000000000207950                cpu_cpsie
                0x0000000000207958                cpu_cpsid
 .text          0x0000000000207960       0x28 contiki-mist-openmote.a(sys-ctrl.o)
                0x0000000000207960                sys_ctrl_init
                0x000000000020797c                sys_ctrl_reset
 .text          0x0000000000207988      0x1a8 contiki-mist-openmote.a(gpio.o)
                0x0000000000207988                gpio_register_callback
                0x0000000000207998                notify
                0x00000000002079d0                gpio_port_a_isr
                0x0000000000207a24                gpio_port_b_isr
                0x0000000000207a78                gpio_port_c_isr
                0x0000000000207acc                gpio_port_d_isr
                0x0000000000207b20                gpio_init
 .text          0x0000000000207b30       0x40 contiki-mist-openmote.a(ioc.o)
                0x0000000000207b30                ioc_init
                0x0000000000207b48                ioc_set_over
                0x0000000000207b5c                ioc_set_sel
 .text          0x0000000000207b70      0x6ac contiki-mist-openmote.a(cc2538-rf.o)
                0x0000000000207fa8                cc2538_rf_channel_get
                0x0000000000207fcc                cc2538_rf_channel_set
                0x0000000000208114                cc2538_rf_power_set
                0x0000000000208124                cc2538_rf_set_addr
                0x0000000000208170                cc2538_rf_rx_tx_isr
                0x00000000002081c0                cc2538_rf_err_isr
 .text          0x000000000020821c      0x1bc contiki-mist-openmote.a(udma.o)
                0x000000000020821c                udma_init
                0x0000000000208250                udma_set_channel_src
                0x0000000000208260                udma_set_channel_dst
                0x0000000000208274                udma_set_channel_control_word
                0x0000000000208288                udma_set_channel_assignment
                0x00000000002082ac                udma_channel_enable
                0x00000000002082c4                udma_channel_disable
                0x00000000002082d8                udma_channel_use_alternate
                0x00000000002082f0                udma_channel_use_primary
                0x0000000000208304                udma_channel_prio_set_high
                0x000000000020831c                udma_channel_prio_set_default
                0x0000000000208330                udma_channel_use_burst
                0x0000000000208348                udma_channel_use_single
                0x000000000020835c                udma_channel_mask_set
                0x0000000000208374                udma_channel_mask_clr
                0x0000000000208388                udma_channel_sw_request
                0x00000000002083a0                udma_channel_get_mode
                0x00000000002083bc                udma_isr
                0x00000000002083cc                udma_err_isr
 .text          0x00000000002083d8      0x274 contiki-mist-openmote.a(lpm.o)
                0x0000000000208454                lpm_exit
                0x00000000002084e0                lpm_enter
                0x00000000002085f4                lpm_set_max_pm
                0x0000000000208604                lpm_register_peripheral
                0x0000000000208628                lpm_init
 .text          0x000000000020864c       0x74 contiki-mist-openmote.a(dbg.o)
                0x000000000020864c                putchar
                0x000000000020865c                dbg_send_bytes
                0x0000000000208698                puts
 .text          0x00000000002086c0      0x298 contiki-mist-openmote.a(i2c.o)
                0x00000000002086c0                i2c_init
                0x00000000002087e4                i2c_master_enable
                0x00000000002087f4                i2c_master_disable
                0x0000000000208804                i2c_set_frequency
                0x0000000000208838                i2c_master_set_slave_address
                0x0000000000208854                i2c_master_data_put
                0x0000000000208860                i2c_master_data_get
                0x000000000020886c                i2c_master_command
                0x000000000020887c                i2c_master_busy
                0x000000000020888c                i2c_master_error
                0x00000000002088a8                i2c_single_send
                0x00000000002088ec                i2c_single_receive
                0x000000000020893c                get_sys_clock
 .text          0x0000000000208958       0x34 contiki-mist-openmote.a(dbg-printf.o)
                0x0000000000208968                printf
 .text          0x000000000020898c       0x4c contiki-mist-openmote.a(dbg-sprintf.o)
                0x00000000002089a4                sprintf
 .text          0x00000000002089d8      0x8f8 contiki-mist-openmote.a(strformat.o)
                0x0000000000208a08                format_str_v
                0x00000000002092b0                format_str
 .text          0x00000000002092d0       0x30 contiki-mist-openmote.a(rimeaddr.o)
                0x00000000002092d0                rimeaddr_copy
                0x00000000002092dc                rimeaddr_cmp
                0x00000000002092f0                rimeaddr_set_node_addr
 .text          0x0000000000209300        0x0 contiki-mist-openmote.a(rimestats.o)
 .text          0x0000000000209300      0x288 contiki-mist-openmote.a(nullrdc.o)
 .text          0x0000000000209588       0x10 contiki-mist-openmote.a(mac.o)
                0x0000000000209588                mac_call_sent_callback
 .text          0x0000000000209598      0x1ac contiki-mist-openmote.a(framer-802154.o)
 .text          0x0000000000209744      0x348 contiki-mist-openmote.a(csma.o)
 .text          0x0000000000209a8c      0x208 contiki-mist-openmote.a(rpl.o)
                0x0000000000209a8c                rpl_get_mode
                0x0000000000209a98                rpl_set_mode
                0x0000000000209aa8                rpl_purge_routes
                0x0000000000209b24                rpl_remove_routes
                0x0000000000209b50                rpl_remove_routes_by_nexthop
                0x0000000000209b90                rpl_add_route
                0x0000000000209bbc                rpl_link_neighbor_callback
                0x0000000000209c24                rpl_ipv6_neighbor_callback
                0x0000000000209c4c                rpl_init
 .text          0x0000000000209c94      0xea0 contiki-mist-openmote.a(rpl-dag.o)
                0x0000000000209df4                rpl_dag_init
                0x0000000000209e04                rpl_get_parent_rank
                0x0000000000209e18                rpl_get_parent_link_metric
                0x0000000000209e2c                rpl_get_parent_ipaddr
                0x0000000000209e44                rpl_repair_root
                0x0000000000209ea0                rpl_set_prefix
                0x0000000000209f38                rpl_set_default_route
                0x0000000000209f80                rpl_alloc_instance
                0x0000000000209fac                rpl_set_default_instance
                0x0000000000209fb8                rpl_add_parent
                0x0000000000209fe4                rpl_find_parent
                0x0000000000209ffc                rpl_find_parent_any_dag
                0x000000000020a020                rpl_select_parent
                0x000000000020a074                rpl_select_dag
                0x000000000020a1f0                rpl_nullify_parent
                0x000000000020a234                rpl_remove_parent
                0x000000000020a28c                rpl_free_dag
                0x000000000020a2c4                rpl_free_instance
                0x000000000020a328                rpl_alloc_dag
                0x000000000020a390                rpl_set_root
                0x000000000020a48c                rpl_move_parent
                0x000000000020a4ec                rpl_get_any_dag
                0x000000000020a504                rpl_get_instance
                0x000000000020a524                rpl_find_of
                0x000000000020a538                rpl_join_instance
                0x000000000020a678                rpl_local_repair
                0x000000000020a6dc                rpl_process_parent_event
                0x000000000020a73c                rpl_add_dag
                0x000000000020a878                rpl_recalculate_ranks
                0x000000000020a8b8                rpl_process_dio
 .text          0x000000000020ab34      0xa00 contiki-mist-openmote.a(rpl-icmp6.o)
                0x000000000020ab4c                dis_output
                0x000000000020aba4                dio_output
                0x000000000020ae98                dao_output_target
                0x000000000020af9c                dao_output
                0x000000000020aff8                dao_ack_output
                0x000000000020b028                uip_rpl_input
 .text          0x000000000020b534      0x200 contiki-mist-openmote.a(rpl-timers.o)
                0x000000000020b6a8                rpl_reset_periodic_timer
                0x000000000020b6e0                rpl_reset_dio_timer
                0x000000000020b6fc                rpl_schedule_dao
 .text          0x000000000020b734       0xf0 contiki-mist-openmote.a(rpl-mrhof.o)
 .text          0x000000000020b824      0x2d8 contiki-mist-openmote.a(rpl-ext-header.)
                0x000000000020b824                rpl_verify_header
                0x000000000020b8cc                rpl_update_header_empty
                0x000000000020b9c8                rpl_update_header_final
                0x000000000020ba50                rpl_remove_header
                0x000000000020baac                rpl_invert_header
 .text          0x000000000020bafc       0x30 contiki-mist-openmote.a(autostart.o)
                0x000000000020bafc                autostart_start
                0x000000000020bb14                autostart_exit
 .text          0x000000000020bb2c      0x130 contiki-mist-openmote.a(serial-line.o)
                0x000000000020bbe0                serial_line_input_byte
                0x000000000020bc38                serial_line_init
 .text          0x000000000020bc5c       0xc0 contiki-mist-openmote.a(memb.o)
                0x000000000020bc5c                memb_init
                0x000000000020bc80                memb_alloc
                0x000000000020bcbc                memb_free
                0x000000000020bd00                memb_inmemb
 .text          0x000000000020bd1c      0x168 contiki-mist-openmote.a(list.o)
                0x000000000020bd1c                list_init
                0x000000000020bd24                list_head
                0x000000000020bd28                list_copy
                0x000000000020bd30                list_tail
                0x000000000020bd40                list_add
                0x000000000020bda0                list_push
                0x000000000020bde8                list_chop
                0x000000000020be0c                list_pop
                0x000000000020be18                list_remove
                0x000000000020be58                list_length
                0x000000000020be6c                list_insert
                0x000000000020be7c                list_item_next
 .text          0x000000000020be84      0x1d4 contiki-mist-openmote.a(ctimer.o)
                0x000000000020bf14                ctimer_init
                0x000000000020bf38                ctimer_set
                0x000000000020bf7c                ctimer_reset
                0x000000000020bfb8                ctimer_restart
                0x000000000020bff4                ctimer_stop
                0x000000000020c024                ctimer_expired
 .text          0x000000000020c058       0xcc contiki-mist-openmote.a(energest.o)
                0x000000000020c058                energest_init
                0x000000000020c084                energest_type_time
                0x000000000020c0c0                energest_leveldevice_leveltime
                0x000000000020c0c4                energest_type_set
                0x000000000020c0d0                energest_flush
 .text          0x000000000020c124       0x54 contiki-mist-openmote.a(rtimer.o)
                0x000000000020c124                rtimer_init
                0x000000000020c128                rtimer_set
                0x000000000020c150                rtimer_run_next
 .text          0x000000000020c178       0x68 contiki-mist-openmote.a(stimer.o)
                0x000000000020c178                stimer_set
                0x000000000020c188                stimer_reset
                0x000000000020c194                stimer_restart
                0x000000000020c1a0                stimer_expired
                0x000000000020c1c0                stimer_remaining
                0x000000000020c1d0                stimer_elapsed
 .text          0x000000000020c1e0       0xb0 contiki-mist-openmote.a(random.o)
                0x000000000020c1e0                random_rand
                0x000000000020c210                random_init
 .text          0x000000000020c290       0x7c contiki-mist-openmote.a(ringbuf.o)
                0x000000000020c290                ringbuf_init
                0x000000000020c2a0                ringbuf_put
                0x000000000020c2d0                ringbuf_get
                0x000000000020c2f8                ringbuf_size
                0x000000000020c300                ringbuf_elements
 .text          0x000000000020c30c      0x3f0 contiki-mist-openmote.a(nbr-table.o)
                0x000000000020c3d0                nbr_table_register
                0x000000000020c3f8                nbr_table_next
                0x000000000020c470                nbr_table_head
                0x000000000020c4cc                nbr_table_add_lladdr
                0x000000000020c64c                nbr_table_get_from_lladdr
                0x000000000020c680                nbr_table_remove
                0x000000000020c6ac                nbr_table_lock
                0x000000000020c6bc                nbr_table_unlock
                0x000000000020c6cc                nbr_table_get_lladdr
 .text          0x000000000020c6fc       0x34 contiki-mist-openmote.a(netstack.o)
                0x000000000020c6fc                netstack_init
 .text          0x000000000020c730      0x2c0 contiki-mist-openmote.a(packetbuf.o)
                0x000000000020c730                packetbuf_clear_hdr
                0x000000000020c73c                packetbuf_compact
                0x000000000020c780                packetbuf_copyto_hdr
                0x000000000020c79c                packetbuf_copyto
                0x000000000020c7e4                packetbuf_hdralloc
                0x000000000020c81c                packetbuf_hdr_remove
                0x000000000020c82c                packetbuf_hdrreduce
                0x000000000020c854                packetbuf_set_datalen
                0x000000000020c860                packetbuf_dataptr
                0x000000000020c870                packetbuf_hdrptr
                0x000000000020c880                packetbuf_is_reference
                0x000000000020c894                packetbuf_reference_ptr
                0x000000000020c8a0                packetbuf_datalen
                0x000000000020c8ac                packetbuf_hdrlen
                0x000000000020c8bc                packetbuf_totlen
                0x000000000020c8d4                packetbuf_attr_clear
                0x000000000020c908                packetbuf_clear
                0x000000000020c928                packetbuf_copyfrom
                0x000000000020c950                packetbuf_reference
                0x000000000020c968                packetbuf_attr_copyto
                0x000000000020c9ac                packetbuf_attr_copyfrom
 .text          0x000000000020c9f0      0x1c4 contiki-mist-openmote.a(queuebuf.o)
                0x000000000020c9f0                queuebuf_init
                0x000000000020ca14                queuebuf_new_from_packetbuf
                0x000000000020caa8                queuebuf_update_attr_from_packetbuf
                0x000000000020cab4                queuebuf_free
                0x000000000020cafc                queuebuf_to_packetbuf
                0x000000000020cb64                queuebuf_dataptr
                0x000000000020cb90                queuebuf_datalen
                0x000000000020cb98                queuebuf_addr
                0x000000000020cba4                queuebuf_attr
                0x000000000020cbb0                queuebuf_debug_print
 .text          0x000000000020cbb4      0xf4c contiki-mist-openmote.a(sicslowpan.o)
                0x000000000020cbf0                sicslowpan_init
                0x000000000020dae8                rime_sniffer_add
                0x000000000020daf4                rime_sniffer_remove
 .text          0x000000000020db00      0x5e0 contiki-mist-openmote.a(tcpip.o)
                0x000000000020db1c                tcpip_output
                0x000000000020db30                tcpip_set_outputfunc
                0x000000000020db3c                tcp_connect
                0x000000000020db68                tcp_unlisten
                0x000000000020dbcc                tcp_listen
                0x000000000020dc38                tcp_attach
                0x000000000020dc48                udp_attach
                0x000000000020dc58                udp_new
                0x000000000020dc70                udp_broadcast_new
                0x000000000020dcc0                tcpip_input
                0x000000000020dce4                tcpip_ipv6_output
                0x000000000020e028                tcpip_poll_udp
                0x000000000020e038                tcpip_poll_tcp
                0x000000000020e048                tcpip_uipcall
 .text          0x000000000020e0e0      0x428 contiki-mist-openmote.a(uip-icmp6.o)
                0x000000000020e0e0                uip_icmp6_echo_request_input
                0x000000000020e1f8                uip_icmp6_error_output
                0x000000000020e360                uip_icmp6_send
                0x000000000020e3ec                uip_icmp6_echo_reply_input
                0x000000000020e4e8                uip_icmp6_echo_reply_callback_add
                0x000000000020e4fc                uip_icmp6_echo_reply_callback_rm
 .text          0x000000000020e508       0x8c contiki-mist-openmote.a(uip-udp-packet.)
                0x000000000020e508                uip_udp_packet_send
                0x000000000020e548                uip_udp_packet_sendto
 .text          0x000000000020e594      0x170 contiki-mist-openmote.a(uiplib.o)
                0x000000000020e594                uiplib_ip6addrconv
                0x000000000020e668                uiplib_ip4addrconv
 .text          0x000000000020e704      0x634 contiki-mist-openmote.a(aes-ccm.o)
                0x000000000020e9e8                aes_ccm_encrypt
                0x000000000020ea78                aes_ccm_decrypt
                0x000000000020eb2c                aes_ccm_verify
 .text          0x000000000020ed38      0x2a4 contiki-mist-openmote.a(simple-rpl.o)
                0x000000000020eda8                simple_rpl_global_address
                0x000000000020ede0                simple_rpl_init
                0x000000000020ee64                simple_rpl_init_dag_immediately
                0x000000000020ef7c                simple_rpl_init_dag
                0x000000000020efa8                simple_rpl_global_repair
                0x000000000020efb0                simple_rpl_local_repair
                0x000000000020efc0                simple_rpl_parent
                0x000000000020efd8                simple_rpl_root
 .text          0x000000000020efdc      0x310 contiki-mist-openmote.a(frame802154.o)
                0x000000000020f05c                frame802154_hdrlen
                0x000000000020f08c                frame802154_create
                0x000000000020f1b4                frame802154_parse
 .text          0x000000000020f2ec       0xa4 contiki-mist-openmote.a(uip-debug.o)
                0x000000000020f2ec                uip_debug_ipaddr_print
                0x000000000020f35c                uip_debug_lladdr_print
 .text          0x000000000020f390      0xf58 contiki-mist-openmote.a(aes.o)
                0x000000000020f4b8                aes_encrypt
                0x000000000020fac8                aes_decrypt
 .text          0x00000000002102e8      0x370 /usr/bin/../lib/gcc/arm-none-eabi/4.8.4/armv7-m/libgcc.a(_arm_addsubdf3.o)
                0x00000000002102e8                __aeabi_drsub
                0x00000000002102f0                __aeabi_dsub
                0x00000000002102f0                __subdf3
                0x00000000002102f4                __adddf3
                0x00000000002102f4                __aeabi_dadd
                0x000000000021056c                __aeabi_ui2d
                0x000000000021056c                __floatunsidf
                0x000000000021058c                __floatsidf
                0x000000000021058c                __aeabi_i2d
                0x00000000002105b0                __extendsfdf2
                0x00000000002105b0                __aeabi_f2d
                0x00000000002105ec                __aeabi_ul2d
                0x00000000002105ec                __floatundidf
                0x00000000002105fc                __floatdidf
                0x00000000002105fc                __aeabi_l2d
 .text          0x0000000000210658      0x424 /usr/bin/../lib/gcc/arm-none-eabi/4.8.4/armv7-m/libgcc.a(_arm_muldivdf3.o)
                0x0000000000210658                __aeabi_dmul
                0x0000000000210658                __muldf3
                0x00000000002108ac                __aeabi_ddiv
                0x00000000002108ac                __divdf3
 .text          0x0000000000210a7c       0xa0 /usr/bin/../lib/gcc/arm-none-eabi/4.8.4/armv7-m/libgcc.a(_arm_truncdfsf2.o)
                0x0000000000210a7c                __aeabi_d2f
                0x0000000000210a7c                __truncdfsf2
 .text          0x0000000000210b1c      0x21c /usr/bin/../lib/gcc/arm-none-eabi/4.8.4/armv7-m/libgcc.a(_arm_addsubsf3.o)
                0x0000000000210b1c                __aeabi_frsub
                0x0000000000210b24                __subsf3
                0x0000000000210b24                __aeabi_fsub
                0x0000000000210b28                __aeabi_fadd
                0x0000000000210b28                __addsf3
                0x0000000000210c88                __aeabi_ui2f
                0x0000000000210c88                __floatunsisf
                0x0000000000210c90                __aeabi_i2f
                0x0000000000210c90                __floatsisf
                0x0000000000210cac                __floatundisf
                0x0000000000210cac                __aeabi_ul2f
                0x0000000000210cbc                __floatdisf
                0x0000000000210cbc                __aeabi_l2f
 .text          0x0000000000210d38      0x2a0 /usr/bin/../lib/gcc/arm-none-eabi/4.8.4/armv7-m/libgcc.a(_arm_muldivsf3.o)
                0x0000000000210d38                __mulsf3
                0x0000000000210d38                __aeabi_fmul
                0x0000000000210ea0                __divsf3
                0x0000000000210ea0                __aeabi_fdiv
 .text          0x0000000000210fd8       0xec /usr/bin/../lib/gcc/arm-none-eabi/4.8.4/armv7-m/libgcc.a(_arm_cmpsf2.o)
                0x0000000000210fd8                __gtsf2
                0x0000000000210fd8                __gesf2
                0x0000000000210fe0                __lesf2
                0x0000000000210fe0                __ltsf2
                0x0000000000210fe8                __nesf2
                0x0000000000210fe8                __eqsf2
                0x0000000000210fe8                __cmpsf2
                0x0000000000211048                __aeabi_cfrcmple
                0x0000000000211050                __aeabi_cfcmple
                0x0000000000211050                __aeabi_cfcmpeq
                0x0000000000211060                __aeabi_fcmpeq
                0x0000000000211074                __aeabi_fcmplt
                0x0000000000211088                __aeabi_fcmple
                0x000000000021109c                __aeabi_fcmpge
                0x00000000002110b0                __aeabi_fcmpgt
 .text          0x00000000002110c4       0x4c /usr/bin/../lib/gcc/arm-none-eabi/4.8.4/armv7-m/libgcc.a(_arm_fixsfsi.o)
                0x00000000002110c4                __fixsfsi
                0x00000000002110c4                __aeabi_f2iz
 .text          0x0000000000211110       0x2c /usr/bin/../lib/gcc/arm-none-eabi/4.8.4/armv7-m/libgcc.a(_aeabi_uldivmod.o)
                0x0000000000211110                __aeabi_uldivmod
 .text          0x000000000021113c       0x60 /usr/bin/../lib/gcc/arm-none-eabi/4.8.4/armv7-m/libgcc.a(bpabi.o)
                0x000000000021113c                __gnu_ldivmod_helper
                0x000000000021116c                __gnu_uldivmod_helper
 .text          0x000000000021119c        0x4 /usr/bin/../lib/gcc/arm-none-eabi/4.8.4/armv7-m/libgcc.a(_dvmd_tls.o)
                0x000000000021119c                __aeabi_ldiv0
                0x000000000021119c                __aeabi_idiv0
 .text          0x00000000002111a0      0x2a0 /usr/bin/../lib/gcc/arm-none-eabi/4.8.4/armv7-m/libgcc.a(_divdi3.o)
                0x00000000002111a0                __divdi3
 .text          0x0000000000211440      0x290 /usr/bin/../lib/gcc/arm-none-eabi/4.8.4/armv7-m/libgcc.a(_udivdi3.o)
                0x0000000000211440                __udivdi3
 .text          0x00000000002116d0        0x0 /usr/bin/../lib/gcc/arm-none-eabi/4.8.4/../../../../arm-none-eabi/lib/armv7-m/libc.a(lib_a-memcmp.o)
 .text.memcmp   0x00000000002116d0       0x68 /usr/bin/../lib/gcc/arm-none-eabi/4.8.4/../../../../arm-none-eabi/lib/armv7-m/libc.a(lib_a-memcmp.o)
                0x00000000002116d0                memcmp
 .text          0x0000000000211738       0xec /usr/bin/../lib/gcc/arm-none-eabi/4.8.4/../../../../arm-none-eabi/lib/armv7-m/libc.a(lib_a-memcpy.o)
                0x0000000000211738                memcpy
 .text          0x0000000000211824        0x0 /usr/bin/../lib/gcc/arm-none-eabi/4.8.4/../../../../arm-none-eabi/lib/armv7-m/libc.a(lib_a-memmove.o)
 .text.memmove  0x0000000000211824       0xcc /usr/bin/../lib/gcc/arm-none-eabi/4.8.4/../../../../arm-none-eabi/lib/armv7-m/libc.a(lib_a-memmove.o)
                0x0000000000211824                memmove
 .text          0x00000000002118f0        0x0 /usr/bin/../lib/gcc/arm-none-eabi/4.8.4/../../../../arm-none-eabi/lib/armv7-m/libc.a(lib_a-memset.o)
 .text.memset   0x00000000002118f0       0x94 /usr/bin/../lib/gcc/arm-none-eabi/4.8.4/../../../../arm-none-eabi/lib/armv7-m/libc.a(lib_a-memset.o)
                0x00000000002118f0                memset
 .text          0x0000000000211984      0x23c /usr/bin/../lib/gcc/arm-none-eabi/4.8.4/../../../../arm-none-eabi/lib/armv7-m/libc.a(lib_a-strcmp.o)
                0x0000000000211984                strcmp
 .text          0x0000000000211bc0        0x0 /usr/bin/../lib/gcc/arm-none-eabi/4.8.4/../../../../arm-none-eabi/lib/armv7-m/libc.a(lib_a-strcpy.o)
 .text.strcpy   0x0000000000211bc0       0xbc /usr/bin/../lib/gcc/arm-none-eabi/4.8.4/../../../../arm-none-eabi/lib/armv7-m/libc.a(lib_a-strcpy.o)
                0x0000000000211bc0                strcpy
 .text          0x0000000000211c7c        0x0 /usr/bin/../lib/gcc/arm-none-eabi/4.8.4/../../../../arm-none-eabi/lib/armv7-m/libc.a(lib_a-strlen.o)
 .text.strlen   0x0000000000211c7c       0x60 /usr/bin/../lib/gcc/arm-none-eabi/4.8.4/../../../../arm-none-eabi/lib/armv7-m/libc.a(lib_a-strlen.o)
                0x0000000000211c7c                strlen
 .text          0x0000000000211cdc        0x0 /usr/bin/../lib/gcc/arm-none-eabi/4.8.4/../../../../arm-none-eabi/lib/armv7-m/libc.a(lib_a-strncmp.o)
 .text.strncmp  0x0000000000211cdc       0xb4 /usr/bin/../lib/gcc/arm-none-eabi/4.8.4/../../../../arm-none-eabi/lib/armv7-m/libc.a(lib_a-strncmp.o)
                0x0000000000211cdc                strncmp
 .text          0x0000000000211d90        0x0 /usr/bin/../lib/gcc/arm-none-eabi/4.8.4/../../../../arm-none-eabi/lib/armv7-m/libc.a(lib_a-strncpy.o)
 .text.strncpy  0x0000000000211d90       0x64 /usr/bin/../lib/gcc/arm-none-eabi/4.8.4/../../../../arm-none-eabi/lib/armv7-m/libc.a(lib_a-strncpy.o)
                0x0000000000211d90                strncpy
 *(.rodata*)
 .rodata        0x0000000000211df4       0xa8 environode.co
                0x0000000000211df4                button_user_sensor
                0x0000000000211e04                button_sw1_sensor
                0x0000000000211e14                button_sw2_sensor
                0x0000000000211e24                button_digital0_sensor
                0x0000000000211e34                button_digital1_sensor
                0x0000000000211e44                button_digital2_sensor
                0x0000000000211e54                button_dry_in_1_sensor
                0x0000000000211e64                button_dry_in_2_sensor
                0x0000000000211e74                button_dry_in_3_sensor
                0x0000000000211e84                button_dry_in_4_sensor
                0x0000000000211e94                autostart_processes
 .rodata.str1.4
                0x0000000000211e9c      0x727 environode.co
                                        0x730 (size before relaxing)
 *fill*         0x00000000002125c3        0x1 00000000
 .rodata.str1.4
                0x00000000002125c4        0xc contiki-mist-openmote.a(etimer.o)
 .rodata.str1.4
                0x00000000002125d0      0xc91 contiki-mist-openmote.a(mqtt.o)
                                        0xc98 (size before relaxing)
 *fill*         0x0000000000213261        0x3 00000000
 .rodata.str1.4
                0x0000000000213264       0xbc contiki-mist-openmote.a(netstack-aes.o)
 .rodata.str1.4
                0x0000000000213320        0xb contiki-mist-openmote.a(mdns.o)
                                          0xc (size before relaxing)
 *fill*         0x000000000021332b        0x1 00000000
 .rodata.str1.4
                0x000000000021332c       0x9b contiki-mist-openmote.a(tcp-socket.o)
                                         0x9c (size before relaxing)
 *fill*         0x00000000002133c7        0x1 00000000
 .rodata.str1.4
                0x00000000002133c8      0x14d contiki-mist-openmote.a(contiki-mist-op)
                                        0x154 (size before relaxing)
 *fill*         0x0000000000213515        0x3 00000000
 .rodata.str1.4
                0x0000000000213518        0x8 contiki-mist-openmote.a(sensors.o)
 .rodata.str1.4
                0x0000000000213520        0x6 contiki-mist-openmote.a(sht21.o)
                                          0x8 (size before relaxing)
 *fill*         0x0000000000213526        0x2 00000000
 .rodata        0x0000000000213528       0x58 contiki-mist-openmote.a(uart.o)
 .rodata        0x0000000000213580       0x2c contiki-mist-openmote.a(cc2538-rf.o)
                0x0000000000213580                cc2538_rf_driver
 .rodata.str1.4
                0x00000000002135ac       0x11 contiki-mist-openmote.a(cc2538-rf.o)
                                         0x14 (size before relaxing)
 *fill*         0x00000000002135bd        0x3 00000000
 .rodata        0x00000000002135c0       0x20 contiki-mist-openmote.a(strformat.o)
 .rodata.str1.4
                0x00000000002135e0       0x42 contiki-mist-openmote.a(strformat.o)
                                         0x48 (size before relaxing)
 *fill*         0x0000000000213622        0x2 00000000
 .rodata        0x0000000000213624        0x8 contiki-mist-openmote.a(rimeaddr.o)
                0x0000000000213624                rimeaddr_null
 .rodata        0x000000000021362c       0x20 contiki-mist-openmote.a(nullrdc.o)
                0x000000000021362c                nullrdc_driver
 .rodata.str1.4
                0x000000000021364c        0x8 contiki-mist-openmote.a(nullrdc.o)
 .rodata        0x0000000000213654        0x8 contiki-mist-openmote.a(framer-802154.o)
                0x0000000000213654                framer_802154
 .rodata        0x000000000021365c       0x1c contiki-mist-openmote.a(csma.o)
                0x000000000021365c                csma_driver
 .rodata.str1.4
                0x0000000000213678        0x5 contiki-mist-openmote.a(csma.o)
                                          0x8 (size before relaxing)
 *fill*         0x000000000021367d        0x3 00000000
 .rodata.str1.4
                0x0000000000213680        0xe contiki-mist-openmote.a(serial-line.o)
                                         0x10 (size before relaxing)
 *fill*         0x000000000021368e        0x2 00000000
 .rodata.str1.4
                0x0000000000213690        0xf contiki-mist-openmote.a(ctimer.o)
                                         0x10 (size before relaxing)
 *fill*         0x000000000021369f        0x1 00000000
 .rodata.str1.4
                0x00000000002136a0        0xe contiki-mist-openmote.a(random.o)
                                         0x10 (size before relaxing)
 *fill*         0x00000000002136ae        0x2 00000000
 .rodata        0x00000000002136b0       0x24 contiki-mist-openmote.a(sicslowpan.o)
                0x00000000002136b4                unc_ctxconf
                0x00000000002136b8                llprefix
                0x00000000002136bc                unc_llconf
                0x00000000002136c4                unc_mxconf
                0x00000000002136c8                sicslowpan_driver
 .rodata.str1.4
                0x00000000002136d4       0x2b contiki-mist-openmote.a(sicslowpan.o)
                                         0x2c (size before relaxing)
 *fill*         0x00000000002136ff        0x1 00000000
 .rodata.str1.4
                0x0000000000213700        0xd contiki-mist-openmote.a(tcpip.o)
                                         0x10 (size before relaxing)
 *fill*         0x000000000021370d        0x3 00000000
 .rodata.str1.4
                0x0000000000213710       0x11 contiki-mist-openmote.a(simple-rpl.o)
                                         0x18 (size before relaxing)
 *fill*         0x0000000000213721        0x3 00000000
 .rodata.str1.4
                0x0000000000213724       0x20 contiki-mist-openmote.a(uip-debug.o)
 .rodata        0x0000000000213744      0x20c contiki-mist-openmote.a(aes.o)
                0x0000000000213950                _etext = .

.glue_7         0x0000000000213950        0x0
 .glue_7        0x0000000000000000        0x0 linker stubs

.glue_7t        0x0000000000213950        0x0
 .glue_7t       0x0000000000000000        0x0 linker stubs

.vfp11_veneer   0x0000000000213950        0x0
 .vfp11_veneer  0x0000000000000000        0x0 linker stubs

.v4_bx          0x0000000000213950        0x0
 .v4_bx         0x0000000000000000        0x0 linker stubs

.iplt           0x0000000000213950        0x0
 .iplt          0x0000000000000000        0x0 obj_mist-openmote/startup-gcc.o

.socdata
 *(.udma_channel_control_table)

.data           0x0000000020000000      0x1c0 load address 0x0000000000213950
                0x0000000020000000                _data = .
 *(.data*)
 .data          0x0000000020000000        0x0 obj_mist-openmote/startup-gcc.o
 .data          0x0000000020000000       0x30 environode.co
                0x0000000020000010                mqtt_example_process
                0x0000000020000020                environode_process
 .data          0x0000000020000030        0x0 contiki-mist-openmote.a(process.o)
 .data          0x0000000020000030        0x0 contiki-mist-openmote.a(timer.o)
 .data          0x0000000020000030       0x10 contiki-mist-openmote.a(etimer.o)
                0x0000000020000030                etimer_process
 .data          0x0000000020000040       0x28 contiki-mist-openmote.a(uip-ds6-route.o)
 .data          0x0000000020000068       0x14 contiki-mist-openmote.a(uip-ds6-nbr.o)
                0x0000000020000068                ds6_neighbors
 .data          0x000000002000007c        0x0 contiki-mist-openmote.a(uip-ds6.o)
 .data          0x000000002000007c        0x0 contiki-mist-openmote.a(uip-nd6.o)
 .data          0x000000002000007c        0x0 contiki-mist-openmote.a(uip6.o)
 .data          0x000000002000007c       0x10 contiki-mist-openmote.a(mqtt.o)
                0x000000002000007c                mqtt_process
 .data          0x000000002000008c        0x1 contiki-mist-openmote.a(netstack-aes.o)
 .data          0x000000002000008d        0x0 contiki-mist-openmote.a(ip64-addr.o)
 *fill*         0x000000002000008d        0x3 
 .data          0x0000000020000090       0x10 contiki-mist-openmote.a(mdns.o)
                0x0000000020000090                mdns_process
 .data          0x00000000200000a0       0x10 contiki-mist-openmote.a(tcp-socket.o)
                0x00000000200000a0                tcp_socket_process
 .data          0x00000000200000b0        0x0 contiki-mist-openmote.a(contiki-mist-op)
 .data          0x00000000200000b0        0x4 contiki-mist-openmote.a(node-id.o)
                0x00000000200000b0                magic_id
 .data          0x00000000200000b4        0x0 contiki-mist-openmote.a(leds.o)
 .data          0x00000000200000b4        0x0 contiki-mist-openmote.a(leds-arch.o)
 .data          0x00000000200000b4       0x10 contiki-mist-openmote.a(sensors.o)
                0x00000000200000b4                sensors_process
 .data          0x00000000200000c4       0x2c contiki-mist-openmote.a(smartrf-sensors)
                0x00000000200000c4                sensors
 .data          0x00000000200000f0        0x0 contiki-mist-openmote.a(sht21.o)
 .data          0x00000000200000f0        0x1 contiki-mist-openmote.a(clock.o)
 .data          0x00000000200000f1        0x0 contiki-mist-openmote.a(rtimer-arch.o)
 .data          0x00000000200000f1        0x0 contiki-mist-openmote.a(uart.o)
 .data          0x00000000200000f1        0x0 contiki-mist-openmote.a(watchdog.o)
 .data          0x00000000200000f1        0x0 contiki-mist-openmote.a(nvic.o)
 .data          0x00000000200000f1        0x0 contiki-mist-openmote.a(cpu.o)
 .data          0x00000000200000f1        0x0 contiki-mist-openmote.a(sys-ctrl.o)
 .data          0x00000000200000f1        0x0 contiki-mist-openmote.a(gpio.o)
 .data          0x00000000200000f1        0x0 contiki-mist-openmote.a(ioc.o)
 *fill*         0x00000000200000f1        0x3 
 .data          0x00000000200000f4       0x10 contiki-mist-openmote.a(cc2538-rf.o)
                0x00000000200000f4                cc2538_rf_process
 .data          0x0000000020000104        0x0 contiki-mist-openmote.a(udma.o)
 .data          0x0000000020000104        0x0 contiki-mist-openmote.a(lpm.o)
 .data          0x0000000020000104        0x0 contiki-mist-openmote.a(dbg.o)
 .data          0x0000000020000104        0x0 contiki-mist-openmote.a(i2c.o)
 .data          0x0000000020000104        0x8 contiki-mist-openmote.a(dbg-printf.o)
 .data          0x000000002000010c        0x0 contiki-mist-openmote.a(dbg-sprintf.o)
 .data          0x000000002000010c        0x0 contiki-mist-openmote.a(strformat.o)
 .data          0x000000002000010c        0x0 contiki-mist-openmote.a(rimeaddr.o)
 .data          0x000000002000010c        0x0 contiki-mist-openmote.a(rimestats.o)
 .data          0x000000002000010c        0x0 contiki-mist-openmote.a(nullrdc.o)
 .data          0x000000002000010c        0x0 contiki-mist-openmote.a(mac.o)
 .data          0x000000002000010c        0x0 contiki-mist-openmote.a(framer-802154.o)
 .data          0x000000002000010c       0x24 contiki-mist-openmote.a(csma.o)
 .data          0x0000000020000130        0x0 contiki-mist-openmote.a(rpl.o)
 .data          0x0000000020000130       0x10 contiki-mist-openmote.a(rpl-dag.o)
 .data          0x0000000020000140        0x1 contiki-mist-openmote.a(rpl-icmp6.o)
 .data          0x0000000020000141        0x0 contiki-mist-openmote.a(rpl-timers.o)
 *fill*         0x0000000020000141        0x3 
 .data          0x0000000020000144       0x1c contiki-mist-openmote.a(rpl-mrhof.o)
                0x0000000020000144                rpl_mrhof
 .data          0x0000000020000160        0x0 contiki-mist-openmote.a(rpl-ext-header.)
 .data          0x0000000020000160        0x0 contiki-mist-openmote.a(autostart.o)
 .data          0x0000000020000160       0x10 contiki-mist-openmote.a(serial-line.o)
                0x0000000020000160                serial_line_process
 .data          0x0000000020000170        0x0 contiki-mist-openmote.a(memb.o)
 .data          0x0000000020000170        0x0 contiki-mist-openmote.a(list.o)
 .data          0x0000000020000170       0x10 contiki-mist-openmote.a(ctimer.o)
                0x0000000020000170                ctimer_process
 .data          0x0000000020000180        0x0 contiki-mist-openmote.a(energest.o)
 .data          0x0000000020000180        0x0 contiki-mist-openmote.a(rtimer.o)
 .data          0x0000000020000180        0x0 contiki-mist-openmote.a(stimer.o)
 .data          0x0000000020000180        0x0 contiki-mist-openmote.a(random.o)
 .data          0x0000000020000180        0x0 contiki-mist-openmote.a(ringbuf.o)
 .data          0x0000000020000180        0xc contiki-mist-openmote.a(nbr-table.o)
 .data          0x000000002000018c        0x0 contiki-mist-openmote.a(netstack.o)
 .data          0x000000002000018c        0x0 contiki-mist-openmote.a(packetbuf.o)
 .data          0x000000002000018c       0x24 contiki-mist-openmote.a(queuebuf.o)
 .data          0x00000000200001b0        0x0 contiki-mist-openmote.a(sicslowpan.o)
 .data          0x00000000200001b0       0x10 contiki-mist-openmote.a(tcpip.o)
                0x00000000200001b0                tcpip_process
 .data          0x00000000200001c0        0x0 contiki-mist-openmote.a(uip-icmp6.o)
 .data          0x00000000200001c0        0x0 contiki-mist-openmote.a(uip-udp-packet.)
 .data          0x00000000200001c0        0x0 contiki-mist-openmote.a(uiplib.o)
 .data          0x00000000200001c0        0x0 contiki-mist-openmote.a(aes-ccm.o)
 .data          0x00000000200001c0        0x0 contiki-mist-openmote.a(simple-rpl.o)
 .data          0x00000000200001c0        0x0 contiki-mist-openmote.a(frame802154.o)
 .data          0x00000000200001c0        0x0 contiki-mist-openmote.a(uip-debug.o)
 .data          0x00000000200001c0        0x0 contiki-mist-openmote.a(aes.o)
 .data          0x00000000200001c0        0x0 /usr/bin/../lib/gcc/arm-none-eabi/4.8.4/armv7-m/libgcc.a(_arm_addsubdf3.o)
 .data          0x00000000200001c0        0x0 /usr/bin/../lib/gcc/arm-none-eabi/4.8.4/armv7-m/libgcc.a(_arm_muldivdf3.o)
 .data          0x00000000200001c0        0x0 /usr/bin/../lib/gcc/arm-none-eabi/4.8.4/armv7-m/libgcc.a(_arm_truncdfsf2.o)
 .data          0x00000000200001c0        0x0 /usr/bin/../lib/gcc/arm-none-eabi/4.8.4/armv7-m/libgcc.a(_arm_addsubsf3.o)
 .data          0x00000000200001c0        0x0 /usr/bin/../lib/gcc/arm-none-eabi/4.8.4/armv7-m/libgcc.a(_arm_muldivsf3.o)
 .data          0x00000000200001c0        0x0 /usr/bin/../lib/gcc/arm-none-eabi/4.8.4/armv7-m/libgcc.a(_arm_cmpsf2.o)
 .data          0x00000000200001c0        0x0 /usr/bin/../lib/gcc/arm-none-eabi/4.8.4/armv7-m/libgcc.a(_arm_fixsfsi.o)
 .data          0x00000000200001c0        0x0 /usr/bin/../lib/gcc/arm-none-eabi/4.8.4/armv7-m/libgcc.a(_aeabi_uldivmod.o)
 .data          0x00000000200001c0        0x0 /usr/bin/../lib/gcc/arm-none-eabi/4.8.4/armv7-m/libgcc.a(bpabi.o)
 .data          0x00000000200001c0        0x0 /usr/bin/../lib/gcc/arm-none-eabi/4.8.4/armv7-m/libgcc.a(_dvmd_tls.o)
 .data          0x00000000200001c0        0x0 /usr/bin/../lib/gcc/arm-none-eabi/4.8.4/armv7-m/libgcc.a(_divdi3.o)
 .data          0x00000000200001c0        0x0 /usr/bin/../lib/gcc/arm-none-eabi/4.8.4/armv7-m/libgcc.a(_udivdi3.o)
 .data          0x00000000200001c0        0x0 /usr/bin/../lib/gcc/arm-none-eabi/4.8.4/../../../../arm-none-eabi/lib/armv7-m/libc.a(lib_a-memcmp.o)
 .data          0x00000000200001c0        0x0 /usr/bin/../lib/gcc/arm-none-eabi/4.8.4/../../../../arm-none-eabi/lib/armv7-m/libc.a(lib_a-memcpy.o)
 .data          0x00000000200001c0        0x0 /usr/bin/../lib/gcc/arm-none-eabi/4.8.4/../../../../arm-none-eabi/lib/armv7-m/libc.a(lib_a-memmove.o)
 .data          0x00000000200001c0        0x0 /usr/bin/../lib/gcc/arm-none-eabi/4.8.4/../../../../arm-none-eabi/lib/armv7-m/libc.a(lib_a-memset.o)
 .data          0x00000000200001c0        0x0 /usr/bin/../lib/gcc/arm-none-eabi/4.8.4/../../../../arm-none-eabi/lib/armv7-m/libc.a(lib_a-strcmp.o)
 .data          0x00000000200001c0        0x0 /usr/bin/../lib/gcc/arm-none-eabi/4.8.4/../../../../arm-none-eabi/lib/armv7-m/libc.a(lib_a-strcpy.o)
 .data          0x00000000200001c0        0x0 /usr/bin/../lib/gcc/arm-none-eabi/4.8.4/../../../../arm-none-eabi/lib/armv7-m/libc.a(lib_a-strlen.o)
 .data          0x00000000200001c0        0x0 /usr/bin/../lib/gcc/arm-none-eabi/4.8.4/../../../../arm-none-eabi/lib/armv7-m/libc.a(lib_a-strncmp.o)
 .data          0x00000000200001c0        0x0 /usr/bin/../lib/gcc/arm-none-eabi/4.8.4/../../../../arm-none-eabi/lib/armv7-m/libc.a(lib_a-strncpy.o)
                0x00000000200001c0                _edata = .

.igot.plt       0x00000000200001c0        0x0 load address 0x0000000000213b10
 .igot.plt      0x0000000000000000        0x0 obj_mist-openmote/startup-gcc.o

.ARM.exidx      0x0000000000213b10        0x8
 *(.ARM.exidx*)
 .ARM.exidx     0x0000000000213b10        0x8 /usr/bin/../lib/gcc/arm-none-eabi/4.8.4/armv7-m/libgcc.a(_divdi3.o)
 .ARM.exidx     0x0000000000213b18        0x0 /usr/bin/../lib/gcc/arm-none-eabi/4.8.4/armv7-m/libgcc.a(_udivdi3.o)
                                          0x8 (size before relaxing)

.bss            0x0000000020000400     0x373d
                0x0000000020000400                _bss = .
 *(.bss*)
 .bss           0x0000000020000400      0x800 obj_mist-openmote/startup-gcc.o
 .bss           0x0000000020000c00      0x5f4 environode.co
                0x00000000200011c4                isReady
 .bss           0x00000000200011f4       0x80 contiki-mist-openmote.a(process.o)
                0x00000000200011f4                process_current
                0x00000000200011f8                process_list
 .bss           0x0000000020001274        0x0 contiki-mist-openmote.a(timer.o)
 .bss           0x0000000020001274        0x8 contiki-mist-openmote.a(etimer.o)
 .bss           0x000000002000127c      0x424 contiki-mist-openmote.a(uip-ds6-route.o)
 .bss           0x00000000200016a0      0x2d0 contiki-mist-openmote.a(uip-ds6-nbr.o)
 .bss           0x0000000020001970       0x20 contiki-mist-openmote.a(uip-ds6.o)
 .bss           0x0000000020001990       0x14 contiki-mist-openmote.a(uip-nd6.o)
 .bss           0x00000000200019a4       0x14 contiki-mist-openmote.a(uip6.o)
                0x00000000200019a4                uip_ext_len
                0x00000000200019a5                uip_ext_opt_offset
                0x00000000200019b0                uip_ext_bitmap
 .bss           0x00000000200019b8       0x1c contiki-mist-openmote.a(mqtt.o)
 .bss           0x00000000200019d4       0x98 contiki-mist-openmote.a(netstack-aes.o)
 .bss           0x0000000020001a6c        0x0 contiki-mist-openmote.a(ip64-addr.o)
 .bss           0x0000000020001a6c      0x134 contiki-mist-openmote.a(mdns.o)
 .bss           0x0000000020001ba0        0x8 contiki-mist-openmote.a(tcp-socket.o)
 .bss           0x0000000020001ba8        0x8 contiki-mist-openmote.a(contiki-mist-op)
                0x0000000020001ba8                state
                0x0000000020001bac                sys_clock
 .bss           0x0000000020001bb0        0x2 contiki-mist-openmote.a(node-id.o)
                0x0000000020001bb0                node_id
 .bss           0x0000000020001bb2        0x2 contiki-mist-openmote.a(leds.o)
 .bss           0x0000000020001bb4        0x0 contiki-mist-openmote.a(leds-arch.o)
 .bss           0x0000000020001bb4        0xc contiki-mist-openmote.a(sensors.o)
 .bss           0x0000000020001bc0        0x0 contiki-mist-openmote.a(smartrf-sensors)
 .bss           0x0000000020001bc0        0x2 contiki-mist-openmote.a(sht21.o)
 *fill*         0x0000000020001bc2        0x2 
 .bss           0x0000000020001bc4        0x8 contiki-mist-openmote.a(clock.o)
 .bss           0x0000000020001bcc        0x4 contiki-mist-openmote.a(rtimer-arch.o)
 .bss           0x0000000020001bd0        0x8 contiki-mist-openmote.a(uart.o)
 .bss           0x0000000020001bd8        0x0 contiki-mist-openmote.a(watchdog.o)
 .bss           0x0000000020001bd8       0x10 contiki-mist-openmote.a(nvic.o)
 .bss           0x0000000020001be8        0x0 contiki-mist-openmote.a(cpu.o)
 .bss           0x0000000020001be8        0x0 contiki-mist-openmote.a(sys-ctrl.o)
 .bss           0x0000000020001be8       0x80 contiki-mist-openmote.a(gpio.o)
 .bss           0x0000000020001c68        0x8 contiki-mist-openmote.a(ioc.o)
 .bss           0x0000000020001c70        0x1 contiki-mist-openmote.a(cc2538-rf.o)
 *fill*         0x0000000020001c71      0x38f 
 .bss           0x0000000020002000      0x400 contiki-mist-openmote.a(udma.o)
 .bss           0x0000000020002400       0x14 contiki-mist-openmote.a(lpm.o)
 .bss           0x0000000020002414        0x0 contiki-mist-openmote.a(dbg.o)
 .bss           0x0000000020002414        0x0 contiki-mist-openmote.a(i2c.o)
 .bss           0x0000000020002414        0x0 contiki-mist-openmote.a(dbg-printf.o)
 .bss           0x0000000020002414        0x0 contiki-mist-openmote.a(dbg-sprintf.o)
 .bss           0x0000000020002414        0x0 contiki-mist-openmote.a(strformat.o)
 .bss           0x0000000020002414        0x0 contiki-mist-openmote.a(rimeaddr.o)
 .bss           0x0000000020002414        0x0 contiki-mist-openmote.a(rimestats.o)
 .bss           0x0000000020002414       0x48 contiki-mist-openmote.a(nullrdc.o)
 .bss           0x000000002000245c        0x0 contiki-mist-openmote.a(mac.o)
 .bss           0x000000002000245c        0x2 contiki-mist-openmote.a(framer-802154.o)
 *fill*         0x000000002000245e        0x2 
 .bss           0x0000000020002460      0x14c contiki-mist-openmote.a(csma.o)
 .bss           0x00000000200025ac        0x1 contiki-mist-openmote.a(rpl.o)
 *fill*         0x00000000200025ad        0x3 
 .bss           0x00000000200025b0      0x140 contiki-mist-openmote.a(rpl-dag.o)
 .bss           0x00000000200026f0        0x0 contiki-mist-openmote.a(rpl-icmp6.o)
 .bss           0x00000000200026f0       0x28 contiki-mist-openmote.a(rpl-timers.o)
 .bss           0x0000000020002718        0x0 contiki-mist-openmote.a(rpl-mrhof.o)
 .bss           0x0000000020002718        0x0 contiki-mist-openmote.a(rpl-ext-header.)
 .bss           0x0000000020002718        0x0 contiki-mist-openmote.a(autostart.o)
 .bss           0x0000000020002718      0x110 contiki-mist-openmote.a(serial-line.o)
 .bss           0x0000000020002828        0x0 contiki-mist-openmote.a(memb.o)
 .bss           0x0000000020002828        0x0 contiki-mist-openmote.a(list.o)
 .bss           0x0000000020002828        0x8 contiki-mist-openmote.a(ctimer.o)
 .bss           0x0000000020002830        0x0 contiki-mist-openmote.a(energest.o)
 .bss           0x0000000020002830        0x4 contiki-mist-openmote.a(rtimer.o)
 .bss           0x0000000020002834        0x0 contiki-mist-openmote.a(stimer.o)
 .bss           0x0000000020002834        0x0 contiki-mist-openmote.a(random.o)
 .bss           0x0000000020002834        0x0 contiki-mist-openmote.a(ringbuf.o)
 .bss           0x0000000020002834      0x154 contiki-mist-openmote.a(nbr-table.o)
 .bss           0x0000000020002988        0x0 contiki-mist-openmote.a(netstack.o)
 .bss           0x0000000020002988       0xc0 contiki-mist-openmote.a(packetbuf.o)
 .bss           0x0000000020002a48      0x73c contiki-mist-openmote.a(queuebuf.o)
 .bss           0x0000000020003184      0x108 contiki-mist-openmote.a(sicslowpan.o)
 .bss           0x000000002000328c       0x60 contiki-mist-openmote.a(tcpip.o)
 .bss           0x00000000200032ec       0x14 contiki-mist-openmote.a(uip-icmp6.o)
 .bss           0x0000000020003300        0x0 contiki-mist-openmote.a(uip-udp-packet.)
 .bss           0x0000000020003300        0x0 contiki-mist-openmote.a(uiplib.o)
 .bss           0x0000000020003300       0x10 contiki-mist-openmote.a(aes-ccm.o)
 .bss           0x0000000020003310       0x3c contiki-mist-openmote.a(simple-rpl.o)
 .bss           0x000000002000334c        0x0 contiki-mist-openmote.a(frame802154.o)
 .bss           0x000000002000334c        0x0 contiki-mist-openmote.a(uip-debug.o)
 .bss           0x000000002000334c       0xb0 contiki-mist-openmote.a(aes.o)
 .bss           0x00000000200033fc        0x0 /usr/bin/../lib/gcc/arm-none-eabi/4.8.4/armv7-m/libgcc.a(_arm_addsubdf3.o)
 .bss           0x00000000200033fc        0x0 /usr/bin/../lib/gcc/arm-none-eabi/4.8.4/armv7-m/libgcc.a(_arm_muldivdf3.o)
 .bss           0x00000000200033fc        0x0 /usr/bin/../lib/gcc/arm-none-eabi/4.8.4/armv7-m/libgcc.a(_arm_truncdfsf2.o)
 .bss           0x00000000200033fc        0x0 /usr/bin/../lib/gcc/arm-none-eabi/4.8.4/armv7-m/libgcc.a(_arm_addsubsf3.o)
 .bss           0x00000000200033fc        0x0 /usr/bin/../lib/gcc/arm-none-eabi/4.8.4/armv7-m/libgcc.a(_arm_muldivsf3.o)
 .bss           0x00000000200033fc        0x0 /usr/bin/../lib/gcc/arm-none-eabi/4.8.4/armv7-m/libgcc.a(_arm_cmpsf2.o)
 .bss           0x00000000200033fc        0x0 /usr/bin/../lib/gcc/arm-none-eabi/4.8.4/armv7-m/libgcc.a(_arm_fixsfsi.o)
 .bss           0x00000000200033fc        0x0 /usr/bin/../lib/gcc/arm-none-eabi/4.8.4/armv7-m/libgcc.a(_aeabi_uldivmod.o)
 .bss           0x00000000200033fc        0x0 /usr/bin/../lib/gcc/arm-none-eabi/4.8.4/armv7-m/libgcc.a(bpabi.o)
 .bss           0x00000000200033fc        0x0 /usr/bin/../lib/gcc/arm-none-eabi/4.8.4/armv7-m/libgcc.a(_dvmd_tls.o)
 .bss           0x00000000200033fc        0x0 /usr/bin/../lib/gcc/arm-none-eabi/4.8.4/armv7-m/libgcc.a(_divdi3.o)
 .bss           0x00000000200033fc        0x0 /usr/bin/../lib/gcc/arm-none-eabi/4.8.4/armv7-m/libgcc.a(_udivdi3.o)
 .bss           0x00000000200033fc        0x0 /usr/bin/../lib/gcc/arm-none-eabi/4.8.4/../../../../arm-none-eabi/lib/armv7-m/libc.a(lib_a-memcmp.o)
 .bss           0x00000000200033fc        0x0 /usr/bin/../lib/gcc/arm-none-eabi/4.8.4/../../../../arm-none-eabi/lib/armv7-m/libc.a(lib_a-memcpy.o)
 .bss           0x00000000200033fc        0x0 /usr/bin/../lib/gcc/arm-none-eabi/4.8.4/../../../../arm-none-eabi/lib/armv7-m/libc.a(lib_a-memmove.o)
 .bss           0x00000000200033fc        0x0 /usr/bin/../lib/gcc/arm-none-eabi/4.8.4/../../../../arm-none-eabi/lib/armv7-m/libc.a(lib_a-memset.o)
 .bss           0x00000000200033fc        0x0 /usr/bin/../lib/gcc/arm-none-eabi/4.8.4/../../../../arm-none-eabi/lib/armv7-m/libc.a(lib_a-strcmp.o)
 .bss           0x00000000200033fc        0x0 /usr/bin/../lib/gcc/arm-none-eabi/4.8.4/../../../../arm-none-eabi/lib/armv7-m/libc.a(lib_a-strcpy.o)
 .bss           0x00000000200033fc        0x0 /usr/bin/../lib/gcc/arm-none-eabi/4.8.4/../../../../arm-none-eabi/lib/armv7-m/libc.a(lib_a-strlen.o)
 .bss           0x00000000200033fc        0x0 /usr/bin/../lib/gcc/arm-none-eabi/4.8.4/../../../../arm-none-eabi/lib/armv7-m/libc.a(lib_a-strncmp.o)
 .bss           0x00000000200033fc        0x0 /usr/bin/../lib/gcc/arm-none-eabi/4.8.4/../../../../arm-none-eabi/lib/armv7-m/libc.a(lib_a-strncpy.o)
 *(COMMON)
 COMMON         0x00000000200033fc       0x48 environode.co
                0x00000000200033fc                num_dev
                0x0000000020003400                suhu
                0x0000000020003404                ctemp
                0x0000000020003418                ctemps
                0x000000002000342c                chum
                0x0000000020003440                lembab
 COMMON         0x0000000020003444        0x1 contiki-mist-openmote.a(process.o)
                0x0000000020003444                process_maxevents
 *fill*         0x0000000020003445        0x3 
 COMMON         0x0000000020003448      0x174 contiki-mist-openmote.a(uip-ds6.o)
                0x0000000020003448                uip_ds6_timer_ra
                0x0000000020003450                uip_ds6_if
                0x0000000020003548                uip_ds6_netif_addr_list_offset
                0x0000000020003549                uip_ds6_addr_size
                0x000000002000354c                uip_ds6_prefix_list
                0x00000000200035ac                uip_ds6_timer_periodic
 COMMON         0x00000000200035bc      0x344 contiki-mist-openmote.a(uip6.o)
                0x00000000200035bc                uip_len
                0x00000000200035c0                uip_sappdata
                0x00000000200035c4                uip_acc32
                0x00000000200035c8                uip_lladdr
                0x00000000200035d0                uip_aligned_buf
                0x0000000020003698                uip_flags
                0x000000002000369c                uip_next_hdr
                0x00000000200036a0                uip_udp_conn
                0x00000000200036a4                uip_appdata
                0x00000000200036a8                uip_conn
                0x00000000200036ac                uip_conns
                0x000000002000376c                uip_listenports
                0x000000002000377c                uip_slen
                0x0000000020003780                uip_udp_conns
 COMMON         0x0000000020003900        0x1 contiki-mist-openmote.a(mqtt.o)
                0x0000000020003900                mqtt_update_event
 COMMON         0x0000000020003901        0x1 contiki-mist-openmote.a(mdns.o)
                0x0000000020003901                mdns_event_found
 *fill*         0x0000000020003902        0x2 
 COMMON         0x0000000020003904        0x8 contiki-mist-openmote.a(node-id.o)
                0x0000000020003904                node_mac
 COMMON         0x000000002000390c        0x1 contiki-mist-openmote.a(sensors.o)
                0x000000002000390c                sensors_event
 *fill*         0x000000002000390d        0x3 
 COMMON         0x0000000020003910        0xb contiki-mist-openmote.a(smartrf-sensors)
                0x0000000020003910                sensors_flags
 *fill*         0x000000002000391b        0x1 
 COMMON         0x000000002000391c        0x8 contiki-mist-openmote.a(rimeaddr.o)
                0x000000002000391c                rimeaddr_node_addr
 COMMON         0x0000000020003924       0x54 contiki-mist-openmote.a(rimestats.o)
                0x0000000020003924                rimestats
 COMMON         0x0000000020003978       0xf8 contiki-mist-openmote.a(rpl-dag.o)
                0x0000000020003978                default_instance
                0x000000002000397c                instance_table
 COMMON         0x0000000020003a70        0x1 contiki-mist-openmote.a(serial-line.o)
                0x0000000020003a70                serial_line_event_message
 *fill*         0x0000000020003a71        0x3 
 COMMON         0x0000000020003a74       0x70 contiki-mist-openmote.a(energest.o)
                0x0000000020003a74                energest_total_time
                0x0000000020003aa4                energest_total_count
                0x0000000020003aa8                energest_current_mode
                0x0000000020003ab4                energest_current_time
 COMMON         0x0000000020003ae4       0x50 contiki-mist-openmote.a(packetbuf.o)
                0x0000000020003ae4                packetbuf_addrs
                0x0000000020003b04                packetbuf_attrs
 COMMON         0x0000000020003b34        0x8 contiki-mist-openmote.a(sicslowpan.o)
                0x0000000020003b34                frag_sender
 COMMON         0x0000000020003b3c        0x1 contiki-mist-openmote.a(tcpip.o)
                0x0000000020003b3c                tcpip_event
                0x0000000020003b3d                _ebss = .

.flashcca       0x000000000027ffd4       0x2c
 *(.flashcca)
 .flashcca      0x000000000027ffd4       0x2c obj_mist-openmote/startup-gcc.o
                0x000000000027ffd4                __cca
OUTPUT(environode.mist-openmote elf32-littlearm)

.ARM.extab      0x0000000000280000        0x0
 .ARM.extab     0x0000000000280000        0x0 /usr/bin/../lib/gcc/arm-none-eabi/4.8.4/armv7-m/libgcc.a(_divdi3.o)
 .ARM.extab     0x0000000000280000        0x0 /usr/bin/../lib/gcc/arm-none-eabi/4.8.4/armv7-m/libgcc.a(_udivdi3.o)

.rel.dyn        0x0000000000280000        0x0
 .rel.iplt      0x0000000000000000        0x0 obj_mist-openmote/startup-gcc.o

.comment        0x0000000000000000       0x70
 .comment       0x0000000000000000       0x70 obj_mist-openmote/startup-gcc.o
                                         0x71 (size before relaxing)
 .comment       0x0000000000000000       0x71 environode.co
 .comment       0x0000000000000000       0x71 contiki-mist-openmote.a(process.o)
 .comment       0x0000000000000000       0x71 contiki-mist-openmote.a(timer.o)
 .comment       0x0000000000000000       0x71 contiki-mist-openmote.a(etimer.o)
 .comment       0x0000000000000000       0x71 contiki-mist-openmote.a(uip-ds6-route.o)
 .comment       0x0000000000000000       0x71 contiki-mist-openmote.a(uip-ds6-nbr.o)
 .comment       0x0000000000000000       0x71 contiki-mist-openmote.a(uip-ds6.o)
 .comment       0x0000000000000000       0x71 contiki-mist-openmote.a(uip-nd6.o)
 .comment       0x0000000000000000       0x71 contiki-mist-openmote.a(uip6.o)
 .comment       0x0000000000000000       0x71 contiki-mist-openmote.a(mqtt.o)
 .comment       0x0000000000000000       0x71 contiki-mist-openmote.a(netstack-aes.o)
 .comment       0x0000000000000000       0x71 contiki-mist-openmote.a(ip64-addr.o)
 .comment       0x0000000000000000       0x71 contiki-mist-openmote.a(mdns.o)
 .comment       0x0000000000000000       0x71 contiki-mist-openmote.a(tcp-socket.o)
 .comment       0x0000000000000000       0x71 contiki-mist-openmote.a(contiki-mist-op)
 .comment       0x0000000000000000       0x71 contiki-mist-openmote.a(node-id.o)
 .comment       0x0000000000000000       0x71 contiki-mist-openmote.a(leds.o)
 .comment       0x0000000000000000       0x71 contiki-mist-openmote.a(leds-arch.o)
 .comment       0x0000000000000000       0x71 contiki-mist-openmote.a(sensors.o)
 .comment       0x0000000000000000       0x71 contiki-mist-openmote.a(smartrf-sensors)
 .comment       0x0000000000000000       0x71 contiki-mist-openmote.a(sht21.o)
 .comment       0x0000000000000000       0x71 contiki-mist-openmote.a(clock.o)
 .comment       0x0000000000000000       0x71 contiki-mist-openmote.a(rtimer-arch.o)
 .comment       0x0000000000000000       0x71 contiki-mist-openmote.a(uart.o)
 .comment       0x0000000000000000       0x71 contiki-mist-openmote.a(watchdog.o)
 .comment       0x0000000000000000       0x71 contiki-mist-openmote.a(nvic.o)
 .comment       0x0000000000000000       0x71 contiki-mist-openmote.a(cpu.o)
 .comment       0x0000000000000000       0x71 contiki-mist-openmote.a(sys-ctrl.o)
 .comment       0x0000000000000000       0x71 contiki-mist-openmote.a(gpio.o)
 .comment       0x0000000000000000       0x71 contiki-mist-openmote.a(ioc.o)
 .comment       0x0000000000000000       0x71 contiki-mist-openmote.a(cc2538-rf.o)
 .comment       0x0000000000000000       0x71 contiki-mist-openmote.a(udma.o)
 .comment       0x0000000000000000       0x71 contiki-mist-openmote.a(lpm.o)
 .comment       0x0000000000000000       0x71 contiki-mist-openmote.a(dbg.o)
 .comment       0x0000000000000000       0x71 contiki-mist-openmote.a(i2c.o)
 .comment       0x0000000000000000       0x71 contiki-mist-openmote.a(dbg-printf.o)
 .comment       0x0000000000000000       0x71 contiki-mist-openmote.a(dbg-sprintf.o)
 .comment       0x0000000000000000       0x71 contiki-mist-openmote.a(strformat.o)
 .comment       0x0000000000000000       0x71 contiki-mist-openmote.a(rimeaddr.o)
 .comment       0x0000000000000000       0x71 contiki-mist-openmote.a(rimestats.o)
 .comment       0x0000000000000000       0x71 contiki-mist-openmote.a(nullrdc.o)
 .comment       0x0000000000000000       0x71 contiki-mist-openmote.a(mac.o)
 .comment       0x0000000000000000       0x71 contiki-mist-openmote.a(framer-802154.o)
 .comment       0x0000000000000000       0x71 contiki-mist-openmote.a(csma.o)
 .comment       0x0000000000000000       0x71 contiki-mist-openmote.a(rpl.o)
 .comment       0x0000000000000000       0x71 contiki-mist-openmote.a(rpl-dag.o)
 .comment       0x0000000000000000       0x71 contiki-mist-openmote.a(rpl-icmp6.o)
 .comment       0x0000000000000000       0x71 contiki-mist-openmote.a(rpl-timers.o)
 .comment       0x0000000000000000       0x71 contiki-mist-openmote.a(rpl-mrhof.o)
 .comment       0x0000000000000000       0x71 contiki-mist-openmote.a(rpl-ext-header.)
 .comment       0x0000000000000000       0x71 contiki-mist-openmote.a(autostart.o)
 .comment       0x0000000000000000       0x71 contiki-mist-openmote.a(serial-line.o)
 .comment       0x0000000000000000       0x71 contiki-mist-openmote.a(memb.o)
 .comment       0x0000000000000000       0x71 contiki-mist-openmote.a(list.o)
 .comment       0x0000000000000000       0x71 contiki-mist-openmote.a(ctimer.o)
 .comment       0x0000000000000000       0x71 contiki-mist-openmote.a(energest.o)
 .comment       0x0000000000000000       0x71 contiki-mist-openmote.a(rtimer.o)
 .comment       0x0000000000000000       0x71 contiki-mist-openmote.a(stimer.o)
 .comment       0x0000000000000000       0x71 contiki-mist-openmote.a(random.o)
 .comment       0x0000000000000000       0x71 contiki-mist-openmote.a(ringbuf.o)
 .comment       0x0000000000000000       0x71 contiki-mist-openmote.a(nbr-table.o)
 .comment       0x0000000000000000       0x71 contiki-mist-openmote.a(netstack.o)
 .comment       0x0000000000000000       0x71 contiki-mist-openmote.a(packetbuf.o)
 .comment       0x0000000000000000       0x71 contiki-mist-openmote.a(queuebuf.o)
 .comment       0x0000000000000000       0x71 contiki-mist-openmote.a(sicslowpan.o)
 .comment       0x0000000000000000       0x71 contiki-mist-openmote.a(tcpip.o)
 .comment       0x0000000000000000       0x71 contiki-mist-openmote.a(uip-icmp6.o)
 .comment       0x0000000000000000       0x71 contiki-mist-openmote.a(uip-udp-packet.)
 .comment       0x0000000000000000       0x71 contiki-mist-openmote.a(uiplib.o)
 .comment       0x0000000000000000       0x71 contiki-mist-openmote.a(aes-ccm.o)
 .comment       0x0000000000000000       0x71 contiki-mist-openmote.a(simple-rpl.o)
 .comment       0x0000000000000000       0x71 contiki-mist-openmote.a(frame802154.o)
 .comment       0x0000000000000000       0x71 contiki-mist-openmote.a(uip-debug.o)
 .comment       0x0000000000000000       0x71 contiki-mist-openmote.a(aes.o)

.ARM.attributes
                0x0000000000000000       0x31
 .ARM.attributes
                0x0000000000000000       0x33 obj_mist-openmote/startup-gcc.o
 .ARM.attributes
                0x0000000000000033       0x33 environode.co
 .ARM.attributes
                0x0000000000000066       0x33 contiki-mist-openmote.a(process.o)
 .ARM.attributes
                0x0000000000000099       0x33 contiki-mist-openmote.a(timer.o)
 .ARM.attributes
                0x00000000000000cc       0x33 contiki-mist-openmote.a(etimer.o)
 .ARM.attributes
                0x00000000000000ff       0x33 contiki-mist-openmote.a(uip-ds6-route.o)
 .ARM.attributes
                0x0000000000000132       0x33 contiki-mist-openmote.a(uip-ds6-nbr.o)
 .ARM.attributes
                0x0000000000000165       0x33 contiki-mist-openmote.a(uip-ds6.o)
 .ARM.attributes
                0x0000000000000198       0x33 contiki-mist-openmote.a(uip-nd6.o)
 .ARM.attributes
                0x00000000000001cb       0x33 contiki-mist-openmote.a(uip6.o)
 .ARM.attributes
                0x00000000000001fe       0x33 contiki-mist-openmote.a(mqtt.o)
 .ARM.attributes
                0x0000000000000231       0x33 contiki-mist-openmote.a(netstack-aes.o)
 .ARM.attributes
                0x0000000000000264       0x33 contiki-mist-openmote.a(ip64-addr.o)
 .ARM.attributes
                0x0000000000000297       0x33 contiki-mist-openmote.a(mdns.o)
 .ARM.attributes
                0x00000000000002ca       0x33 contiki-mist-openmote.a(tcp-socket.o)
 .ARM.attributes
                0x00000000000002fd       0x33 contiki-mist-openmote.a(contiki-mist-op)
 .ARM.attributes
                0x0000000000000330       0x33 contiki-mist-openmote.a(node-id.o)
 .ARM.attributes
                0x0000000000000363       0x33 contiki-mist-openmote.a(leds.o)
 .ARM.attributes
                0x0000000000000396       0x33 contiki-mist-openmote.a(leds-arch.o)
 .ARM.attributes
                0x00000000000003c9       0x33 contiki-mist-openmote.a(sensors.o)
 .ARM.attributes
                0x00000000000003fc       0x33 contiki-mist-openmote.a(smartrf-sensors)
 .ARM.attributes
                0x000000000000042f       0x33 contiki-mist-openmote.a(sht21.o)
 .ARM.attributes
                0x0000000000000462       0x33 contiki-mist-openmote.a(clock.o)
 .ARM.attributes
                0x0000000000000495       0x33 contiki-mist-openmote.a(rtimer-arch.o)
 .ARM.attributes
                0x00000000000004c8       0x33 contiki-mist-openmote.a(uart.o)
 .ARM.attributes
                0x00000000000004fb       0x33 contiki-mist-openmote.a(watchdog.o)
 .ARM.attributes
                0x000000000000052e       0x33 contiki-mist-openmote.a(nvic.o)
 .ARM.attributes
                0x0000000000000561       0x33 contiki-mist-openmote.a(cpu.o)
 .ARM.attributes
                0x0000000000000594       0x33 contiki-mist-openmote.a(sys-ctrl.o)
 .ARM.attributes
                0x00000000000005c7       0x33 contiki-mist-openmote.a(gpio.o)
 .ARM.attributes
                0x00000000000005fa       0x33 contiki-mist-openmote.a(ioc.o)
 .ARM.attributes
                0x000000000000062d       0x33 contiki-mist-openmote.a(cc2538-rf.o)
 .ARM.attributes
                0x0000000000000660       0x33 contiki-mist-openmote.a(udma.o)
 .ARM.attributes
                0x0000000000000693       0x33 contiki-mist-openmote.a(lpm.o)
 .ARM.attributes
                0x00000000000006c6       0x33 contiki-mist-openmote.a(dbg.o)
 .ARM.attributes
                0x00000000000006f9       0x33 contiki-mist-openmote.a(i2c.o)
 .ARM.attributes
                0x000000000000072c       0x33 contiki-mist-openmote.a(dbg-printf.o)
 .ARM.attributes
                0x000000000000075f       0x33 contiki-mist-openmote.a(dbg-sprintf.o)
 .ARM.attributes
                0x0000000000000792       0x33 contiki-mist-openmote.a(strformat.o)
 .ARM.attributes
                0x00000000000007c5       0x33 contiki-mist-openmote.a(rimeaddr.o)
 .ARM.attributes
                0x00000000000007f8       0x33 contiki-mist-openmote.a(rimestats.o)
 .ARM.attributes
                0x000000000000082b       0x33 contiki-mist-openmote.a(nullrdc.o)
 .ARM.attributes
                0x000000000000085e       0x33 contiki-mist-openmote.a(mac.o)
 .ARM.attributes
                0x0000000000000891       0x33 contiki-mist-openmote.a(framer-802154.o)
 .ARM.attributes
                0x00000000000008c4       0x33 contiki-mist-openmote.a(csma.o)
 .ARM.attributes
                0x00000000000008f7       0x33 contiki-mist-openmote.a(rpl.o)
 .ARM.attributes
                0x000000000000092a       0x33 contiki-mist-openmote.a(rpl-dag.o)
 .ARM.attributes
                0x000000000000095d       0x33 contiki-mist-openmote.a(rpl-icmp6.o)
 .ARM.attributes
                0x0000000000000990       0x33 contiki-mist-openmote.a(rpl-timers.o)
 .ARM.attributes
                0x00000000000009c3       0x33 contiki-mist-openmote.a(rpl-mrhof.o)
 .ARM.attributes
                0x00000000000009f6       0x33 contiki-mist-openmote.a(rpl-ext-header.)
 .ARM.attributes
                0x0000000000000a29       0x33 contiki-mist-openmote.a(autostart.o)
 .ARM.attributes
                0x0000000000000a5c       0x33 contiki-mist-openmote.a(serial-line.o)
 .ARM.attributes
                0x0000000000000a8f       0x33 contiki-mist-openmote.a(memb.o)
 .ARM.attributes
                0x0000000000000ac2       0x33 contiki-mist-openmote.a(list.o)
 .ARM.attributes
                0x0000000000000af5       0x33 contiki-mist-openmote.a(ctimer.o)
 .ARM.attributes
                0x0000000000000b28       0x33 contiki-mist-openmote.a(energest.o)
 .ARM.attributes
                0x0000000000000b5b       0x33 contiki-mist-openmote.a(rtimer.o)
 .ARM.attributes
                0x0000000000000b8e       0x33 contiki-mist-openmote.a(stimer.o)
 .ARM.attributes
                0x0000000000000bc1       0x33 contiki-mist-openmote.a(random.o)
 .ARM.attributes
                0x0000000000000bf4       0x33 contiki-mist-openmote.a(ringbuf.o)
 .ARM.attributes
                0x0000000000000c27       0x33 contiki-mist-openmote.a(nbr-table.o)
 .ARM.attributes
                0x0000000000000c5a       0x33 contiki-mist-openmote.a(netstack.o)
 .ARM.attributes
                0x0000000000000c8d       0x33 contiki-mist-openmote.a(packetbuf.o)
 .ARM.attributes
                0x0000000000000cc0       0x33 contiki-mist-openmote.a(queuebuf.o)
 .ARM.attributes
                0x0000000000000cf3       0x33 contiki-mist-openmote.a(sicslowpan.o)
 .ARM.attributes
                0x0000000000000d26       0x33 contiki-mist-openmote.a(tcpip.o)
 .ARM.attributes
                0x0000000000000d59       0x33 contiki-mist-openmote.a(uip-icmp6.o)
 .ARM.attributes
                0x0000000000000d8c       0x33 contiki-mist-openmote.a(uip-udp-packet.)
 .ARM.attributes
                0x0000000000000dbf       0x33 contiki-mist-openmote.a(uiplib.o)
 .ARM.attributes
                0x0000000000000df2       0x33 contiki-mist-openmote.a(aes-ccm.o)
 .ARM.attributes
                0x0000000000000e25       0x33 contiki-mist-openmote.a(simple-rpl.o)
 .ARM.attributes
                0x0000000000000e58       0x33 contiki-mist-openmote.a(frame802154.o)
 .ARM.attributes
                0x0000000000000e8b       0x33 contiki-mist-openmote.a(uip-debug.o)
 .ARM.attributes
                0x0000000000000ebe       0x33 contiki-mist-openmote.a(aes.o)
 .ARM.attributes
                0x0000000000000ef1       0x1d /usr/bin/../lib/gcc/arm-none-eabi/4.8.4/armv7-m/libgcc.a(_arm_addsubdf3.o)
 .ARM.attributes
                0x0000000000000f0e       0x1d /usr/bin/../lib/gcc/arm-none-eabi/4.8.4/armv7-m/libgcc.a(_arm_muldivdf3.o)
 .ARM.attributes
                0x0000000000000f2b       0x1d /usr/bin/../lib/gcc/arm-none-eabi/4.8.4/armv7-m/libgcc.a(_arm_truncdfsf2.o)
 .ARM.attributes
                0x0000000000000f48       0x1d /usr/bin/../lib/gcc/arm-none-eabi/4.8.4/armv7-m/libgcc.a(_arm_addsubsf3.o)
 .ARM.attributes
                0x0000000000000f65       0x1d /usr/bin/../lib/gcc/arm-none-eabi/4.8.4/armv7-m/libgcc.a(_arm_muldivsf3.o)
 .ARM.attributes
                0x0000000000000f82       0x1d /usr/bin/../lib/gcc/arm-none-eabi/4.8.4/armv7-m/libgcc.a(_arm_cmpsf2.o)
 .ARM.attributes
                0x0000000000000f9f       0x1d /usr/bin/../lib/gcc/arm-none-eabi/4.8.4/armv7-m/libgcc.a(_arm_fixsfsi.o)
 .ARM.attributes
                0x0000000000000fbc       0x1d /usr/bin/../lib/gcc/arm-none-eabi/4.8.4/armv7-m/libgcc.a(_aeabi_uldivmod.o)
 .ARM.attributes
                0x0000000000000fd9       0x2d /usr/bin/../lib/gcc/arm-none-eabi/4.8.4/armv7-m/libgcc.a(bpabi.o)
 .ARM.attributes
                0x0000000000001006       0x1d /usr/bin/../lib/gcc/arm-none-eabi/4.8.4/armv7-m/libgcc.a(_dvmd_tls.o)
 .ARM.attributes
                0x0000000000001023       0x2d /usr/bin/../lib/gcc/arm-none-eabi/4.8.4/armv7-m/libgcc.a(_divdi3.o)
 .ARM.attributes
                0x0000000000001050       0x2d /usr/bin/../lib/gcc/arm-none-eabi/4.8.4/armv7-m/libgcc.a(_udivdi3.o)
 .ARM.attributes
                0x000000000000107d       0x2d /usr/bin/../lib/gcc/arm-none-eabi/4.8.4/../../../../arm-none-eabi/lib/armv7-m/libc.a(lib_a-memcmp.o)
 .ARM.attributes
                0x00000000000010aa       0x1b /usr/bin/../lib/gcc/arm-none-eabi/4.8.4/../../../../arm-none-eabi/lib/armv7-m/libc.a(lib_a-memcpy.o)
 .ARM.attributes
                0x00000000000010c5       0x2d /usr/bin/../lib/gcc/arm-none-eabi/4.8.4/../../../../arm-none-eabi/lib/armv7-m/libc.a(lib_a-memmove.o)
 .ARM.attributes
                0x00000000000010f2       0x2d /usr/bin/../lib/gcc/arm-none-eabi/4.8.4/../../../../arm-none-eabi/lib/armv7-m/libc.a(lib_a-memset.o)
 .ARM.attributes
                0x000000000000111f       0x1b /usr/bin/../lib/gcc/arm-none-eabi/4.8.4/../../../../arm-none-eabi/lib/armv7-m/libc.a(lib_a-strcmp.o)
 .ARM.attributes
                0x000000000000113a       0x2d /usr/bin/../lib/gcc/arm-none-eabi/4.8.4/../../../../arm-none-eabi/lib/armv7-m/libc.a(lib_a-strcpy.o)
 .ARM.attributes
                0x0000000000001167       0x2d /usr/bin/../lib/gcc/arm-none-eabi/4.8.4/../../../../arm-none-eabi/lib/armv7-m/libc.a(lib_a-strlen.o)
 .ARM.attributes
                0x0000000000001194       0x2d /usr/bin/../lib/gcc/arm-none-eabi/4.8.4/../../../../arm-none-eabi/lib/armv7-m/libc.a(lib_a-strncmp.o)
 .ARM.attributes
                0x00000000000011c1       0x2d /usr/bin/../lib/gcc/arm-none-eabi/4.8.4/../../../../arm-none-eabi/lib/armv7-m/libc.a(lib_a-strncpy.o)

.debug_frame    0x0000000000000000      0x1d8
 .debug_frame   0x0000000000000000       0x58 /usr/bin/../lib/gcc/arm-none-eabi/4.8.4/armv7-m/libgcc.a(bpabi.o)
 .debug_frame   0x0000000000000058       0x34 /usr/bin/../lib/gcc/arm-none-eabi/4.8.4/armv7-m/libgcc.a(_divdi3.o)
 .debug_frame   0x000000000000008c       0x34 /usr/bin/../lib/gcc/arm-none-eabi/4.8.4/armv7-m/libgcc.a(_udivdi3.o)
 .debug_frame   0x00000000000000c0       0x2c /usr/bin/../lib/gcc/arm-none-eabi/4.8.4/../../../../arm-none-eabi/lib/armv7-m/libc.a(lib_a-memcmp.o)
 .debug_frame   0x00000000000000ec       0x2c /usr/bin/../lib/gcc/arm-none-eabi/4.8.4/../../../../arm-none-eabi/lib/armv7-m/libc.a(lib_a-memmove.o)
 .debug_frame   0x0000000000000118       0x2c /usr/bin/../lib/gcc/arm-none-eabi/4.8.4/../../../../arm-none-eabi/lib/armv7-m/libc.a(lib_a-memset.o)
 .debug_frame   0x0000000000000144       0x20 /usr/bin/../lib/gcc/arm-none-eabi/4.8.4/../../../../arm-none-eabi/lib/armv7-m/libc.a(lib_a-strcpy.o)
 .debug_frame   0x0000000000000164       0x20 /usr/bin/../lib/gcc/arm-none-eabi/4.8.4/../../../../arm-none-eabi/lib/armv7-m/libc.a(lib_a-strlen.o)