Archive member included because of file (symbol)

contiki-eth-openmote.a(etimer.o)
                              router-webserver-node.co (etimer_set)
contiki-eth-openmote.a(ip64-webserver.)
                              router-webserver-node.co (ip64_webserver_init)
contiki-eth-openmote.a(httpd.o)
                              contiki-eth-openmote.a(ip64-webserver.) (httpd_appcall)
contiki-eth-openmote.a(ip64-webserver-)
                              contiki-eth-openmote.a(httpd.o) (ip64_webserver_http_jpg)
contiki-eth-openmote.a(httpd-fs.o)
                              contiki-eth-openmote.a(httpd.o) (httpd_fs_open)
contiki-eth-openmote.a(httpd-cgi.o)
                              contiki-eth-openmote.a(httpd.o) (httpd_cgi)
contiki-eth-openmote.a(network-reboot.)
                              contiki-eth-openmote.a(httpd-cgi.o) (network_reboot_reboot)
contiki-eth-openmote.a(simple-udp-ping)
                              contiki-eth-openmote.a(httpd-cgi.o) (simple_udp_ping_send_ping)
contiki-eth-openmote.a(ip64.o)
                              router-webserver-node.co (ip64_init)
contiki-eth-openmote.a(ip64-addrmap.o)
                              contiki-eth-openmote.a(httpd-cgi.o) (ip64_addrmap_list)
contiki-eth-openmote.a(ip64-special-po)
                              contiki-eth-openmote.a(ip64.o) (ip64_special_ports_translate_incoming)
contiki-eth-openmote.a(ip64-ipv4-dhcp.)
                              contiki-eth-openmote.a(ip64.o) (ip64_ipv4_dhcp_init)
contiki-eth-openmote.a(dhcpv4.o)
                              contiki-eth-openmote.a(ip64-ipv4-dhcp.) (ip64_dhcpc_init)
contiki-eth-openmote.a(ip64-eth.o)
                              contiki-eth-openmote.a(ip64-ipv4-dhcp.) (ip64_eth_addr)
contiki-eth-openmote.a(ip64-eth-interf)
                              contiki-eth-openmote.a(ip64.o) (ip64_eth_interface)
contiki-eth-openmote.a(simple-rpl.o)
                              contiki-eth-openmote.a(httpd-cgi.o) (simple_rpl_init_dag_immediately)
contiki-eth-openmote.a(contiki-mist-op)
                              obj_eth-openmote/startup-gcc.o (main)
contiki-eth-openmote.a(node-id.o)
                              contiki-eth-openmote.a(contiki-mist-op) (node_id_restore)
contiki-eth-openmote.a(leds.o)
                              contiki-eth-openmote.a(contiki-mist-op) (leds_init)
contiki-eth-openmote.a(leds-arch.o)
                              contiki-eth-openmote.a(leds.o) (leds_arch_init)
contiki-eth-openmote.a(sensors.o)
                              contiki-eth-openmote.a(contiki-mist-op) (sensors_process)
contiki-eth-openmote.a(smartrf-sensors)
                              contiki-eth-openmote.a(sensors.o) (sensors_flags)
contiki-eth-openmote.a(button-sensor.o)
                              contiki-eth-openmote.a(contiki-mist-op) (button_sensor_init)
contiki-eth-openmote.a(clock.o)
                              contiki-eth-openmote.a(contiki-mist-op) (clock_init)
contiki-eth-openmote.a(rtimer-arch.o)
                              contiki-eth-openmote.a(simple-udp-ping) (rtimer_arch_now)
contiki-eth-openmote.a(uart.o)
                              contiki-eth-openmote.a(contiki-mist-op) (uart_init)
contiki-eth-openmote.a(watchdog.o)
                              contiki-eth-openmote.a(contiki-mist-op) (watchdog_init)
contiki-eth-openmote.a(nvic.o)
                              contiki-eth-openmote.a(contiki-mist-op) (nvic_init)
contiki-eth-openmote.a(cpu.o)
                              contiki-eth-openmote.a(contiki-mist-op) (cpu_cpsie)
contiki-eth-openmote.a(sys-ctrl.o)
                              contiki-eth-openmote.a(contiki-mist-op) (sys_ctrl_init)
contiki-eth-openmote.a(gpio.o)
                              contiki-eth-openmote.a(button-sensor.o) (gpio_register_callback)
contiki-eth-openmote.a(ioc.o)
                              contiki-eth-openmote.a(contiki-mist-op) (ioc_init)
contiki-eth-openmote.a(cc2538-rf.o)
                              contiki-eth-openmote.a(contiki-mist-op) (cc2538_rf_set_addr)
contiki-eth-openmote.a(udma.o)
                              contiki-eth-openmote.a(contiki-mist-op) (udma_init)
contiki-eth-openmote.a(lpm.o)
                              contiki-eth-openmote.a(rtimer-arch.o) (lpm_exit)
contiki-eth-openmote.a(dbg.o)
                              contiki-eth-openmote.a(simple-udp-ping) (putchar)
contiki-eth-openmote.a(dbg-printf.o)
                              contiki-eth-openmote.a(network-reboot.) (printf)
contiki-eth-openmote.a(dbg-snprintf.o)
                              contiki-eth-openmote.a(httpd-cgi.o) (snprintf)
contiki-eth-openmote.a(dbg-sprintf.o)
                              contiki-eth-openmote.a(httpd.o) (sprintf)
contiki-eth-openmote.a(strformat.o)
                              contiki-eth-openmote.a(dbg-printf.o) (format_str_v)
contiki-eth-openmote.a(enc28j60-ip64-d)
                              contiki-eth-openmote.a(ip64.o) (enc28j60_ip64_driver)
contiki-eth-openmote.a(rimeaddr.o)
[...]
Memory Configuration

Name             Origin             Length             Attributes
FLASH            0x0000000000200000 0x000000000007ffd4 xr
FLASH_CCA        0x000000000027ffd4 0x000000000000002c xr
SRAM             0x0000000020000000 0x0000000000008000 xrw
*default*        0x0000000000000000 0xffffffffffffffff

Linker script and memory map

LOAD obj_eth-openmote/startup-gcc.o
LOAD router-webserver-node.co
LOAD contiki-eth-openmote.a
START GROUP
LOAD /usr/bin/../lib/gcc/arm-none-eabi/4.8.4/armv7-m/libgcc.a
LOAD /usr/bin/../lib/gcc/arm-none-eabi/4.8.4/../../../../arm-none-eabi/lib/armv7-m/libc.a
END GROUP

.text           0x0000000000200000    0x11c00
                0x0000000000200000                _text = .
 *(.vectors)
 .vectors       0x0000000000200000      0x28c obj_eth-openmote/startup-gcc.o
                0x0000000000200000                vectors
 *(.text*)
 .text.default_handler
                0x000000000020028c        0x4 obj_eth-openmote/startup-gcc.o
                0x000000000020028c                default_handler
 .text.reset_handler
                0x0000000000200290       0x5c obj_eth-openmote/startup-gcc.o
                0x0000000000200290                reset_handler
 .text.nmi_handler
                0x00000000002002ec        0x8 obj_eth-openmote/startup-gcc.o
                0x00000000002002ec                nmi_handler
 .text.process_thread_router_node_process
                0x00000000002002f4       0x50 router-webserver-node.co
 .text.process_thread_blinker_process
                0x0000000000200344       0x94 router-webserver-node.co
 .text.update_time
                0x00000000002003d8       0x44 contiki-eth-openmote.a(etimer.o)
 .text.process_thread_etimer_process
                0x000000000020041c       0xc8 contiki-eth-openmote.a(etimer.o)
 .text.add_timer
                0x00000000002004e4       0x54 contiki-eth-openmote.a(etimer.o)
 .text.etimer_request_poll
                0x0000000000200538        0xc contiki-eth-openmote.a(etimer.o)
                0x0000000000200538                etimer_request_poll
 .text.etimer_set
                0x0000000000200544       0x14 contiki-eth-openmote.a(etimer.o)
                0x0000000000200544                etimer_set
 .text.etimer_reset
                0x0000000000200558       0x14 contiki-eth-openmote.a(etimer.o)
                0x0000000000200558                etimer_reset
 .text.etimer_restart
                0x000000000020056c       0x14 contiki-eth-openmote.a(etimer.o)
                0x000000000020056c                etimer_restart
 .text.etimer_expired
                0x0000000000200580        0xc contiki-eth-openmote.a(etimer.o)
                0x0000000000200580                etimer_expired
 .text.etimer_expiration_time
                0x000000000020058c        0x8 contiki-eth-openmote.a(etimer.o)
                0x000000000020058c                etimer_expiration_time
 .text.etimer_pending
                0x0000000000200594       0x10 contiki-eth-openmote.a(etimer.o)
                0x0000000000200594                etimer_pending
 .text.etimer_stop
                0x00000000002005a4       0x4c contiki-eth-openmote.a(etimer.o)
                0x00000000002005a4                etimer_stop
 .text.process_thread_ip64_webserver_process
                0x00000000002005f0       0x38 contiki-eth-openmote.a(ip64-webserver.)
 .text.ip64_webserver_init
                0x0000000000200628        0xc contiki-eth-openmote.a(ip64-webserver.)
                0x0000000000200628                ip64_webserver_init
 .text.handle_input
                0x0000000000200634       0xfc contiki-eth-openmote.a(httpd.o)
 .text.send_headers
                0x0000000000200730      0x11c contiki-eth-openmote.a(httpd.o)
 .text.send_file
                0x000000000020084c       0x58 contiki-eth-openmote.a(httpd.o)
 .text.generate
                0x00000000002008a4       0x38 contiki-eth-openmote.a(httpd.o)
 .text.handle_output
                0x00000000002008dc      0x23c contiki-eth-openmote.a(httpd.o)
 .text.httpd_appcall
                0x0000000000200b18       0xb4 contiki-eth-openmote.a(httpd.o)
                0x0000000000200b18                httpd_appcall
 .text.httpd_init
                0x0000000000200bcc       0x1c contiki-eth-openmote.a(httpd.o)
                0x0000000000200bcc                httpd_init
 .text.httpd_sprint_ip6
                0x0000000000200be8       0x90 contiki-eth-openmote.a(httpd.o)
                0x0000000000200be8                httpd_sprint_ip6
 .text.httpd_sprint_ip4
                0x0000000000200c78       0x24 contiki-eth-openmote.a(httpd.o)
                0x0000000000200c78                httpd_sprint_ip4
 .text.httpd_fs_open
                0x0000000000200c9c       0x70 contiki-eth-openmote.a(httpd-fs.o)
                0x0000000000200c9c                httpd_fs_open
 .text.httpd_fs_count
                0x0000000000200d0c       0x58 contiki-eth-openmote.a(httpd-fs.o)
                0x0000000000200d0c                httpd_fs_count
 .text.nullfunction
                0x0000000000200d64        0x8 contiki-eth-openmote.a(httpd-cgi.o)
 .text.reboot_function
                0x0000000000200d6c       0x3c contiki-eth-openmote.a(httpd-cgi.o)
 .text.rplroot  0x0000000000200da8       0x90 contiki-eth-openmote.a(httpd-cgi.o)
 .text.rplreset
                0x0000000000200e38       0x64 contiki-eth-openmote.a(httpd-cgi.o)
 .text.addresses
                0x0000000000200e9c       0x3c contiki-eth-openmote.a(httpd-cgi.o)
 .text.processes
                0x0000000000200ed8       0x60 contiki-eth-openmote.a(httpd-cgi.o)
 .text.tcp_stats
                0x0000000000200f38       0x5c contiki-eth-openmote.a(httpd-cgi.o)
 .text.routesping
                0x0000000000200f94       0x84 contiki-eth-openmote.a(httpd-cgi.o)
 .text.routes   0x0000000000201018       0x7c contiki-eth-openmote.a(httpd-cgi.o)
 .text.write_mss_error
                0x0000000000201094       0x30 contiki-eth-openmote.a(httpd-cgi.o)
 .text.make_addresses
                0x00000000002010c4       0xc4 contiki-eth-openmote.a(httpd-cgi.o)
 .text.make_route
                0x0000000000201188      0x1e4 contiki-eth-openmote.a(httpd-cgi.o)
 .text.make_neighbor
                0x000000000020136c      0x114 contiki-eth-openmote.a(httpd-cgi.o)
 .text.neighborsping
                0x0000000000201480       0x6c contiki-eth-openmote.a(httpd-cgi.o)
 .text.neighbors
                0x00000000002014ec       0x88 contiki-eth-openmote.a(httpd-cgi.o)
 .text.addrmap  0x0000000000201574       0x50 contiki-eth-openmote.a(httpd-cgi.o)
 .text.make_addrmap
                0x00000000002015c4      0x150 contiki-eth-openmote.a(httpd-cgi.o)
 .text.make_processes
                0x0000000000201714       0x4c contiki-eth-openmote.a(httpd-cgi.o)
 .text.make_tcp_stats
                0x0000000000201760       0xa0 contiki-eth-openmote.a(httpd-cgi.o)
 .text.file_stats
                0x0000000000201800       0x3c contiki-eth-openmote.a(httpd-cgi.o)
 .text.generate_file_stats
                0x000000000020183c       0x2c contiki-eth-openmote.a(httpd-cgi.o)
 .text.make_routes_roomfor
                0x0000000000201868       0x54 contiki-eth-openmote.a(httpd-cgi.o)
 .text.make_neighbor_roomfor
                0x00000000002018bc       0x5c contiki-eth-openmote.a(httpd-cgi.o)
 .text.httpd_cgi
                0x0000000000201918       0x38 contiki-eth-openmote.a(httpd-cgi.o)
                0x0000000000201918                httpd_cgi
 .text.httpd_cgi_init
                0x0000000000201950      0x128 contiki-eth-openmote.a(httpd-cgi.o)
                0x0000000000201950                httpd_cgi_init
 .text.send_msg.isra.1.constprop.2
                0x0000000000201a78       0x64 contiki-eth-openmote.a(network-reboot.)
 .text.network_reboot_reboot
                0x0000000000201adc       0x14 contiki-eth-openmote.a(network-reboot.)
                0x0000000000201adc                network_reboot_reboot
 .text.process_thread_simple_udp_ping_process
                0x0000000000201af0       0xbc contiki-eth-openmote.a(simple-udp-ping)
 .text.get_pingconn
                0x0000000000201bac       0x38 contiki-eth-openmote.a(simple-udp-ping)
 .text.echo_reply_callback
                0x0000000000201be4       0x68 contiki-eth-openmote.a(simple-udp-ping)
 .text.simple_udp_ping_send_ping
                0x0000000000201c4c       0x78 contiki-eth-openmote.a(simple-udp-ping)
                0x0000000000201c4c                simple_udp_ping_send_ping
 .text.simple_udp_ping_has_reply
                0x0000000000201cc4       0x14 contiki-eth-openmote.a(simple-udp-ping)
                0x0000000000201cc4                simple_udp_ping_has_reply
 .text.simple_udp_ping_has_sent
                0x0000000000201cd8       0x1c contiki-eth-openmote.a(simple-udp-ping)
                0x0000000000201cd8                simple_udp_ping_has_sent
 .text.simple_udp_ping_get_delay
                0x0000000000201cf4       0x20 contiki-eth-openmote.a(simple-udp-ping)
                0x0000000000201cf4                simple_udp_ping_get_delay
 .text.simple_udp_ping_init
                0x0000000000201d14        0xc contiki-eth-openmote.a(simple-udp-ping)
                0x0000000000201d14                simple_udp_ping_init
 .text.chksum   0x0000000000201d20       0x50 contiki-eth-openmote.a(ip64.o)
 .text.interface_init
                0x0000000000201d70       0x10 contiki-eth-openmote.a(ip64.o)
 .text.interface_output
                0x0000000000201d80       0x10 contiki-eth-openmote.a(ip64.o)
 .text.ipv6_transport_checksum
                0x0000000000201d90       0x3c contiki-eth-openmote.a(ip64.o)
 .text.ipv4_transport_checksum
                0x0000000000201dcc       0x44 contiki-eth-openmote.a(ip64.o)
 .text.ip64_init
                0x0000000000201e10       0x68 contiki-eth-openmote.a(ip64.o)
                0x0000000000201e10                ip64_init
 .text.ip64_set_hostaddr
                0x0000000000201e78       0x18 contiki-eth-openmote.a(ip64.o)
                0x0000000000201e78                ip64_set_hostaddr
 .text.ip64_set_netmask
                0x0000000000201e90        0xc contiki-eth-openmote.a(ip64.o)
                0x0000000000201e90                ip64_set_netmask
 .text.ip64_set_draddr
                0x0000000000201e9c        0xc contiki-eth-openmote.a(ip64.o)
                0x0000000000201e9c                ip64_set_draddr
 .text.ip64_get_hostaddr
                0x0000000000201ea8        0x8 contiki-eth-openmote.a(ip64.o)
                0x0000000000201ea8                ip64_get_hostaddr
 .text.ip64_get_netmask
                0x0000000000201eb0        0x8 contiki-eth-openmote.a(ip64.o)
                0x0000000000201eb0                ip64_get_netmask
 .text.ip64_get_draddr
                0x0000000000201eb8        0x8 contiki-eth-openmote.a(ip64.o)
                0x0000000000201eb8                ip64_get_draddr
 .text.ip64_6to4
                0x0000000000201ec0      0x224 contiki-eth-openmote.a(ip64.o)
                0x0000000000201ec0                ip64_6to4
 .text.ip64_4to6
                0x00000000002020e4      0x204 contiki-eth-openmote.a(ip64.o)
                0x00000000002020e4                ip64_4to6
 .text.ip64_hostaddr_is_configured
                0x00000000002022e8        0xc contiki-eth-openmote.a(ip64.o)
                0x00000000002022e8                ip64_hostaddr_is_configured
 .text.check_age
                0x00000000002022f4       0x44 contiki-eth-openmote.a(ip64-addrmap.o)
 .text.ip64_addrmap_list
                0x0000000000202338        0xc contiki-eth-openmote.a(ip64-addrmap.o)
                0x0000000000202338                ip64_addrmap_list
 .text.ip64_addrmap_lookup
                0x0000000000202344       0x74 contiki-eth-openmote.a(ip64-addrmap.o)
                0x0000000000202344                ip64_addrmap_lookup
 .text.ip64_addrmap_lookup_port
                0x00000000002023b8       0x3c contiki-eth-openmote.a(ip64-addrmap.o)
                0x00000000002023b8                ip64_addrmap_lookup_port
 .text.ip64_addrmap_create
                0x00000000002023f4      0x120 contiki-eth-openmote.a(ip64-addrmap.o)
                0x00000000002023f4                ip64_addrmap_create
 .text.ip64_addrmap_set_lifetime
                0x0000000000202514        0xc contiki-eth-openmote.a(ip64-addrmap.o)
                0x0000000000202514                ip64_addrmap_set_lifetime
 .text.ip64_addrmap_set_recycleble
                0x0000000000202520       0x10 contiki-eth-openmote.a(ip64-addrmap.o)
                0x0000000000202520                ip64_addrmap_set_recycleble
 .text.ip64_special_ports_translate_incoming
                0x0000000000202530        0x4 contiki-eth-openmote.a(ip64-special-po)
                0x0000000000202530                ip64_special_ports_translate_incoming
 .text.ip64_special_ports_translate_outgoing
                0x0000000000202534        0x4 contiki-eth-openmote.a(ip64-special-po)
                0x0000000000202534                ip64_special_ports_translate_outgoing
 .text.ip64_special_ports_incoming_is_special
                0x0000000000202538        0x4 contiki-eth-openmote.a(ip64-special-po)
                0x0000000000202538                ip64_special_ports_incoming_is_special
 .text.ip64_special_ports_outgoing_is_special
                0x000000000020253c        0x4 contiki-eth-openmote.a(ip64-special-po)
                0x000000000020253c                ip64_special_ports_outgoing_is_special
 .text.process_thread_ip64_ipv4_dhcp_process
                0x0000000000202540       0x64 contiki-eth-openmote.a(ip64-ipv4-dhcp.)
 .text.ip64_ipv4_dhcp_init
                0x00000000002025a4       0x1c contiki-eth-openmote.a(ip64-ipv4-dhcp.)
                0x00000000002025a4                ip64_ipv4_dhcp_init
 .text.ip64_dhcpc_configured
                0x00000000002025c0       0x48 contiki-eth-openmote.a(ip64-ipv4-dhcp.)
                0x00000000002025c0                ip64_dhcpc_configured
 .text.ip64_dhcpc_unconfigured
                0x0000000000202608        0x4 contiki-eth-openmote.a(ip64-ipv4-dhcp.)
                0x0000000000202608                ip64_dhcpc_unconfigured
 .text.create_msg
                0x000000000020260c       0xac contiki-eth-openmote.a(dhcpv4.o)
 .text.unlikely.send_request
                0x00000000002026b8       0x68 contiki-eth-openmote.a(dhcpv4.o)
 .text.msg_for_me
                0x0000000000202720       0x70 contiki-eth-openmote.a(dhcpv4.o)
 .text.parse_msg
                0x0000000000202790       0xd4 contiki-eth-openmote.a(dhcpv4.o)
 .text.handle_dhcp.isra.0
                0x0000000000202864      0x2c8 contiki-eth-openmote.a(dhcpv4.o)
 .text.ip64_dhcpc_init
                0x0000000000202b2c       0x60 contiki-eth-openmote.a(dhcpv4.o)
                0x0000000000202b2c                ip64_dhcpc_init
 .text.ip64_dhcpc_appcall
                0x0000000000202b8c       0x18 contiki-eth-openmote.a(dhcpv4.o)
                0x0000000000202b8c                ip64_dhcpc_appcall
 .text.ip64_dhcpc_request
                0x0000000000202ba4       0x20 contiki-eth-openmote.a(dhcpv4.o)
                0x0000000000202ba4                ip64_dhcpc_request
 .text.init     0x0000000000202bc4        0x4 contiki-eth-openmote.a(ip64-eth-interf)
 .text.output   0x0000000000202bc8       0x64 contiki-eth-openmote.a(ip64-eth-interf)
 .text.ip64_eth_interface_input
                0x0000000000202c2c       0x54 contiki-eth-openmote.a(ip64-eth-interf)
                0x0000000000202c2c                ip64_eth_interface_input
 .text.route_callback
                0x0000000000202c80       0x74 contiki-eth-openmote.a(simple-rpl.o)
 .text.simple_rpl_global_address
                0x0000000000202cf4       0x38 contiki-eth-openmote.a(simple-rpl.o)
                0x0000000000202cf4                simple_rpl_global_address
 .text.simple_rpl_init
                0x0000000000202d2c       0x88 contiki-eth-openmote.a(simple-rpl.o)
                0x0000000000202d2c                simple_rpl_init
 .text.simple_rpl_init_dag_immediately
                0x0000000000202db4       0xac contiki-eth-openmote.a(simple-rpl.o)
                0x0000000000202db4                simple_rpl_init_dag_immediately
 .text.create_dag_callback
                0x0000000000202e60       0x6c contiki-eth-openmote.a(simple-rpl.o)
 .text.simple_rpl_init_dag
                0x0000000000202ecc       0x30 contiki-eth-openmote.a(simple-rpl.o)
                0x0000000000202ecc                simple_rpl_init_dag
 .text.fade     0x0000000000202efc       0x64 contiki-eth-openmote.a(contiki-mist-op)
 .text.startup.main
                0x0000000000202f60      0x2b8 contiki-eth-openmote.a(contiki-mist-op)
                0x0000000000202f60                main
 .text.node_id_restore
                0x0000000000203218       0x64 contiki-eth-openmote.a(node-id.o)
                0x0000000000203218                node_id_restore
 .text.node_id_burn
                0x000000000020327c        0x4 contiki-eth-openmote.a(node-id.o)
                0x000000000020327c                node_id_burn
 .text.show_leds
                0x0000000000203280      0x138 contiki-eth-openmote.a(leds.o)
 .text.leds_init
                0x00000000002033b8       0x1c contiki-eth-openmote.a(leds.o)
                0x00000000002033b8                leds_init
 .text.leds_on  0x00000000002033d4       0x18 contiki-eth-openmote.a(leds.o)
                0x00000000002033d4                leds_on
 .text.leds_off
                0x00000000002033ec       0x14 contiki-eth-openmote.a(leds.o)
                0x00000000002033ec                leds_off
 .text.leds_arch_init
                0x0000000000203400       0x10 contiki-eth-openmote.a(leds-arch.o)
                0x0000000000203400                leds_arch_init
 .text.leds_arch_set
                0x0000000000203410        0xc contiki-eth-openmote.a(leds-arch.o)
                0x0000000000203410                leds_arch_set
 .text.process_thread_sensors_process
                0x000000000020341c       0xf0 contiki-eth-openmote.a(sensors.o)
 .text.sensors_changed
                0x000000000020350c       0x4c contiki-eth-openmote.a(sensors.o)
                0x000000000020350c                sensors_changed
 .text.config   0x0000000000203558       0x44 contiki-eth-openmote.a(button-sensor.o)
 .text.config_user
                0x000000000020359c       0x30 contiki-eth-openmote.a(button-sensor.o)
 .text.config_sw1
                0x00000000002035cc       0x30 contiki-eth-openmote.a(button-sensor.o)
 .text.config_sw2
                0x00000000002035fc       0x30 contiki-eth-openmote.a(button-sensor.o)
 .text.btn_callback
                0x000000000020362c       0x54 contiki-eth-openmote.a(button-sensor.o)
 .text.button_sensor_init
                0x0000000000203680        0xc contiki-eth-openmote.a(button-sensor.o)
                0x0000000000203680                button_sensor_init
 .text.clock_init
                0x000000000020368c       0x74 contiki-eth-openmote.a(clock.o)
                0x000000000020368c                clock_init
 .text.clock_time
                0x0000000000203700        0xc contiki-eth-openmote.a(clock.o)
                0x0000000000203700                clock_time
 .text.clock_seconds
                0x000000000020370c        0xc contiki-eth-openmote.a(clock.o)
                0x000000000020370c                clock_seconds
 .text.clock_delay_usec
                0x0000000000203718       0x20 contiki-eth-openmote.a(clock.o)
                0x0000000000203718                clock_delay_usec
 .text.clock_adjust
                0x0000000000203738       0x60 contiki-eth-openmote.a(clock.o)
                0x0000000000203738                clock_adjust
 .text.clock_isr
                0x0000000000203798       0x70 contiki-eth-openmote.a(clock.o)
                0x0000000000203798                clock_isr
 .text.rtimer_arch_init
                0x0000000000203808        0x4 contiki-eth-openmote.a(rtimer-arch.o)
                0x0000000000203808                rtimer_arch_init
 .text.rtimer_arch_schedule
                0x000000000020380c       0x80 contiki-eth-openmote.a(rtimer-arch.o)
                0x000000000020380c                rtimer_arch_schedule
 .text.rtimer_arch_next_trigger
                0x000000000020388c        0xc contiki-eth-openmote.a(rtimer-arch.o)
                0x000000000020388c                rtimer_arch_next_trigger
 .text.rtimer_arch_now
                0x0000000000203898       0x28 contiki-eth-openmote.a(rtimer-arch.o)
                0x0000000000203898                rtimer_arch_now
 .text.rtimer_isr
                0x00000000002038c0       0xa4 contiki-eth-openmote.a(rtimer-arch.o)
                0x00000000002038c0                rtimer_isr
 .text.permit_pm1
                0x0000000000203964       0x38 contiki-eth-openmote.a(uart.o)
 .text.uart_init
                0x000000000020399c      0x1d8 contiki-eth-openmote.a(uart.o)
                0x000000000020399c                uart_init
 .text.uart_set_input
                0x0000000000203b74       0x10 contiki-eth-openmote.a(uart.o)
                0x0000000000203b74                uart_set_input
 .text.uart_write_byte
                0x0000000000203b84       0x24 contiki-eth-openmote.a(uart.o)
                0x0000000000203b84                uart_write_byte
 .text.uart_isr
                0x0000000000203ba8       0xc4 contiki-eth-openmote.a(uart.o)
                0x0000000000203ba8                uart_isr
 .text.uart0_isr
                0x0000000000203c6c        0x8 contiki-eth-openmote.a(uart.o)
                0x0000000000203c6c                uart0_isr
 .text.uart1_isr
                0x0000000000203c74        0x8 contiki-eth-openmote.a(uart.o)
                0x0000000000203c74                uart1_isr
 .text.watchdog_init
                0x0000000000203c7c        0xc contiki-eth-openmote.a(watchdog.o)
                0x0000000000203c7c                watchdog_init
 .text.watchdog_start
                0x0000000000203c88        0xc contiki-eth-openmote.a(watchdog.o)
                0x0000000000203c88                watchdog_start
 .text.watchdog_periodic
                0x0000000000203c94       0x10 contiki-eth-openmote.a(watchdog.o)
                0x0000000000203c94                watchdog_periodic
 .text.nvic_init
                0x0000000000203ca4       0x40 contiki-eth-openmote.a(nvic.o)
                0x0000000000203ca4                nvic_init
 .text.nvic_interrupt_enable
                0x0000000000203ce4       0x18 contiki-eth-openmote.a(nvic.o)
                0x0000000000203ce4                nvic_interrupt_enable
 .text.nvic_interrupt_disable
                0x0000000000203cfc       0x18 contiki-eth-openmote.a(nvic.o)
                0x0000000000203cfc                nvic_interrupt_disable
 .text.nvic_interrupt_unpend
                0x0000000000203d14       0x18 contiki-eth-openmote.a(nvic.o)
                0x0000000000203d14                nvic_interrupt_unpend
 .text.cpu_cpsie
                0x0000000000203d2c        0x8 contiki-eth-openmote.a(cpu.o)
                0x0000000000203d2c                cpu_cpsie
 .text.cpu_cpsid
                0x0000000000203d34        0x8 contiki-eth-openmote.a(cpu.o)
                0x0000000000203d34                cpu_cpsid
 .text.sys_ctrl_init
                0x0000000000203d3c       0x1c contiki-eth-openmote.a(sys-ctrl.o)
                0x0000000000203d3c                sys_ctrl_init
 .text.gpio_register_callback
                0x0000000000203d58       0x10 contiki-eth-openmote.a(gpio.o)
                0x0000000000203d58                gpio_register_callback
 .text.notify   0x0000000000203d68       0x38 contiki-eth-openmote.a(gpio.o)
                0x0000000000203d68                notify
 .text.gpio_port_a_isr
                0x0000000000203da0       0x54 contiki-eth-openmote.a(gpio.o)
                0x0000000000203da0                gpio_port_a_isr
 .text.gpio_port_b_isr
                0x0000000000203df4       0x54 contiki-eth-openmote.a(gpio.o)
                0x0000000000203df4                gpio_port_b_isr
 .text.gpio_port_c_isr
                0x0000000000203e48       0x54 contiki-eth-openmote.a(gpio.o)
                0x0000000000203e48                gpio_port_c_isr
 .text.gpio_port_d_isr
                0x0000000000203e9c       0x54 contiki-eth-openmote.a(gpio.o)
                0x0000000000203e9c                gpio_port_d_isr
 .text.gpio_init
                0x0000000000203ef0       0x10 contiki-eth-openmote.a(gpio.o)
                0x0000000000203ef0                gpio_init
 .text.ioc_init
                0x0000000000203f00       0x20 contiki-eth-openmote.a(ioc.o)
                0x0000000000203f00                ioc_init
 .text.ioc_set_over
                0x0000000000203f20       0x14 contiki-eth-openmote.a(ioc.o)
                0x0000000000203f20                ioc_set_over
 .text.ioc_set_sel
                0x0000000000203f34       0x14 contiki-eth-openmote.a(ioc.o)
                0x0000000000203f34                ioc_set_sel
 .text.receiving_packet
                0x0000000000203f48       0x18 contiki-eth-openmote.a(cc2538-rf.o)
 .text.pending_packet
                0x0000000000203f60       0x10 contiki-eth-openmote.a(cc2538-rf.o)
 .text.on       0x0000000000203f70       0x44 contiki-eth-openmote.a(cc2538-rf.o)
 .text.prepare  0x0000000000203fb4       0x68 contiki-eth-openmote.a(cc2538-rf.o)
 .text.read.part.0
                0x000000000020401c       0xf8 contiki-eth-openmote.a(cc2538-rf.o)
 .text.read     0x0000000000204114       0x18 contiki-eth-openmote.a(cc2538-rf.o)
 .text.process_thread_cc2538_rf_process
                0x000000000020412c       0x58 contiki-eth-openmote.a(cc2538-rf.o)
 .text.off      0x0000000000204184       0x64 contiki-eth-openmote.a(cc2538-rf.o)
 .text.channel_clear
                0x00000000002041e8       0x50 contiki-eth-openmote.a(cc2538-rf.o)
 .text.transmit
                0x0000000000204238      0x134 contiki-eth-openmote.a(cc2538-rf.o)
 .text.send     0x000000000020436c       0x14 contiki-eth-openmote.a(cc2538-rf.o)
 .text.cc2538_rf_channel_set
                0x0000000000204380       0x30 contiki-eth-openmote.a(cc2538-rf.o)
                0x0000000000204380                cc2538_rf_channel_set
 .text.init.part.3
                0x00000000002043b0      0x104 contiki-eth-openmote.a(cc2538-rf.o)
 .text.init     0x00000000002044b4       0x14 contiki-eth-openmote.a(cc2538-rf.o)
 .text.cc2538_rf_set_addr
                0x00000000002044c8       0x4c contiki-eth-openmote.a(cc2538-rf.o)
                0x00000000002044c8                cc2538_rf_set_addr
 .text.cc2538_rf_rx_tx_isr
                0x0000000000204514       0x50 contiki-eth-openmote.a(cc2538-rf.o)
                0x0000000000204514                cc2538_rf_rx_tx_isr
 .text.cc2538_rf_err_isr
                0x0000000000204564       0x5c contiki-eth-openmote.a(cc2538-rf.o)
                0x0000000000204564                cc2538_rf_err_isr
 .text.udma_init
                0x00000000002045c0       0x34 contiki-eth-openmote.a(udma.o)
                0x00000000002045c0                udma_init
 .text.udma_set_channel_src
                0x00000000002045f4       0x10 contiki-eth-openmote.a(udma.o)
                0x00000000002045f4                udma_set_channel_src
 .text.udma_set_channel_dst
                0x0000000000204604       0x14 contiki-eth-openmote.a(udma.o)
                0x0000000000204604                udma_set_channel_dst
 .text.udma_set_channel_control_word
                0x0000000000204618       0x14 contiki-eth-openmote.a(udma.o)
                0x0000000000204618                udma_set_channel_control_word
 .text.udma_channel_enable
                0x000000000020462c       0x18 contiki-eth-openmote.a(udma.o)
                0x000000000020462c                udma_channel_enable
 .text.udma_channel_mask_set
                0x0000000000204644       0x18 contiki-eth-openmote.a(udma.o)
                0x0000000000204644                udma_channel_mask_set
 .text.udma_channel_sw_request
                0x000000000020465c       0x18 contiki-eth-openmote.a(udma.o)
                0x000000000020465c                udma_channel_sw_request
 .text.udma_channel_get_mode
                0x0000000000204674       0x1c contiki-eth-openmote.a(udma.o)
                0x0000000000204674                udma_channel_get_mode
 .text.udma_isr
                0x0000000000204690       0x10 contiki-eth-openmote.a(udma.o)
                0x0000000000204690                udma_isr
 .text.udma_err_isr
                0x00000000002046a0        0xc contiki-eth-openmote.a(udma.o)
                0x00000000002046a0                udma_err_isr
 .text.enter_pm0
                0x00000000002046ac       0x7c contiki-eth-openmote.a(lpm.o)
 .text.lpm_exit
                0x0000000000204728       0x90 contiki-eth-openmote.a(lpm.o)
                0x0000000000204728                lpm_exit
 .text.lpm_enter
                0x00000000002047b8      0x118 contiki-eth-openmote.a(lpm.o)
                0x00000000002047b8                lpm_enter
 .text.lpm_register_peripheral
                0x00000000002048d0       0x20 contiki-eth-openmote.a(lpm.o)
                0x00000000002048d0                lpm_register_peripheral
 .text.lpm_init
                0x00000000002048f0       0x24 contiki-eth-openmote.a(lpm.o)
                0x00000000002048f0                lpm_init
 .text.putchar  0x0000000000204914       0x50 contiki-eth-openmote.a(dbg.o)
                0x0000000000204914                putchar
 .text.dbg_send_bytes
                0x0000000000204964       0x38 contiki-eth-openmote.a(dbg.o)
                0x0000000000204964                dbg_send_bytes
 .text.puts     0x000000000020499c       0x24 contiki-eth-openmote.a(dbg.o)
                0x000000000020499c                puts
 .text.write_str
                0x00000000002049c0       0x10 contiki-eth-openmote.a(dbg-printf.o)
 .text.printf   0x00000000002049d0       0x24 contiki-eth-openmote.a(dbg-printf.o)
                0x00000000002049d0                printf
 .text.buffer_str
                0x00000000002049f4       0x28 contiki-eth-openmote.a(dbg-snprintf.o)
 .text.snprintf
                0x0000000000204a1c       0x38 contiki-eth-openmote.a(dbg-snprintf.o)
                0x0000000000204a1c                snprintf
 .text.buffer_str
                0x0000000000204a54       0x18 contiki-eth-openmote.a(dbg-sprintf.o)
 .text.sprintf  0x0000000000204a6c       0x34 contiki-eth-openmote.a(dbg-sprintf.o)
                0x0000000000204a6c                sprintf
 .text.fill_space
                0x0000000000204aa0       0x30 contiki-eth-openmote.a(strformat.o)
 .text.format_str_v
                0x0000000000204ad0      0x8a8 contiki-eth-openmote.a(strformat.o)
                0x0000000000204ad0                format_str_v
 .text.process_thread_enc28j60_ip64_driver_process
                0x0000000000205378       0x54 contiki-eth-openmote.a(enc28j60-ip64-d)
 .text.output   0x00000000002053cc        0xc contiki-eth-openmote.a(enc28j60-ip64-d)
 .text.init     0x00000000002053d8       0x84 contiki-eth-openmote.a(enc28j60-ip64-d)
 .text.rimeaddr_copy
                0x000000000020545c        0xc contiki-eth-openmote.a(rimeaddr.o)
                0x000000000020545c                rimeaddr_copy
 .text.rimeaddr_cmp
                0x0000000000205468       0x14 contiki-eth-openmote.a(rimeaddr.o)
                0x0000000000205468                rimeaddr_cmp
 .text.rimeaddr_set_node_addr
                0x000000000020547c       0x10 contiki-eth-openmote.a(rimeaddr.o)
                0x000000000020547c                rimeaddr_set_node_addr
 .text.on       0x000000000020548c       0x10 contiki-eth-openmote.a(nullrdc.o)
 .text.channel_check_interval
                0x000000000020549c        0x4 contiki-eth-openmote.a(nullrdc.o)
 .text.init     0x00000000002054a0       0x10 contiki-eth-openmote.a(nullrdc.o)
 .text.send_one_packet
                0x00000000002054b0      0x148 contiki-eth-openmote.a(nullrdc.o)
 .text.send_list
                0x00000000002055f8       0x24 contiki-eth-openmote.a(nullrdc.o)
 .text.send_packet
                0x000000000020561c        0x4 contiki-eth-openmote.a(nullrdc.o)
 .text.off      0x0000000000205620       0x18 contiki-eth-openmote.a(nullrdc.o)
 .text.packet_input
                0x0000000000205638       0xdc contiki-eth-openmote.a(nullrdc.o)
 .text.mac_call_sent_callback
                0x0000000000205714       0x10 contiki-eth-openmote.a(mac.o)
                0x0000000000205714                mac_call_sent_callback
 .text.parse    0x0000000000205724       0xa4 contiki-eth-openmote.a(framer-802154.o)
 .text.create   0x00000000002057c8      0x110 contiki-eth-openmote.a(framer-802154.o)
 .text.input_packet
                0x00000000002058d8       0x10 contiki-eth-openmote.a(csma.o)
 .text.on       0x00000000002058e8       0x10 contiki-eth-openmote.a(csma.o)
 .text.off      0x00000000002058f8       0x10 contiki-eth-openmote.a(csma.o)
 .text.channel_check_interval
                0x0000000000205908       0x10 contiki-eth-openmote.a(csma.o)
 .text.transmit_packet_list
                0x0000000000205918       0x24 contiki-eth-openmote.a(csma.o)
 .text.init     0x000000000020593c       0x24 contiki-eth-openmote.a(csma.o)
 .text.free_packet
                0x0000000000205960       0x90 contiki-eth-openmote.a(csma.o)
 .text.packet_sent
                0x00000000002059f0       0xfc contiki-eth-openmote.a(csma.o)
 .text.send_packet
                0x0000000000205aec      0x138 contiki-eth-openmote.a(csma.o)
 .text.rpl_get_mode
                0x0000000000205c24        0xc contiki-eth-openmote.a(rpl.o)
                0x0000000000205c24                rpl_get_mode
 .text.rpl_purge_routes
                0x0000000000205c30       0x7c contiki-eth-openmote.a(rpl.o)
                0x0000000000205c30                rpl_purge_routes
 .text.rpl_remove_routes
                0x0000000000205cac       0x2c contiki-eth-openmote.a(rpl.o)
                0x0000000000205cac                rpl_remove_routes
 .text.rpl_remove_routes_by_nexthop
                0x0000000000205cd8       0x40 contiki-eth-openmote.a(rpl.o)
                0x0000000000205cd8                rpl_remove_routes_by_nexthop
 .text.rpl_add_route
                0x0000000000205d18       0x2c contiki-eth-openmote.a(rpl.o)
                0x0000000000205d18                rpl_add_route
 .text.rpl_link_neighbor_callback
                0x0000000000205d44       0x68 contiki-eth-openmote.a(rpl.o)
                0x0000000000205d44                rpl_link_neighbor_callback
 .text.rpl_ipv6_neighbor_callback
                0x0000000000205dac       0x28 contiki-eth-openmote.a(rpl.o)
                0x0000000000205dac                rpl_ipv6_neighbor_callback
 .text.rpl_init
                0x0000000000205dd4       0x48 contiki-eth-openmote.a(rpl.o)
                0x0000000000205dd4                rpl_init
 .text.lollipop_greater_than
                0x0000000000205e1c       0x3c contiki-eth-openmote.a(rpl-dag.o)
 .text.get_dag  0x0000000000205e58       0x58 contiki-eth-openmote.a(rpl-dag.o)
 .text.rpl_set_preferred_parent
                0x0000000000205eb0       0x24 contiki-eth-openmote.a(rpl-dag.o)
 .text.set_ip_from_prefix
                0x0000000000205ed4       0x2c contiki-eth-openmote.a(rpl-dag.o)
 .text.check_prefix
                0x0000000000205f00       0x60 contiki-eth-openmote.a(rpl-dag.o)
 .text.find_parent_any_dag_any_instance
                0x0000000000205f60       0x1c contiki-eth-openmote.a(rpl-dag.o)
 .text.rpl_dag_init
                0x0000000000205f7c       0x10 contiki-eth-openmote.a(rpl-dag.o)
                0x0000000000205f7c                rpl_dag_init
 .text.rpl_get_parent_ipaddr
                0x0000000000205f8c       0x18 contiki-eth-openmote.a(rpl-dag.o)
                0x0000000000205f8c                rpl_get_parent_ipaddr
 .text.rpl_repair_root
                0x0000000000205fa4       0x5c contiki-eth-openmote.a(rpl-dag.o)
                0x0000000000205fa4                rpl_repair_root
 .text.rpl_set_prefix
                0x0000000000206000       0x98 contiki-eth-openmote.a(rpl-dag.o)
                0x0000000000206000                rpl_set_prefix
 .text.rpl_set_default_route
                0x0000000000206098       0x48 contiki-eth-openmote.a(rpl-dag.o)
                0x0000000000206098                rpl_set_default_route
 .text.rpl_alloc_instance
                0x00000000002060e0       0x2c contiki-eth-openmote.a(rpl-dag.o)
                0x00000000002060e0                rpl_alloc_instance
 .text.rpl_add_parent
                0x000000000020610c       0x2c contiki-eth-openmote.a(rpl-dag.o)
                0x000000000020610c                rpl_add_parent
 .text.rpl_find_parent
                0x0000000000206138       0x18 contiki-eth-openmote.a(rpl-dag.o)
                0x0000000000206138                rpl_find_parent
 .text.rpl_find_parent_any_dag
                0x0000000000206150       0x24 contiki-eth-openmote.a(rpl-dag.o)
                0x0000000000206150                rpl_find_parent_any_dag
 .text.rpl_select_parent
                0x0000000000206174       0x54 contiki-eth-openmote.a(rpl-dag.o)
                0x0000000000206174                rpl_select_parent
 .text.rpl_select_dag
                0x00000000002061c8      0x17c contiki-eth-openmote.a(rpl-dag.o)
                0x00000000002061c8                rpl_select_dag
 .text.rpl_nullify_parent
                0x0000000000206344       0x44 contiki-eth-openmote.a(rpl-dag.o)
                0x0000000000206344                rpl_nullify_parent
 .text.rpl_remove_parent
                0x0000000000206388       0x18 contiki-eth-openmote.a(rpl-dag.o)
                0x0000000000206388                rpl_remove_parent
 .text.remove_parents.constprop.5
                0x00000000002063a0       0x40 contiki-eth-openmote.a(rpl-dag.o)
 .text.rpl_free_dag
                0x00000000002063e0       0x38 contiki-eth-openmote.a(rpl-dag.o)
                0x00000000002063e0                rpl_free_dag
 .text.rpl_free_instance
                0x0000000000206418       0x64 contiki-eth-openmote.a(rpl-dag.o)
                0x0000000000206418                rpl_free_instance
 .text.rpl_alloc_dag
                0x000000000020647c       0x68 contiki-eth-openmote.a(rpl-dag.o)
                0x000000000020647c                rpl_alloc_dag
 .text.rpl_set_root
                0x00000000002064e4       0xfc contiki-eth-openmote.a(rpl-dag.o)
                0x00000000002064e4                rpl_set_root
 .text.rpl_move_parent
                0x00000000002065e0       0x60 contiki-eth-openmote.a(rpl-dag.o)
                0x00000000002065e0                rpl_move_parent
 .text.rpl_get_any_dag
                0x0000000000206640       0x18 contiki-eth-openmote.a(rpl-dag.o)
                0x0000000000206640                rpl_get_any_dag
 .text.rpl_get_instance
                0x0000000000206658       0x20 contiki-eth-openmote.a(rpl-dag.o)
                0x0000000000206658                rpl_get_instance
 .text.rpl_join_instance
                0x0000000000206678      0x140 contiki-eth-openmote.a(rpl-dag.o)
                0x0000000000206678                rpl_join_instance
 .text.rpl_local_repair
                0x00000000002067b8       0x64 contiki-eth-openmote.a(rpl-dag.o)
                0x00000000002067b8                rpl_local_repair
 .text.rpl_process_parent_event
                0x000000000020681c       0x60 contiki-eth-openmote.a(rpl-dag.o)
                0x000000000020681c                rpl_process_parent_event
 .text.rpl_add_dag
                0x000000000020687c      0x13c contiki-eth-openmote.a(rpl-dag.o)
                0x000000000020687c                rpl_add_dag
 .text.rpl_recalculate_ranks
                0x00000000002069b8       0x40 contiki-eth-openmote.a(rpl-dag.o)
                0x00000000002069b8                rpl_recalculate_ranks
 .text.rpl_process_dio
                0x00000000002069f8      0x27c contiki-eth-openmote.a(rpl-dag.o)
                0x00000000002069f8                rpl_process_dio
 .text.get32    0x0000000000206c74       0x18 contiki-eth-openmote.a(rpl-icmp6.o)
 .text.dis_output
                0x0000000000206c8c       0x58 contiki-eth-openmote.a(rpl-icmp6.o)
                0x0000000000206c8c                dis_output
 .text.dio_output
                0x0000000000206ce4      0x2f4 contiki-eth-openmote.a(rpl-icmp6.o)
                0x0000000000206ce4                dio_output
 .text.dao_output_target
                0x0000000000206fd8      0x104 contiki-eth-openmote.a(rpl-icmp6.o)
                0x0000000000206fd8                dao_output_target
 .text.dao_output
                0x00000000002070dc       0x5c contiki-eth-openmote.a(rpl-icmp6.o)
                0x00000000002070dc                dao_output
 .text.dao_ack_output
                0x0000000000207138       0x30 contiki-eth-openmote.a(rpl-icmp6.o)
                0x0000000000207138                dao_ack_output
 .text.uip_rpl_input
                0x0000000000207168      0x50c contiki-eth-openmote.a(rpl-icmp6.o)
                0x0000000000207168                uip_rpl_input
 .text.new_dio_interval
                0x0000000000207674       0x64 contiki-eth-openmote.a(rpl-timers.o)
 .text.handle_periodic_timer
                0x00000000002076d8       0x38 contiki-eth-openmote.a(rpl-timers.o)
 .text.handle_dio_timer
                0x0000000000207710       0x88 contiki-eth-openmote.a(rpl-timers.o)
 .text.handle_dao_timer
                0x0000000000207798       0x48 contiki-eth-openmote.a(rpl-timers.o)
 .text.rpl_reset_periodic_timer
                0x00000000002077e0       0x3c contiki-eth-openmote.a(rpl-timers.o)
                0x00000000002077e0                rpl_reset_periodic_timer
 .text.rpl_reset_dio_timer
                0x000000000020781c       0x1c contiki-eth-openmote.a(rpl-timers.o)
                0x000000000020781c                rpl_reset_dio_timer
 .text.rpl_schedule_dao
                0x0000000000207838       0x38 contiki-eth-openmote.a(rpl-timers.o)
                0x0000000000207838                rpl_schedule_dao
 .text.reset    0x0000000000207870        0x4 contiki-eth-openmote.a(rpl-mrhof.o)
 .text.calculate_rank
                0x0000000000207874       0x30 contiki-eth-openmote.a(rpl-mrhof.o)
 .text.best_parent
                0x00000000002078a4       0x48 contiki-eth-openmote.a(rpl-mrhof.o)
 .text.update_metric_container
                0x00000000002078ec        0x8 contiki-eth-openmote.a(rpl-mrhof.o)
 .text.neighbor_link_callback
                0x00000000002078f4       0x40 contiki-eth-openmote.a(rpl-mrhof.o)
 .text.best_dag
                0x0000000000207934       0x2c contiki-eth-openmote.a(rpl-mrhof.o)
 .text.exit_process
                0x0000000000207960       0xb0 contiki-eth-openmote.a(process.o)
 .text.call_process.part.0
                0x0000000000207a10       0x38 contiki-eth-openmote.a(process.o)
 .text.do_poll  0x0000000000207a48       0x3c contiki-eth-openmote.a(process.o)
 .text.process_alloc_event
                0x0000000000207a84       0x10 contiki-eth-openmote.a(process.o)
                0x0000000000207a84                process_alloc_event
 .text.process_init
                0x0000000000207a94       0x3c contiki-eth-openmote.a(process.o)
                0x0000000000207a94                process_init
 .text.process_run
                0x0000000000207ad0       0xe0 contiki-eth-openmote.a(process.o)
                0x0000000000207ad0                process_run
 .text.process_nevents
                0x0000000000207bb0       0x14 contiki-eth-openmote.a(process.o)
                0x0000000000207bb0                process_nevents
 .text.process_post
                0x0000000000207bc4       0x78 contiki-eth-openmote.a(process.o)
                0x0000000000207bc4                process_post
 .text.process_post_synch
                0x0000000000207c3c       0x18 contiki-eth-openmote.a(process.o)
                0x0000000000207c3c                process_post_synch
 .text.process_start
                0x0000000000207c54       0x40 contiki-eth-openmote.a(process.o)
                0x0000000000207c54                process_start
 .text.process_poll
                0x0000000000207c94       0x18 contiki-eth-openmote.a(process.o)
                0x0000000000207c94                process_poll
 .text.autostart_start
                0x0000000000207cac       0x18 contiki-eth-openmote.a(autostart.o)
                0x0000000000207cac                autostart_start
 .text.process_thread_serial_line_process
                0x0000000000207cc4       0xac contiki-eth-openmote.a(serial-line.o)
 .text.serial_line_input_byte
                0x0000000000207d70       0x58 contiki-eth-openmote.a(serial-line.o)
                0x0000000000207d70                serial_line_input_byte
 .text.serial_line_init
                0x0000000000207dc8       0x24 contiki-eth-openmote.a(serial-line.o)
                0x0000000000207dc8                serial_line_init
 .text.memb_init
                0x0000000000207dec       0x24 contiki-eth-openmote.a(memb.o)
                0x0000000000207dec                memb_init
 .text.memb_alloc
                0x0000000000207e10       0x3c contiki-eth-openmote.a(memb.o)
                0x0000000000207e10                memb_alloc
 .text.memb_free
                0x0000000000207e4c       0x44 contiki-eth-openmote.a(memb.o)
                0x0000000000207e4c                memb_free
 .text.memb_inmemb
                0x0000000000207e90       0x1c contiki-eth-openmote.a(memb.o)
                0x0000000000207e90                memb_inmemb
 .text.timer_set
                0x0000000000207eac       0x10 contiki-eth-openmote.a(timer.o)
                0x0000000000207eac                timer_set
 .text.timer_reset
                0x0000000000207ebc        0xc contiki-eth-openmote.a(timer.o)
                0x0000000000207ebc                timer_reset
 .text.timer_restart
                0x0000000000207ec8        0xc contiki-eth-openmote.a(timer.o)
                0x0000000000207ec8                timer_restart
 .text.timer_expired
                0x0000000000207ed4       0x1c contiki-eth-openmote.a(timer.o)
                0x0000000000207ed4                timer_expired
 .text.timer_remaining
                0x0000000000207ef0       0x10 contiki-eth-openmote.a(timer.o)
                0x0000000000207ef0                timer_remaining
 .text.list_init
                0x0000000000207f00        0x8 contiki-eth-openmote.a(list.o)
                0x0000000000207f00                list_init
 .text.list_head
                0x0000000000207f08        0x4 contiki-eth-openmote.a(list.o)
                0x0000000000207f08                list_head
 .text.list_add
                0x0000000000207f0c       0x60 contiki-eth-openmote.a(list.o)
                0x0000000000207f0c                list_add
 .text.list_push
                0x0000000000207f6c       0x48 contiki-eth-openmote.a(list.o)
                0x0000000000207f6c                list_push
 .text.list_remove
                0x0000000000207fb4       0x40 contiki-eth-openmote.a(list.o)
                0x0000000000207fb4                list_remove
 .text.list_length
                0x0000000000207ff4       0x14 contiki-eth-openmote.a(list.o)
                0x0000000000207ff4                list_length
 .text.list_item_next
                0x0000000000208008        0x8 contiki-eth-openmote.a(list.o)
                0x0000000000208008                list_item_next
 .text.process_thread_ctimer_process
                0x0000000000208010       0x94 contiki-eth-openmote.a(ctimer.o)
 .text.ctimer_init
                0x00000000002080a4       0x28 contiki-eth-openmote.a(ctimer.o)
                0x00000000002080a4                ctimer_init
 .text.ctimer_set
                0x00000000002080cc       0x48 contiki-eth-openmote.a(ctimer.o)
                0x00000000002080cc                ctimer_set
 .text.ctimer_reset
                0x0000000000208114       0x40 contiki-eth-openmote.a(ctimer.o)
                0x0000000000208114                ctimer_reset
 .text.ctimer_stop
                0x0000000000208154       0x34 contiki-eth-openmote.a(ctimer.o)
                0x0000000000208154                ctimer_stop
 .text.energest_init
                0x0000000000208188       0x2c contiki-eth-openmote.a(energest.o)
                0x0000000000208188                energest_init
 .text.energest_type_time
                0x00000000002081b4       0x3c contiki-eth-openmote.a(energest.o)
                0x00000000002081b4                energest_type_time
 .text.energest_type_set
                0x00000000002081f0        0xc contiki-eth-openmote.a(energest.o)
                0x00000000002081f0                energest_type_set
 .text.rtimer_init
                0x00000000002081fc        0x4 contiki-eth-openmote.a(rtimer.o)
                0x00000000002081fc                rtimer_init
 .text.rtimer_run_next
                0x0000000000208200       0x28 contiki-eth-openmote.a(rtimer.o)
                0x0000000000208200                rtimer_run_next
 .text.stimer_set
                0x0000000000208228       0x10 contiki-eth-openmote.a(stimer.o)
                0x0000000000208228                stimer_set
 .text.stimer_expired
                0x0000000000208238       0x20 contiki-eth-openmote.a(stimer.o)
                0x0000000000208238                stimer_expired
 .text.random_rand
                0x0000000000208258       0x30 contiki-eth-openmote.a(random.o)
                0x0000000000208258                random_rand
 .text.random_init
                0x0000000000208288       0x80 contiki-eth-openmote.a(random.o)
                0x0000000000208288                random_init
 .text.ringbuf_init
                0x0000000000208308       0x10 contiki-eth-openmote.a(ringbuf.o)
                0x0000000000208308                ringbuf_init
 .text.ringbuf_put
                0x0000000000208318       0x30 contiki-eth-openmote.a(ringbuf.o)
                0x0000000000208318                ringbuf_put
 .text.ringbuf_get
                0x0000000000208348       0x28 contiki-eth-openmote.a(ringbuf.o)
                0x0000000000208348                ringbuf_get
 .text.nbr_set_bit
                0x0000000000208370       0x44 contiki-eth-openmote.a(nbr-table.o)
 .text.index_from_lladdr
                0x00000000002083b4       0x50 contiki-eth-openmote.a(nbr-table.o)
 .text.nbr_get_bit.constprop.0
                0x0000000000208404       0x2c contiki-eth-openmote.a(nbr-table.o)
 .text.nbr_table_register
                0x0000000000208430       0x2c contiki-eth-openmote.a(nbr-table.o)
                0x0000000000208430                nbr_table_register
 .text.nbr_table_next
                0x000000000020845c       0x78 contiki-eth-openmote.a(nbr-table.o)
                0x000000000020845c                nbr_table_next
 .text.nbr_table_head
                0x00000000002084d4       0x5c contiki-eth-openmote.a(nbr-table.o)
                0x00000000002084d4                nbr_table_head
 .text.nbr_table_add_lladdr
                0x0000000000208530      0x1ac contiki-eth-openmote.a(nbr-table.o)
                0x0000000000208530                nbr_table_add_lladdr
 .text.nbr_table_get_from_lladdr
                0x00000000002086dc       0x34 contiki-eth-openmote.a(nbr-table.o)
                0x00000000002086dc                nbr_table_get_from_lladdr
 .text.nbr_table_remove
                0x0000000000208710       0x2c contiki-eth-openmote.a(nbr-table.o)
                0x0000000000208710                nbr_table_remove
 .text.nbr_table_lock
                0x000000000020873c       0x10 contiki-eth-openmote.a(nbr-table.o)
                0x000000000020873c                nbr_table_lock
 .text.nbr_table_unlock
                0x000000000020874c       0x10 contiki-eth-openmote.a(nbr-table.o)
                0x000000000020874c                nbr_table_unlock
 .text.nbr_table_get_lladdr
                0x000000000020875c       0x30 contiki-eth-openmote.a(nbr-table.o)
                0x000000000020875c                nbr_table_get_lladdr
 .text.netstack_init
                0x000000000020878c       0x34 contiki-eth-openmote.a(netstack.o)
                0x000000000020878c                netstack_init
 .text.packetbuf_compact
                0x00000000002087c0       0x4c contiki-eth-openmote.a(packetbuf.o)
                0x00000000002087c0                packetbuf_compact
 .text.packetbuf_copyto_hdr
                0x000000000020880c       0x20 contiki-eth-openmote.a(packetbuf.o)
                0x000000000020880c                packetbuf_copyto_hdr
 .text.packetbuf_copyto
                0x000000000020882c       0x50 contiki-eth-openmote.a(packetbuf.o)
                0x000000000020882c                packetbuf_copyto
 .text.packetbuf_hdralloc
                0x000000000020887c       0x3c contiki-eth-openmote.a(packetbuf.o)
                0x000000000020887c                packetbuf_hdralloc
 .text.packetbuf_hdrreduce
                0x00000000002088b8       0x30 contiki-eth-openmote.a(packetbuf.o)
                0x00000000002088b8                packetbuf_hdrreduce
 .text.packetbuf_set_datalen
                0x00000000002088e8        0xc contiki-eth-openmote.a(packetbuf.o)
                0x00000000002088e8                packetbuf_set_datalen
 .text.packetbuf_dataptr
                0x00000000002088f4       0x14 contiki-eth-openmote.a(packetbuf.o)
                0x00000000002088f4                packetbuf_dataptr
 .text.packetbuf_hdrptr
                0x0000000000208908       0x14 contiki-eth-openmote.a(packetbuf.o)
                0x0000000000208908                packetbuf_hdrptr
 .text.packetbuf_is_reference
                0x000000000020891c       0x18 contiki-eth-openmote.a(packetbuf.o)
                0x000000000020891c                packetbuf_is_reference
 .text.packetbuf_reference_ptr
                0x0000000000208934        0xc contiki-eth-openmote.a(packetbuf.o)
                0x0000000000208934                packetbuf_reference_ptr
 .text.packetbuf_datalen
                0x0000000000208940        0xc contiki-eth-openmote.a(packetbuf.o)
                0x0000000000208940                packetbuf_datalen
 .text.packetbuf_totlen
                0x000000000020894c       0x1c contiki-eth-openmote.a(packetbuf.o)
                0x000000000020894c                packetbuf_totlen
 .text.packetbuf_attr_clear
                0x0000000000208968       0x34 contiki-eth-openmote.a(packetbuf.o)
                0x0000000000208968                packetbuf_attr_clear
 .text.packetbuf_clear
                0x000000000020899c       0x34 contiki-eth-openmote.a(packetbuf.o)
                0x000000000020899c                packetbuf_clear
 .text.packetbuf_copyfrom
                0x00000000002089d0       0x2c contiki-eth-openmote.a(packetbuf.o)
                0x00000000002089d0                packetbuf_copyfrom
 .text.packetbuf_attr_copyto
                0x00000000002089fc       0x44 contiki-eth-openmote.a(packetbuf.o)
                0x00000000002089fc                packetbuf_attr_copyto
 .text.packetbuf_attr_copyfrom
                0x0000000000208a40       0x44 contiki-eth-openmote.a(packetbuf.o)
                0x0000000000208a40                packetbuf_attr_copyfrom
 .text.psock_send
                0x0000000000208a84       0xa4 contiki-eth-openmote.a(psock.o)
                0x0000000000208a84                psock_send
 .text.psock_generator_send
                0x0000000000208b28       0x6c contiki-eth-openmote.a(psock.o)
                0x0000000000208b28                psock_generator_send
 .text.psock_datalen
                0x0000000000208b94        0xc contiki-eth-openmote.a(psock.o)
                0x0000000000208b94                psock_datalen
 .text.psock_readto
                0x0000000000208ba0       0xc0 contiki-eth-openmote.a(psock.o)
                0x0000000000208ba0                psock_readto
 .text.psock_init
                0x0000000000208c60       0x18 contiki-eth-openmote.a(psock.o)
                0x0000000000208c60                psock_init
 .text.queuebuf_init
                0x0000000000208c78       0x24 contiki-eth-openmote.a(queuebuf.o)
                0x0000000000208c78                queuebuf_init
 .text.queuebuf_new_from_packetbuf
                0x0000000000208c9c       0x94 contiki-eth-openmote.a(queuebuf.o)
                0x0000000000208c9c                queuebuf_new_from_packetbuf
 .text.queuebuf_update_attr_from_packetbuf
                0x0000000000208d30        0xc contiki-eth-openmote.a(queuebuf.o)
                0x0000000000208d30                queuebuf_update_attr_from_packetbuf
 .text.queuebuf_free
                0x0000000000208d3c       0x48 contiki-eth-openmote.a(queuebuf.o)
                0x0000000000208d3c                queuebuf_free
 .text.queuebuf_to_packetbuf
                0x0000000000208d84       0x68 contiki-eth-openmote.a(queuebuf.o)
                0x0000000000208d84                queuebuf_to_packetbuf
 .text.queuebuf_attr
                0x0000000000208dec        0xc contiki-eth-openmote.a(queuebuf.o)
                0x0000000000208dec                queuebuf_attr
 .text.set_packet_attrs
                0x0000000000208df8       0x3c contiki-eth-openmote.a(sicslowpan.o)
 .text.sicslowpan_init
                0x0000000000208e34       0x24 contiki-eth-openmote.a(sicslowpan.o)
                0x0000000000208e34                sicslowpan_init
 .text.compress_addr_64
                0x0000000000208e58       0x9c contiki-eth-openmote.a(sicslowpan.o)
 .text.addr_context_lookup_by_prefix
                0x0000000000208ef4       0x48 contiki-eth-openmote.a(sicslowpan.o)
 .text.send_packet
                0x0000000000208f3c       0x28 contiki-eth-openmote.a(sicslowpan.o)
 .text.output   0x0000000000208f64      0x754 contiki-eth-openmote.a(sicslowpan.o)
 .text.packet_sent
                0x00000000002096b8       0x28 contiki-eth-openmote.a(sicslowpan.o)
 .text.uncompress_addr
                0x00000000002096e0       0x8c contiki-eth-openmote.a(sicslowpan.o)
 .text.input    0x000000000020976c      0x758 contiki-eth-openmote.a(sicslowpan.o)
 .text.simple_udp_sendto
                0x0000000000209ec4       0x1c contiki-eth-openmote.a(simple-udp.o)
                0x0000000000209ec4                simple_udp_sendto
 .text.start_periodic_tcp_timer
                0x0000000000209ee0       0x1c contiki-eth-openmote.a(tcpip.o)
 .text.tcpip_set_outputfunc
                0x0000000000209efc        0xc contiki-eth-openmote.a(tcpip.o)
                0x0000000000209efc                tcpip_set_outputfunc
 .text.tcp_listen
                0x0000000000209f08       0x58 contiki-eth-openmote.a(tcpip.o)
                0x0000000000209f08                tcp_listen
 .text.tcp_attach
                0x0000000000209f60       0x10 contiki-eth-openmote.a(tcpip.o)
                0x0000000000209f60                tcp_attach
 .text.udp_new  0x0000000000209f70       0x18 contiki-eth-openmote.a(tcpip.o)
                0x0000000000209f70                udp_new
 .text.tcpip_input
                0x0000000000209f88       0x24 contiki-eth-openmote.a(tcpip.o)
                0x0000000000209f88                tcpip_input
 .text.tcpip_ipv6_output
                0x0000000000209fac      0x16c contiki-eth-openmote.a(tcpip.o)
                0x0000000000209fac                tcpip_ipv6_output
 .text.process_thread_tcpip_process
                0x000000000020a118      0x204 contiki-eth-openmote.a(tcpip.o)
 .text.tcpip_poll_udp
                0x000000000020a31c       0x10 contiki-eth-openmote.a(tcpip.o)
                0x000000000020a31c                tcpip_poll_udp
 .text.tcpip_uipcall
                0x000000000020a32c       0x9c contiki-eth-openmote.a(tcpip.o)
                0x000000000020a32c                tcpip_uipcall
 .text.uip_debug_ipaddr_print
                0x000000000020a3c8       0x70 contiki-eth-openmote.a(uip-debug.o)
                0x000000000020a3c8                uip_debug_ipaddr_print
 .text.call_route_callback
                0x000000000020a438       0x50 contiki-eth-openmote.a(uip-ds6-route.o)
 .text.uip_ds6_notification_add
                0x000000000020a488       0x14 contiki-eth-openmote.a(uip-ds6-route.o)
                0x000000000020a488                uip_ds6_notification_add
 .text.uip_ds6_route_init
                0x000000000020a49c       0x40 contiki-eth-openmote.a(uip-ds6-route.o)
                0x000000000020a49c                uip_ds6_route_init
 .text.uip_ds6_route_nexthop
                0x000000000020a4dc       0x1c contiki-eth-openmote.a(uip-ds6-route.o)
                0x000000000020a4dc                uip_ds6_route_nexthop
 .text.uip_ds6_route_head
                0x000000000020a4f8       0x24 contiki-eth-openmote.a(uip-ds6-route.o)
                0x000000000020a4f8                uip_ds6_route_head
 .text.uip_ds6_route_next
                0x000000000020a51c       0x2c contiki-eth-openmote.a(uip-ds6-route.o)
                0x000000000020a51c                uip_ds6_route_next
 .text.uip_ds6_route_num_routes
                0x000000000020a548        0xc contiki-eth-openmote.a(uip-ds6-route.o)
                0x000000000020a548                uip_ds6_route_num_routes
 .text.uip_ds6_route_lookup
                0x000000000020a554       0x48 contiki-eth-openmote.a(uip-ds6-route.o)
                0x000000000020a554                uip_ds6_route_lookup
 .text.uip_ds6_route_add
                0x000000000020a59c       0xb8 contiki-eth-openmote.a(uip-ds6-route.o)
                0x000000000020a59c                uip_ds6_route_add
 .text.uip_ds6_route_rm
                0x000000000020a654       0x5c contiki-eth-openmote.a(uip-ds6-route.o)
                0x000000000020a654                uip_ds6_route_rm
 .text.rm_routelist
                0x000000000020a6b0       0x2c contiki-eth-openmote.a(uip-ds6-route.o)
 .text.rm_routelist_callback
                0x000000000020a6dc        0x4 contiki-eth-openmote.a(uip-ds6-route.o)
 .text.uip_ds6_defrt_rm
                0x000000000020a6e0       0x48 contiki-eth-openmote.a(uip-ds6-route.o)
                0x000000000020a6e0                uip_ds6_defrt_rm
 .text.uip_ds6_defrt_lookup
                0x000000000020a728       0x34 contiki-eth-openmote.a(uip-ds6-route.o)
                0x000000000020a728                uip_ds6_defrt_lookup
 .text.uip_ds6_defrt_add
                0x000000000020a75c       0x74 contiki-eth-openmote.a(uip-ds6-route.o)
                0x000000000020a75c                uip_ds6_defrt_add
 .text.uip_ds6_defrt_choose
                0x000000000020a7d0       0x84 contiki-eth-openmote.a(uip-ds6-route.o)
                0x000000000020a7d0                uip_ds6_defrt_choose
 .text.uip_ds6_defrt_periodic
                0x000000000020a854       0x3c contiki-eth-openmote.a(uip-ds6-route.o)
                0x000000000020a854                uip_ds6_defrt_periodic
 .text.uip_ds6_nbr_rm
                0x000000000020a890       0x20 contiki-eth-openmote.a(uip-ds6-nbr.o)
                0x000000000020a890                uip_ds6_nbr_rm
 .text.uip_ds6_neighbors_init
                0x000000000020a8b0       0x14 contiki-eth-openmote.a(uip-ds6-nbr.o)
                0x000000000020a8b0                uip_ds6_neighbors_init
 .text.uip_ds6_nbr_add
                0x000000000020a8c4       0x50 contiki-eth-openmote.a(uip-ds6-nbr.o)
                0x000000000020a8c4                uip_ds6_nbr_add
 .text.uip_ds6_nbr_get_ipaddr
                0x000000000020a914        0x4 contiki-eth-openmote.a(uip-ds6-nbr.o)
                0x000000000020a914                uip_ds6_nbr_get_ipaddr
 .text.uip_ds6_nbr_get_ll
                0x000000000020a918       0x10 contiki-eth-openmote.a(uip-ds6-nbr.o)
                0x000000000020a918                uip_ds6_nbr_get_ll
 .text.uip_ds6_nbr_lookup
                0x000000000020a928       0x3c contiki-eth-openmote.a(uip-ds6-nbr.o)
                0x000000000020a928                uip_ds6_nbr_lookup
 .text.uip_ds6_nbr_ipaddr_from_lladdr
                0x000000000020a964       0x10 contiki-eth-openmote.a(uip-ds6-nbr.o)
                0x000000000020a964                uip_ds6_nbr_ipaddr_from_lladdr
 .text.uip_ds6_nbr_lladdr_from_ipaddr
                0x000000000020a974       0x1c contiki-eth-openmote.a(uip-ds6-nbr.o)
                0x000000000020a974                uip_ds6_nbr_lladdr_from_ipaddr
 .text.uip_ds6_link_neighbor_callback
                0x000000000020a990       0x28 contiki-eth-openmote.a(uip-ds6-nbr.o)
                0x000000000020a990                uip_ds6_link_neighbor_callback
 .text.uip_ds6_neighbor_periodic
                0x000000000020a9b8      0x108 contiki-eth-openmote.a(uip-ds6-nbr.o)
                0x000000000020a9b8                uip_ds6_neighbor_periodic
 .text.uip_ds6_list_loop
                0x000000000020aac0       0x68 contiki-eth-openmote.a(uip-ds6.o)
                0x000000000020aac0                uip_ds6_list_loop
 .text.uip_ds6_prefix_add
                0x000000000020ab28       0x70 contiki-eth-openmote.a(uip-ds6.o)
                0x000000000020ab28                uip_ds6_prefix_add
 .text.uip_ds6_is_addr_onlink
                0x000000000020ab98       0x48 contiki-eth-openmote.a(uip-ds6.o)
                0x000000000020ab98                uip_ds6_is_addr_onlink
 .text.uip_ds6_addr_lookup
                0x000000000020abe0       0x30 contiki-eth-openmote.a(uip-ds6.o)
                0x000000000020abe0                uip_ds6_addr_lookup
 .text.uip_ds6_get_link_local
                0x000000000020ac10       0x4c contiki-eth-openmote.a(uip-ds6.o)
                0x000000000020ac10                uip_ds6_get_link_local
 .text.uip_ds6_maddr_add
                0x000000000020ac5c       0x50 contiki-eth-openmote.a(uip-ds6.o)
                0x000000000020ac5c                uip_ds6_maddr_add
 .text.uip_ds6_addr_add
                0x000000000020acac       0xac contiki-eth-openmote.a(uip-ds6.o)
                0x000000000020acac                uip_ds6_addr_add
 .text.uip_ds6_maddr_lookup
                0x000000000020ad58       0x30 contiki-eth-openmote.a(uip-ds6.o)
                0x000000000020ad58                uip_ds6_maddr_lookup
 .text.uip_ds6_addr_rm
                0x000000000020ad88       0x48 contiki-eth-openmote.a(uip-ds6.o)
                0x000000000020ad88                uip_ds6_addr_rm
 .text.uip_ds6_periodic
                0x000000000020add0       0x60 contiki-eth-openmote.a(uip-ds6.o)
                0x000000000020add0                uip_ds6_periodic
 .text.uip_ds6_select_src
                0x000000000020ae30       0xfc contiki-eth-openmote.a(uip-ds6.o)
                0x000000000020ae30                uip_ds6_select_src
 .text.uip_ds6_set_addr_iid
                0x000000000020af2c       0x14 contiki-eth-openmote.a(uip-ds6.o)
                0x000000000020af2c                uip_ds6_set_addr_iid
 .text.uip_ds6_compute_reachable_time
                0x000000000020af40       0x28 contiki-eth-openmote.a(uip-ds6.o)
                0x000000000020af40                uip_ds6_compute_reachable_time
 .text.uip_ds6_init
                0x000000000020af68       0xf0 contiki-eth-openmote.a(uip-ds6.o)
                0x000000000020af68                uip_ds6_init
 .text.uip_icmp6_echo_request_input
                0x000000000020b058      0x118 contiki-eth-openmote.a(uip-icmp6.o)
                0x000000000020b058                uip_icmp6_echo_request_input
 .text.uip_icmp6_error_output
                0x000000000020b170      0x168 contiki-eth-openmote.a(uip-icmp6.o)
                0x000000000020b170                uip_icmp6_error_output
 .text.uip_icmp6_send
                0x000000000020b2d8       0x8c contiki-eth-openmote.a(uip-icmp6.o)
                0x000000000020b2d8                uip_icmp6_send
 .text.uip_icmp6_echo_reply_input
                0x000000000020b364       0xfc contiki-eth-openmote.a(uip-icmp6.o)
                0x000000000020b364                uip_icmp6_echo_reply_input
 .text.uip_icmp6_echo_reply_callback_add
                0x000000000020b460       0x14 contiki-eth-openmote.a(uip-icmp6.o)
                0x000000000020b460                uip_icmp6_echo_reply_callback_add
 .text.uip_nd6_ns_input
                0x000000000020b474      0x294 contiki-eth-openmote.a(uip-nd6.o)
                0x000000000020b474                uip_nd6_ns_input
 .text.uip_nd6_ns_output
                0x000000000020b708      0x16c contiki-eth-openmote.a(uip-nd6.o)
                0x000000000020b708                uip_nd6_ns_output
 .text.uip_nd6_na_input
                0x000000000020b874      0x1f0 contiki-eth-openmote.a(uip-nd6.o)
                0x000000000020b874                uip_nd6_na_input
 .text.uip_split_output
                0x000000000020ba64       0xc0 contiki-eth-openmote.a(uip-split.o)
                0x000000000020ba64                uip_split_output
 .text.uip_udp_packet_send
                0x000000000020bb24       0x44 contiki-eth-openmote.a(uip-udp-packet.)
                0x000000000020bb24                uip_udp_packet_send
 .text.uip_udp_packet_sendto
                0x000000000020bb68       0x4c contiki-eth-openmote.a(uip-udp-packet.)
                0x000000000020bb68                uip_udp_packet_sendto
 .text.chksum   0x000000000020bbb4       0x50 contiki-eth-openmote.a(uip6.o)
 .text.upper_layer_chksum
                0x000000000020bc04       0x58 contiki-eth-openmote.a(uip6.o)
 .text.ext_hdr_options_process
                0x000000000020bc5c       0xc4 contiki-eth-openmote.a(uip6.o)
 .text.uip_add32
                0x000000000020bd20       0x58 contiki-eth-openmote.a(uip6.o)
                0x000000000020bd20                uip_add32
 .text.unlikely.uip_add_rcv_nxt
                0x000000000020bd78       0x2c contiki-eth-openmote.a(uip6.o)
 .text.uip_icmp6chksum
                0x000000000020bda4        0x8 contiki-eth-openmote.a(uip6.o)
                0x000000000020bda4                uip_icmp6chksum
 .text.uip_tcpchksum
                0x000000000020bdac        0x8 contiki-eth-openmote.a(uip6.o)
                0x000000000020bdac                uip_tcpchksum
 .text.uip_init
                0x000000000020bdb4       0x60 contiki-eth-openmote.a(uip6.o)
                0x000000000020bdb4                uip_init
 .text.remove_ext_hdr
                0x000000000020be14       0x60 contiki-eth-openmote.a(uip6.o)
                0x000000000020be14                remove_ext_hdr
 .text.uip_udp_new
                0x000000000020be74       0xec contiki-eth-openmote.a(uip6.o)
                0x000000000020be74                uip_udp_new
 .text.uip_unlisten
                0x000000000020bf60       0x50 contiki-eth-openmote.a(uip6.o)
                0x000000000020bf60                uip_unlisten
 .text.uip_listen
                0x000000000020bfb0       0x54 contiki-eth-openmote.a(uip6.o)
                0x000000000020bfb0                uip_listen
 .text.uip_process
                0x000000000020c004     0x11e4 contiki-eth-openmote.a(uip6.o)
                0x000000000020c004                uip_process
 .text.uip_htons
                0x000000000020d1e8        0x8 contiki-eth-openmote.a(uip6.o)
                0x000000000020d1e8                uip_htons
 .text.uip_htonl
                0x000000000020d1f0       0x14 contiki-eth-openmote.a(uip6.o)
                0x000000000020d1f0                uip_htonl
 .text.uip_send
                0x000000000020d204       0x5c contiki-eth-openmote.a(uip6.o)
                0x000000000020d204                uip_send
 .text.netstack_aes_encrypt
                0x000000000020d260       0xa4 contiki-eth-openmote.a(netstack-aes.o)
                0x000000000020d260                netstack_aes_encrypt
 .text.netstack_aes_decrypt
                0x000000000020d304       0xd4 contiki-eth-openmote.a(netstack-aes.o)
                0x000000000020d304                netstack_aes_decrypt
 .text.netstack_aes_init
                0x000000000020d3d8       0x24 contiki-eth-openmote.a(netstack-aes.o)
                0x000000000020d3d8                netstack_aes_init
 .text.netstack_aes_set_key
                0x000000000020d3fc       0x24 contiki-eth-openmote.a(netstack-aes.o)
                0x000000000020d3fc                netstack_aes_set_key
 .text.ip64_addr_copy4
                0x000000000020d420        0x8 contiki-eth-openmote.a(ip64-addr.o)
                0x000000000020d420                ip64_addr_copy4
 .text.ip64_addr_copy6
                0x000000000020d428       0x18 contiki-eth-openmote.a(ip64-addr.o)
                0x000000000020d428                ip64_addr_copy6
 .text.ip64_addr_4to6
                0x000000000020d440       0x38 contiki-eth-openmote.a(ip64-addr.o)
                0x000000000020d440                ip64_addr_4to6
 .text.ip64_addr_6to4
                0x000000000020d478       0x48 contiki-eth-openmote.a(ip64-addr.o)
                0x000000000020d478                ip64_addr_6to4
 .text.arp_update
                0x000000000020d4c0       0xdc contiki-eth-openmote.a(ip64-arp.o)
 .text.ip64_arp_arp_input
                0x000000000020d59c       0xb4 contiki-eth-openmote.a(ip64-arp.o)
                0x000000000020d59c                ip64_arp_arp_input
 .text.ip64_arp_check_cache
                0x000000000020d650       0xa8 contiki-eth-openmote.a(ip64-arp.o)
                0x000000000020d650                ip64_arp_check_cache
 .text.ip64_arp_create_ethhdr
                0x000000000020d6f8       0xec contiki-eth-openmote.a(ip64-arp.o)
                0x000000000020d6f8                ip64_arp_create_ethhdr
 .text.ip64_arp_create_arp_request
                0x000000000020d7e4       0xc8 contiki-eth-openmote.a(ip64-arp.o)
                0x000000000020d7e4                ip64_arp_create_arp_request
 .text.writereg
                0x000000000020d8ac       0x24 contiki-eth-openmote.a(enc28j60.o)
 .text.writedata
                0x000000000020d8d0       0x2c contiki-eth-openmote.a(enc28j60.o)
 .text.readreg  0x000000000020d8fc       0x20 contiki-eth-openmote.a(enc28j60.o)
 .text.setregbank
                0x000000000020d91c       0x20 contiki-eth-openmote.a(enc28j60.o)
 .text.reset    0x000000000020d93c      0x134 contiki-eth-openmote.a(enc28j60.o)
 .text.process_thread_enc_watchdog_process
                0x000000000020da70       0x5c contiki-eth-openmote.a(enc28j60.o)
 .text.readdatabyte
                0x000000000020dacc       0x1c contiki-eth-openmote.a(enc28j60.o)
 .text.enc28j60_init
                0x000000000020dae8       0x30 contiki-eth-openmote.a(enc28j60.o)
                0x000000000020dae8                enc28j60_init
 .text.enc28j60_send
                0x000000000020db18       0xec contiki-eth-openmote.a(enc28j60.o)
                0x000000000020db18                enc28j60_send
 .text.enc28j60_read
                0x000000000020dc04       0xd0 contiki-eth-openmote.a(enc28j60.o)
                0x000000000020dc04                enc28j60_read
 .text.field_len
                0x000000000020dcd4       0x80 contiki-eth-openmote.a(frame802154.o)
 .text.frame802154_hdrlen
                0x000000000020dd54       0x30 contiki-eth-openmote.a(frame802154.o)
                0x000000000020dd54                frame802154_hdrlen
 .text.frame802154_create
                0x000000000020dd84      0x128 contiki-eth-openmote.a(frame802154.o)
                0x000000000020dd84                frame802154_create
 .text.frame802154_parse
                0x000000000020deac      0x138 contiki-eth-openmote.a(frame802154.o)
                0x000000000020deac                frame802154_parse
 .text.rpl_verify_header
                0x000000000020dfe4       0xa8 contiki-eth-openmote.a(rpl-ext-header.)
                0x000000000020dfe4                rpl_verify_header
 .text.rpl_update_header_empty
                0x000000000020e08c       0xfc contiki-eth-openmote.a(rpl-ext-header.)
                0x000000000020e08c                rpl_update_header_empty
 .text.rpl_update_header_final
                0x000000000020e188       0x88 contiki-eth-openmote.a(rpl-ext-header.)
                0x000000000020e188                rpl_update_header_final
 .text.rpl_invert_header
                0x000000000020e210       0x50 contiki-eth-openmote.a(rpl-ext-header.)
                0x000000000020e210                rpl_invert_header
 .text.cbcmac_append
                0x000000000020e260       0x30 contiki-eth-openmote.a(aes-ccm.o)
 .text.cbcmac_calc
                0x000000000020e290      0x194 contiki-eth-openmote.a(aes-ccm.o)
 .text.ctr_next_ctr_block
                0x000000000020e424       0x4c contiki-eth-openmote.a(aes-ccm.o)
 .text.ctr_payload
                0x000000000020e470       0x6c contiki-eth-openmote.a(aes-ccm.o)
 .text.ctr_mic  0x000000000020e4dc       0x68 contiki-eth-openmote.a(aes-ccm.o)
 .text.aes_ccm_encrypt
                0x000000000020e544       0x90 contiki-eth-openmote.a(aes-ccm.o)
                0x000000000020e544                aes_ccm_encrypt
 .text.aes_ccm_decrypt
                0x000000000020e5d4       0xb4 contiki-eth-openmote.a(aes-ccm.o)
                0x000000000020e5d4                aes_ccm_decrypt
 .text.enc28j60_arch_spi_init
                0x000000000020e688       0x40 contiki-eth-openmote.a(enc28j60-arch.o)
                0x000000000020e688                enc28j60_arch_spi_init
 .text.enc28j60_arch_spi_select
                0x000000000020e6c8        0xc contiki-eth-openmote.a(enc28j60-arch.o)
                0x000000000020e6c8                enc28j60_arch_spi_select
 .text.enc28j60_arch_spi_deselect
                0x000000000020e6d4        0xc contiki-eth-openmote.a(enc28j60-arch.o)
                0x000000000020e6d4                enc28j60_arch_spi_deselect
 .text.enc28j60_arch_spi_write
                0x000000000020e6e0       0x50 contiki-eth-openmote.a(enc28j60-arch.o)
                0x000000000020e6e0                enc28j60_arch_spi_write
 .text.enc28j60_arch_spi_read
                0x000000000020e730        0x8 contiki-eth-openmote.a(enc28j60-arch.o)
                0x000000000020e730                enc28j60_arch_spi_read
 .text.expandKey.constprop.2
                0x000000000020e738      0x118 contiki-eth-openmote.a(aes.o)
 .text.aes_encrypt
                0x000000000020e850      0x5d0 contiki-eth-openmote.a(aes.o)
                0x000000000020e850                aes_encrypt
 .text          0x000000000020ee20       0x2c /usr/bin/../lib/gcc/arm-none-eabi/4.8.4/armv7-m/libgcc.a(_aeabi_uldivmod.o)
                0x000000000020ee20                __aeabi_uldivmod
 .text          0x000000000020ee4c       0x60 /usr/bin/../lib/gcc/arm-none-eabi/4.8.4/armv7-m/libgcc.a(bpabi.o)
                0x000000000020ee4c                __gnu_ldivmod_helper
                0x000000000020ee7c                __gnu_uldivmod_helper
 .text          0x000000000020eeac        0x4 /usr/bin/../lib/gcc/arm-none-eabi/4.8.4/armv7-m/libgcc.a(_dvmd_tls.o)
                0x000000000020eeac                __aeabi_ldiv0
                0x000000000020eeac                __aeabi_idiv0
 .text          0x000000000020eeb0      0x2a0 /usr/bin/../lib/gcc/arm-none-eabi/4.8.4/armv7-m/libgcc.a(_divdi3.o)
                0x000000000020eeb0                __divdi3
 .text          0x000000000020f150      0x290 /usr/bin/../lib/gcc/arm-none-eabi/4.8.4/armv7-m/libgcc.a(_udivdi3.o)
                0x000000000020f150                __udivdi3
 .text.memcmp   0x000000000020f3e0       0x68 /usr/bin/../lib/gcc/arm-none-eabi/4.8.4/../../../../arm-none-eabi/lib/armv7-m/libc.a(lib_a-memcmp.o)
                0x000000000020f3e0                memcmp
 .text          0x000000000020f448       0xec /usr/bin/../lib/gcc/arm-none-eabi/4.8.4/../../../../arm-none-eabi/lib/armv7-m/libc.a(lib_a-memcpy.o)
                0x000000000020f448                memcpy
 .text.memmove  0x000000000020f534       0xcc /usr/bin/../lib/gcc/arm-none-eabi/4.8.4/../../../../arm-none-eabi/lib/armv7-m/libc.a(lib_a-memmove.o)
                0x000000000020f534                memmove
 .text.memset   0x000000000020f600       0x94 /usr/bin/../lib/gcc/arm-none-eabi/4.8.4/../../../../arm-none-eabi/lib/armv7-m/libc.a(lib_a-memset.o)
                0x000000000020f600                memset
 .text.strchr   0x000000000020f694       0xf4 /usr/bin/../lib/gcc/arm-none-eabi/4.8.4/../../../../arm-none-eabi/lib/armv7-m/libc.a(lib_a-strchr.o)
                0x000000000020f694                strchr
 .text.strcpy   0x000000000020f788       0xbc /usr/bin/../lib/gcc/arm-none-eabi/4.8.4/../../../../arm-none-eabi/lib/armv7-m/libc.a(lib_a-strcpy.o)
                0x000000000020f788                strcpy
 .text.strlen   0x000000000020f844       0x60 /usr/bin/../lib/gcc/arm-none-eabi/4.8.4/../../../../arm-none-eabi/lib/armv7-m/libc.a(lib_a-strlen.o)
                0x000000000020f844                strlen
 .text.strncmp  0x000000000020f8a4       0xb4 /usr/bin/../lib/gcc/arm-none-eabi/4.8.4/../../../../arm-none-eabi/lib/armv7-m/libc.a(lib_a-strncmp.o)
                0x000000000020f8a4                strncmp
 .text.strncpy  0x000000000020f958       0x64 /usr/bin/../lib/gcc/arm-none-eabi/4.8.4/../../../../arm-none-eabi/lib/armv7-m/libc.a(lib_a-strncpy.o)
                0x000000000020f958                strncpy
 .text.strrchr  0x000000000020f9bc       0x28 /usr/bin/../lib/gcc/arm-none-eabi/4.8.4/../../../../arm-none-eabi/lib/armv7-m/libc.a(lib_a-strrchr.o)
                0x000000000020f9bc                strrchr
 *(.rodata*)
 .rodata.autostart_processes
                0x000000000020f9e4        0xc router-webserver-node.co
                0x000000000020f9e4                autostart_processes
 .rodata.str1.4
                0x000000000020f9f0       0x58 router-webserver-node.co
 .rodata.str1.4
                0x000000000020fa48        0xc contiki-eth-openmote.a(etimer.o)
 .rodata.str1.4
                0x000000000020fa54        0xb contiki-eth-openmote.a(ip64-webserver.)
                                          0xc (size before relaxing)
 *fill*         0x000000000020fa5f        0x1 00000000
 .rodata.str1.4
                0x000000000020fa60       0x10 contiki-eth-openmote.a(httpd.o)
 .rodata.ip64_webserver_http_404_html
                0x000000000020fa70        0xc contiki-eth-openmote.a(ip64-webserver-)
                0x000000000020fa70                ip64_webserver_http_404_html
 .rodata.ip64_webserver_http_referer
                0x000000000020fa7c        0xc contiki-eth-openmote.a(ip64-webserver-)
                0x000000000020fa7c                ip64_webserver_http_referer
 .rodata.ip64_webserver_http_index_html
                0x000000000020fa88        0xc contiki-eth-openmote.a(ip64-webserver-)
                0x000000000020fa88                ip64_webserver_http_index_html
 .rodata.ip64_webserver_http_jpg
                0x000000000020fa94        0x8 contiki-eth-openmote.a(ip64-webserver-)
                0x000000000020fa94                ip64_webserver_http_jpg
 .rodata.ip64_webserver_http_content_type_jpg
                0x000000000020fa9c       0x20 contiki-eth-openmote.a(ip64-webserver-)
                0x000000000020fa9c                ip64_webserver_http_content_type_jpg
 .rodata.ip64_webserver_http_content_type_png
                0x000000000020fabc       0x1c contiki-eth-openmote.a(ip64-webserver-)
                0x000000000020fabc                ip64_webserver_http_content_type_png
 .rodata.ip64_webserver_http_content_type_html
                0x000000000020fad8       0x1c contiki-eth-openmote.a(ip64-webserver-)
                0x000000000020fad8                ip64_webserver_http_content_type_html
 .rodata.ip64_webserver_http_content_type_binary
                0x000000000020faf4       0x2c contiki-eth-openmote.a(ip64-webserver-)
                0x000000000020faf4                ip64_webserver_http_content_type_binary
 .rodata.ip64_webserver_http_html
                0x000000000020fb20        0x8 contiki-eth-openmote.a(ip64-webserver-)
                0x000000000020fb20                ip64_webserver_http_html
 .rodata.ip64_webserver_http_png
                0x000000000020fb28        0x8 contiki-eth-openmote.a(ip64-webserver-)
                0x000000000020fb28                ip64_webserver_http_png
 .rodata.ip64_webserver_http_css
                0x000000000020fb30        0x8 contiki-eth-openmote.a(ip64-webserver-)
                0x000000000020fb30                ip64_webserver_http_css
 .rodata.ip64_webserver_http_header_200
                0x000000000020fb38       0x58 contiki-eth-openmote.a(ip64-webserver-)
                0x000000000020fb38                ip64_webserver_http_header_200
 .rodata.ip64_webserver_http_content_type_css
                0x000000000020fb90       0x1c contiki-eth-openmote.a(ip64-webserver-)
                0x000000000020fb90                ip64_webserver_http_content_type_css
 .rodata.ip64_webserver_http_content_type_plain
                0x000000000020fbac       0x20 contiki-eth-openmote.a(ip64-webserver-)
                0x000000000020fbac                ip64_webserver_http_content_type_plain
 .rodata.ip64_webserver_http_gif
                0x000000000020fbcc        0x8 contiki-eth-openmote.a(ip64-webserver-)
                0x000000000020fbcc                ip64_webserver_http_gif
 .rodata.ip64_webserver_http_content_type_gif
                0x000000000020fbd4       0x1c contiki-eth-openmote.a(ip64-webserver-)
                0x000000000020fbd4                ip64_webserver_http_content_type_gif
 .rodata.ip64_webserver_http_header_404
                0x000000000020fbf0       0x5c contiki-eth-openmote.a(ip64-webserver-)
                0x000000000020fbf0                ip64_webserver_http_header_404
 .rodata.ip64_webserver_http_shtml
                0x000000000020fc4c        0x8 contiki-eth-openmote.a(ip64-webserver-)
                0x000000000020fc4c                ip64_webserver_http_shtml
 .rodata.ip64_webserver_http_get
                0x000000000020fc54        0x8 contiki-eth-openmote.a(ip64-webserver-)
                0x000000000020fc54                ip64_webserver_http_get
 .rodata.data_rplreset_shtml
                0x000000000020fc5c       0x20 contiki-eth-openmote.a(httpd-fs.o)
                0x000000000020fc5c                data_rplreset_shtml
 .rodata.file_files_shtml
                0x000000000020fc7c       0x14 contiki-eth-openmote.a(httpd-fs.o)
                0x000000000020fc7c                file_files_shtml
 .rodata.data_nbrsping_shtml
                0x000000000020fc90       0x7c contiki-eth-openmote.a(httpd-fs.o)
                0x000000000020fc90                data_nbrsping_shtml
 .rodata.file_rplroot_shtml
                0x000000000020fd0c       0x14 contiki-eth-openmote.a(httpd-fs.o)
                0x000000000020fd0c                file_rplroot_shtml
 .rodata.data_index_html
                0x000000000020fd20      0xab4 contiki-eth-openmote.a(httpd-fs.o)
                0x000000000020fd20                data_index_html
 .rodata.file_nbrs_shtml
                0x00000000002107d4       0x14 contiki-eth-openmote.a(httpd-fs.o)
                0x00000000002107d4                file_nbrs_shtml
 .rodata.file_nat_shtml
                0x00000000002107e8       0x14 contiki-eth-openmote.a(httpd-fs.o)
                0x00000000002107e8                file_nat_shtml
 .rodata.file_processes_shtml
                0x00000000002107fc       0x14 contiki-eth-openmote.a(httpd-fs.o)
                0x00000000002107fc                file_processes_shtml
 .rodata.data_processes_shtml
                0x0000000000210810       0xbc contiki-eth-openmote.a(httpd-fs.o)
                0x0000000000210810                data_processes_shtml
 .rodata.data_nat_shtml
                0x00000000002108cc       0xe8 contiki-eth-openmote.a(httpd-fs.o)
                0x00000000002108cc                data_nat_shtml
 .rodata.data_404_html
                0x00000000002109b4       0x10 contiki-eth-openmote.a(httpd-fs.o)
                0x00000000002109b4                data_404_html
 .rodata.data_routes_shtml
                0x00000000002109c4       0x94 contiki-eth-openmote.a(httpd-fs.o)
                0x00000000002109c4                data_routes_shtml
 .rodata.data_routesping_shtml
                0x0000000000210a58       0x9c contiki-eth-openmote.a(httpd-fs.o)
                0x0000000000210a58                data_routesping_shtml
 .rodata.data_tcp_shtml
                0x0000000000210af4       0xcc contiki-eth-openmote.a(httpd-fs.o)
                0x0000000000210af4                data_tcp_shtml
 .rodata.data_rplroot_shtml
                0x0000000000210bc0       0x20 contiki-eth-openmote.a(httpd-fs.o)
                0x0000000000210bc0                data_rplroot_shtml
 .rodata.data_nbrs_shtml
                0x0000000000210be0       0x7c contiki-eth-openmote.a(httpd-fs.o)
                0x0000000000210be0                data_nbrs_shtml
 .rodata.file_index_html
                0x0000000000210c5c       0x14 contiki-eth-openmote.a(httpd-fs.o)
                0x0000000000210c5c                file_index_html
 .rodata.data_status_shtml
                0x0000000000210c70       0xc4 contiki-eth-openmote.a(httpd-fs.o)
                0x0000000000210c70                data_status_shtml
 .rodata.file_routes_shtml
                0x0000000000210d34       0x14 contiki-eth-openmote.a(httpd-fs.o)
                0x0000000000210d34                file_routes_shtml
 .rodata.file_404_html
                0x0000000000210d48       0x14 contiki-eth-openmote.a(httpd-fs.o)
                0x0000000000210d48                file_404_html
 .rodata.file_nbrsping_shtml
                0x0000000000210d5c       0x14 contiki-eth-openmote.a(httpd-fs.o)
                0x0000000000210d5c                file_nbrsping_shtml
 .rodata.file_rplreset_shtml
                0x0000000000210d70       0x14 contiki-eth-openmote.a(httpd-fs.o)
                0x0000000000210d70                file_rplreset_shtml
 .rodata.file_status_shtml
                0x0000000000210d84       0x14 contiki-eth-openmote.a(httpd-fs.o)
                0x0000000000210d84                file_status_shtml
 .rodata.file_tcp_shtml
                0x0000000000210d98       0x14 contiki-eth-openmote.a(httpd-fs.o)
                0x0000000000210d98                file_tcp_shtml
 .rodata.data_files_shtml
                0x0000000000210dac      0x2f0 contiki-eth-openmote.a(httpd-fs.o)
                0x0000000000210dac                data_files_shtml
 .rodata.file_routesping_shtml
                0x000000000021109c       0x14 contiki-eth-openmote.a(httpd-fs.o)
                0x000000000021109c                file_routesping_shtml
 .rodata.httpd_cgi_rtesf.7652
                0x00000000002110b0       0x30 contiki-eth-openmote.a(httpd-cgi.o)
 .rodata.addrmap_name
                0x00000000002110e0        0x8 contiki-eth-openmote.a(httpd-cgi.o)
 .rodata.httpd_cgi_rtes2.7640
                0x00000000002110e8        0x8 contiki-eth-openmote.a(httpd-cgi.o)
 .rodata.reboot_name
                0x00000000002110f0        0x8 contiki-eth-openmote.a(httpd-cgi.o)
 .rodata.none   0x00000000002110f8        0x8 contiki-eth-openmote.a(httpd-cgi.o)
 .rodata.nbrsping_name
                0x0000000000211100        0xc contiki-eth-openmote.a(httpd-cgi.o)
 .rodata.rtes_name
                0x000000000021110c        0x8 contiki-eth-openmote.a(httpd-cgi.o)
 .rodata.time_wait
                0x0000000000211114        0xc contiki-eth-openmote.a(httpd-cgi.o)
 .rodata.nbrs_name
                0x0000000000211120        0xc contiki-eth-openmote.a(httpd-cgi.o)
 .rodata.httpd_cgi_rtes0.7638
                0x000000000021112c        0xc contiki-eth-openmote.a(httpd-cgi.o)
 .rodata.closed
                0x0000000000211138        0x8 contiki-eth-openmote.a(httpd-cgi.o)
 .rodata.httpd_cgi_rtes1.7639
                0x0000000000211140       0x18 contiki-eth-openmote.a(httpd-cgi.o)
 .rodata.httpd_cgi_addrb
                0x0000000000211158        0xc contiki-eth-openmote.a(httpd-cgi.o)
 .rodata.httpd_cgi_addrf
                0x0000000000211164       0x28 contiki-eth-openmote.a(httpd-cgi.o)
 .rodata.httpd_cgi_addrh
                0x000000000021118c        0xc contiki-eth-openmote.a(httpd-cgi.o)
 .rodata.syn_sent
                0x0000000000211198        0xc contiki-eth-openmote.a(httpd-cgi.o)
 .rodata.httpd_cgi_rtesh.7637
                0x00000000002111a4        0x4 contiki-eth-openmote.a(httpd-cgi.o)
 .rodata.httpd_cgi_rtesh.7651
                0x00000000002111a8        0x4 contiki-eth-openmote.a(httpd-cgi.o)
 .rodata.states
                0x00000000002111ac       0x30 contiki-eth-openmote.a(httpd-cgi.o)
 .rodata.running
                0x00000000002111dc        0x8 contiki-eth-openmote.a(httpd-cgi.o)
 .rodata.proc_name
                0x00000000002111e4        0xc contiki-eth-openmote.a(httpd-cgi.o)
 .rodata.rplreset_name
                0x00000000002111f0        0xc contiki-eth-openmote.a(httpd-cgi.o)
 .rodata.syn_rcvd
                0x00000000002111fc        0xc contiki-eth-openmote.a(httpd-cgi.o)
 .rodata.adrs_name
                0x0000000000211208        0xc contiki-eth-openmote.a(httpd-cgi.o)
 .rodata.fin_wait_1
                0x0000000000211214        0xc contiki-eth-openmote.a(httpd-cgi.o)
 .rodata.fin_wait_2
                0x0000000000211220        0xc contiki-eth-openmote.a(httpd-cgi.o)
 .rodata.file_name
                0x000000000021122c        0xc contiki-eth-openmote.a(httpd-cgi.o)
 .rodata.rtesping_name
                0x0000000000211238        0x8 contiki-eth-openmote.a(httpd-cgi.o)
 .rodata.rplroot_name
                0x0000000000211240        0x8 contiki-eth-openmote.a(httpd-cgi.o)
 .rodata.called
                0x0000000000211248        0x8 contiki-eth-openmote.a(httpd-cgi.o)
 .rodata.tcp_name
                0x0000000000211250       0x10 contiki-eth-openmote.a(httpd-cgi.o)
 .rodata.closing
                0x0000000000211260        0x8 contiki-eth-openmote.a(httpd-cgi.o)
 .rodata.last_ack
                0x0000000000211268        0xc contiki-eth-openmote.a(httpd-cgi.o)
 .rodata.httpd_cgi_room2.7604
                0x0000000000211274       0x30 contiki-eth-openmote.a(httpd-cgi.o)
 .rodata.str1.4
                0x00000000002112a4      0x260 contiki-eth-openmote.a(httpd-cgi.o)
                                        0x26c (size before relaxing)
 .rodata.established
                0x0000000000211504        0xc contiki-eth-openmote.a(httpd-cgi.o)
 .rodata        0x0000000000211510        0x8 contiki-eth-openmote.a(network-reboot.)
 .rodata.str1.4
                0x0000000000211518       0x9d contiki-eth-openmote.a(simple-udp-ping)