Archive member included because of file (symbol)

contiki-mist-openmote.a(process.o)
                              mqtt-example.co (process_alloc_event)
contiki-mist-openmote.a(etimer.o)
                              mqtt-example.co (etimer_set)
contiki-mist-openmote.a(uip-ds6-route.o)
                              mqtt-example.co (uip_ds6_notification_add)
contiki-mist-openmote.a(uip-ds6-nbr.o)
                              contiki-mist-openmote.a(uip-ds6-route.o) (uip_ds6_nbr_lookup)
contiki-mist-openmote.a(uip-ds6.o)
                              contiki-mist-openmote.a(uip-ds6-nbr.o) (uip_ds6_if)
contiki-mist-openmote.a(uip-nd6.o)
                              contiki-mist-openmote.a(uip-ds6-nbr.o) (uip_nd6_ns_output)
contiki-mist-openmote.a(uip6.o)
                              contiki-mist-openmote.a(uip-nd6.o) (uip_aligned_buf)
contiki-mist-openmote.a(mqtt.o)
                              mqtt-example.co (mqtt_register)
contiki-mist-openmote.a(netstack-aes.o)
                              mqtt-example.co (netstack_aes_set_active)
contiki-mist-openmote.a(ip64-addr.o)
                              contiki-mist-openmote.a(mqtt.o) (ip64_addr_4to6)
contiki-mist-openmote.a(mdns.o)
                              contiki-mist-openmote.a(mqtt.o) (mdns_event_found)
contiki-mist-openmote.a(tcp-socket.o)
                              contiki-mist-openmote.a(mqtt.o) (tcp_socket_register)
contiki-mist-openmote.a(contiki-mist-op)
                              obj_mist-openmote/startup-gcc.o (main)
contiki-mist-openmote.a(node-id.o)
                              contiki-mist-openmote.a(contiki-mist-op) (node_id_restore)
contiki-mist-openmote.a(leds.o)
                              contiki-mist-openmote.a(contiki-mist-op) (leds_init)
contiki-mist-openmote.a(leds-arch.o)
                              contiki-mist-openmote.a(leds.o) (leds_arch_init)
contiki-mist-openmote.a(sensors.o)
                              mqtt-example.co (sensors_event)
contiki-mist-openmote.a(smartrf-sensors)
                              contiki-mist-openmote.a(sensors.o) (sensors_flags)
contiki-mist-openmote.a(button-sensor.o)
                              contiki-mist-openmote.a(contiki-mist-op) (button_sensor_init)
contiki-mist-openmote.a(clock.o)
                              contiki-mist-openmote.a(contiki-mist-op) (clock_init)
contiki-mist-openmote.a(rtimer-arch.o)
                              contiki-mist-openmote.a(contiki-mist-op) (rtimer_arch_now)
contiki-mist-openmote.a(uart.o)
                              contiki-mist-openmote.a(contiki-mist-op) (uart_init)
contiki-mist-openmote.a(watchdog.o)
                              contiki-mist-openmote.a(contiki-mist-op) (watchdog_init)
contiki-mist-openmote.a(nvic.o)
                              contiki-mist-openmote.a(contiki-mist-op) (nvic_init)
contiki-mist-openmote.a(cpu.o)
                              contiki-mist-openmote.a(contiki-mist-op) (cpu_cpsie)
contiki-mist-openmote.a(sys-ctrl.o)
                              contiki-mist-openmote.a(contiki-mist-op) (sys_ctrl_init)
contiki-mist-openmote.a(gpio.o)
                              contiki-mist-openmote.a(button-sensor.o) (gpio_register_callback)
contiki-mist-openmote.a(ioc.o)
                              contiki-mist-openmote.a(contiki-mist-op) (ioc_init)
contiki-mist-openmote.a(cc2538-rf.o)
                              contiki-mist-openmote.a(contiki-mist-op) (cc2538_rf_set_addr)
contiki-mist-openmote.a(udma.o)
                              contiki-mist-openmote.a(contiki-mist-op) (udma_init)
contiki-mist-openmote.a(lpm.o)
                              contiki-mist-openmote.a(rtimer-arch.o) (lpm_exit)
contiki-mist-openmote.a(dbg.o)
                              mqtt-example.co (putchar)
contiki-mist-openmote.a(dbg-printf.o)
                              mqtt-example.co (printf)
contiki-mist-openmote.a(dbg-sprintf.o)
                              mqtt-example.co (sprintf)
contiki-mist-openmote.a(strformat.o)
                              contiki-mist-openmote.a(dbg-printf.o) (format_str_v)
contiki-mist-openmote.a(rimeaddr.o)
                              contiki-mist-openmote.a(uip-ds6-nbr.o) (rimeaddr_cmp)
contiki-mist-openmote.a(rimestats.o)
                              contiki-mist-openmote.a(netstack-aes.o) (rimestats)
contiki-mist-openmote.a(nullrdc.o)
                              contiki-mist-openmote.a(contiki-mist-op) (nullrdc_driver)
contiki-mist-openmote.a(mac.o)
                              contiki-mist-openmote.a(nullrdc.o) (mac_call_sent_callback)
contiki-mist-openmote.a(framer-802154.o)
                              contiki-mist-openmote.a(nullrdc.o) (framer_802154)
contiki-mist-openmote.a(csma.o)
                              contiki-mist-openmote.a(contiki-mist-op) (csma_driver)
contiki-mist-openmote.a(rpl.o)
                              contiki-mist-openmote.a(uip-ds6-nbr.o) (rpl_link_neighbor_callback)
contiki-mist-openmote.a(rpl-dag.o)
[...]
Memory Configuration

Name             Origin             Length             Attributes
FLASH            0x0000000000200000 0x000000000007ffd4 xr
FLASH_CCA        0x000000000027ffd4 0x000000000000002c xr
SRAM             0x0000000020000000 0x0000000000008000 xrw
*default*        0x0000000000000000 0xffffffffffffffff

Linker script and memory map

LOAD obj_mist-openmote/startup-gcc.o
LOAD mqtt-example.co
LOAD contiki-mist-openmote.a
START GROUP
LOAD /usr/bin/../lib/gcc/arm-none-eabi/4.8.4/armv7-m/libgcc.a
LOAD /usr/bin/../lib/gcc/arm-none-eabi/4.8.4/../../../../arm-none-eabi/lib/armv7-m/libc.a
END GROUP

.text           0x0000000000200000    0x110ac
                0x0000000000200000                _text = .
 *(.vectors)
 .vectors       0x0000000000200000      0x28c obj_mist-openmote/startup-gcc.o
                0x0000000000200000                vectors
 *(.text*)
 .text          0x000000000020028c       0x68 obj_mist-openmote/startup-gcc.o
                0x000000000020028c                default_handler
                0x0000000000200290                reset_handler
                0x00000000002002e4                nmi_handler
 .text          0x00000000002002f4      0x4b0 mqtt-example.co
 .text          0x00000000002007a4      0x2c0 contiki-mist-openmote.a(process.o)
                0x00000000002008b0                process_alloc_event
                0x00000000002008c0                process_exit
                0x00000000002008cc                process_init
                0x00000000002008ec                process_run
                0x0000000000200988                process_nevents
                0x0000000000200998                process_post
                0x00000000002009e8                process_post_synch
                0x0000000000200a00                process_start
                0x0000000000200a40                process_poll
                0x0000000000200a58                process_is_running
 .text          0x0000000000200a64      0x230 contiki-mist-openmote.a(etimer.o)
                0x0000000000200bbc                etimer_request_poll
                0x0000000000200bc8                etimer_set
                0x0000000000200bdc                etimer_reset
                0x0000000000200bf0                etimer_restart
                0x0000000000200c04                etimer_adjust
                0x0000000000200c10                etimer_expired
                0x0000000000200c1c                etimer_expiration_time
                0x0000000000200c24                etimer_start_time
                0x0000000000200c28                etimer_pending
                0x0000000000200c38                etimer_next_expiration_time
                0x0000000000200c48                etimer_stop
 .text          0x0000000000200c94      0x478 contiki-mist-openmote.a(uip-ds6-route.o)
                0x0000000000200ce0                uip_ds6_notification_add
                0x0000000000200cf4                uip_ds6_notification_rm
                0x0000000000200d00                uip_ds6_route_init
                0x0000000000200d3c                uip_ds6_route_nexthop
                0x0000000000200d58                uip_ds6_route_head
                0x0000000000200d7c                uip_ds6_route_next
                0x0000000000200da8                uip_ds6_route_num_routes
                0x0000000000200db4                uip_ds6_route_lookup
                0x0000000000200dfc                uip_ds6_route_add
                0x0000000000200eb4                uip_ds6_route_rm
                0x0000000000200f40                uip_ds6_route_rm_by_nexthop
                0x0000000000200f5c                uip_ds6_defrt_rm
                0x0000000000200fa4                uip_ds6_defrt_lookup
                0x0000000000200fd8                uip_ds6_defrt_add
                0x000000000020104c                uip_ds6_defrt_choose
                0x00000000002010d0                uip_ds6_defrt_periodic
 .text          0x000000000020110c      0x2b0 contiki-mist-openmote.a(uip-ds6-nbr.o)
                0x000000000020110c                uip_ds6_nbr_rm
                0x000000000020112c                uip_ds6_neighbors_init
                0x0000000000201140                uip_ds6_nbr_add
                0x0000000000201190                uip_ds6_nbr_get_ipaddr
                0x0000000000201194                uip_ds6_nbr_get_ll
                0x00000000002011a4                uip_ds6_nbr_num
                0x00000000002011cc                uip_ds6_nbr_lookup
                0x0000000000201208                uip_ds6_nbr_ll_lookup
                0x0000000000201218                uip_ds6_nbr_ipaddr_from_lladdr
                0x0000000000201228                uip_ds6_nbr_lladdr_from_ipaddr
                0x0000000000201244                uip_ds6_link_neighbor_callback
                0x000000000020126c                uip_ds6_neighbor_periodic
                0x0000000000201374                uip_ds6_get_least_lifetime_neighbor
 .text          0x00000000002013bc      0x704 contiki-mist-openmote.a(uip-ds6.o)
                0x00000000002013bc                uip_ds6_list_loop
                0x0000000000201424                uip_ds6_prefix_add
                0x0000000000201494                uip_ds6_prefix_rm
                0x000000000020149c                uip_ds6_prefix_lookup
                0x00000000002014c8                uip_ds6_is_addr_onlink
                0x0000000000201510                uip_ds6_addr_lookup
                0x0000000000201540                uip_ds6_get_link_local
                0x000000000020158c                uip_ds6_get_global
                0x00000000002015d8                uip_ds6_maddr_add
                0x000000000020162c                uip_ds6_addr_add
                0x00000000002016d8                uip_ds6_maddr_rm
                0x00000000002016e0                uip_ds6_maddr_lookup
                0x0000000000201714                uip_ds6_addr_rm
                0x0000000000201758                uip_ds6_periodic
                0x00000000002017b8                uip_ds6_aaddr_add
                0x000000000020180c                uip_ds6_aaddr_rm
                0x0000000000201814                uip_ds6_aaddr_lookup
                0x0000000000201848                uip_ds6_select_src
                0x0000000000201944                uip_ds6_set_addr_iid
                0x0000000000201958                get_match_length
                0x000000000020199c                uip_ds6_compute_reachable_time
                0x00000000002019c4                uip_ds6_init
 .text          0x0000000000201ac0      0x5b8 contiki-mist-openmote.a(uip-nd6.o)
                0x0000000000201ac0                uip_nd6_ns_input
                0x0000000000201d30                uip_nd6_ns_output
                0x0000000000201e9c                uip_nd6_na_input
 .text          0x0000000000202078     0x177c contiki-mist-openmote.a(uip6.o)
                0x00000000002021d0                uip_add32
                0x0000000000202228                uip_chksum
                0x000000000020223c                uip_icmp6chksum
                0x0000000000202244                uip_tcpchksum
                0x000000000020224c                uip_udpchksum
                0x0000000000202254                uip_init
                0x00000000002022ac                uip_connect
                0x00000000002023c8                remove_ext_hdr
                0x0000000000202428                uip_udp_new
                0x0000000000202504                uip_unlisten
                0x0000000000202554                uip_listen
                0x00000000002025a8                uip_process
                0x0000000000203780                uip_htons
                0x0000000000203788                uip_htonl
                0x000000000020379c                uip_send
 .text.unlikely
                0x00000000002037f4       0x2c contiki-mist-openmote.a(uip6.o)
 .text          0x0000000000203820     0x1d64 contiki-mist-openmote.a(mqtt.o)
                0x0000000000205218                reset_defaults
                0x0000000000205244                mqtt_init
                0x00000000002052a8                mqtt_register
                0x0000000000205314                mqtt_connect
                0x00000000002053b0                mqtt_disconnect
                0x00000000002053d8                mqtt_subscribe
                0x0000000000205440                mqtt_unsubscribe
                0x000000000020549c                mqtt_publish
                0x000000000020551c                mqtt_set_username_password
                0x0000000000205558                mqtt_set_last_will
 .text          0x0000000000205584      0x23c contiki-mist-openmote.a(netstack-aes.o)
                0x0000000000205584                netstack_aes_set_active
                0x0000000000205590                netstack_aes_encrypt
                0x0000000000205630                netstack_aes_decrypt
                0x0000000000205700                netstack_aes_verify
                0x0000000000205778                netstack_aes_init
                0x000000000020579c                netstack_aes_set_key
                0x00000000002057bc                netstack_aes_set_master_key
 .text          0x00000000002057c0       0xa0 contiki-mist-openmote.a(ip64-addr.o)
                0x00000000002057c0                ip64_addr_copy4
                0x00000000002057c8                ip64_addr_copy6
                0x00000000002057e0                ip64_addr_4to6
                0x0000000000205818                ip64_addr_6to4
 .text          0x0000000000205860      0x5cc contiki-mist-openmote.a(mdns.o)
                0x0000000000205c10                mdns_init
                0x0000000000205c1c                mdns_query
                0x0000000000205d40                mdns_lookup
                0x0000000000205de8                mdns_getserver
                0x0000000000205dfc                mdns_conf
 .text          0x0000000000205e2c      0x3e0 contiki-mist-openmote.a(tcp-socket.o)
                0x00000000002060ac                tcp_socket_init
                0x00000000002060d0                tcp_socket_register
                0x0000000000206120                tcp_socket_connect
                0x0000000000206150                tcp_socket_listen
                0x0000000000206184                tcp_socket_unlisten
                0x00000000002061b8                tcp_socket_send
                0x00000000002061dc                tcp_socket_send_str
                0x00000000002061f8                tcp_socket_close
 .text          0x000000000020620c       0x64 contiki-mist-openmote.a(contiki-mist-op)
 .text.startup  0x0000000000206270      0x2c0 contiki-mist-openmote.a(contiki-mist-op)
                0x0000000000206270                main
 .text          0x0000000000206530       0x68 contiki-mist-openmote.a(node-id.o)
                0x0000000000206530                node_id_restore
                0x0000000000206594                node_id_burn
 .text          0x0000000000206598      0x1c0 contiki-mist-openmote.a(leds.o)
                0x00000000002066c0                leds_init
                0x00000000002066d4                leds_blink
                0x0000000000206708                leds_get
                0x000000000020670c                leds_on
                0x0000000000206724                leds_off
                0x0000000000206738                leds_toggle
                0x0000000000206748                leds_invert
 .text          0x0000000000206758       0x28 contiki-mist-openmote.a(leds-arch.o)
                0x0000000000206758                leds_arch_init
                0x0000000000206768                leds_arch_get
                0x0000000000206774                leds_arch_set
 .text          0x0000000000206780      0x1c4 contiki-mist-openmote.a(sensors.o)
                0x0000000000206860                sensors_first
                0x000000000020686c                sensors_next
                0x00000000002068ac                sensors_changed
                0x00000000002068f8                sensors_find
 .text          0x0000000000206944        0x0 contiki-mist-openmote.a(smartrf-sensors)
 .text          0x0000000000206944      0x134 contiki-mist-openmote.a(button-sensor.o)
                0x0000000000206a6c                button_sensor_init
 .text          0x0000000000206a78      0x1b0 contiki-mist-openmote.a(clock.o)
                0x0000000000206a78                clock_init
                0x0000000000206aec                clock_time
                0x0000000000206af8                clock_set_seconds
                0x0000000000206b04                clock_seconds
                0x0000000000206b10                clock_wait
                0x0000000000206b24                clock_delay_usec
                0x0000000000206b44                clock_delay
                0x0000000000206b68                clock_adjust
                0x0000000000206bbc                clock_isr
 .text          0x0000000000206c28      0x15c contiki-mist-openmote.a(rtimer-arch.o)
                0x0000000000206c28                rtimer_arch_init
                0x0000000000206c2c                rtimer_arch_schedule
                0x0000000000206cac                rtimer_arch_next_trigger
                0x0000000000206cb8                rtimer_arch_now
                0x0000000000206ce0                rtimer_isr
 .text          0x0000000000206d84      0x318 contiki-mist-openmote.a(uart.o)
                0x0000000000206dbc                uart_init
                0x0000000000206f94                uart_set_input
                0x0000000000206fa4                uart_write_byte
                0x0000000000206fc8                uart_isr
                0x000000000020708c                uart0_isr
                0x0000000000207094                uart1_isr
 .text          0x000000000020709c       0x34 contiki-mist-openmote.a(watchdog.o)
                0x000000000020709c                watchdog_init
                0x00000000002070a8                watchdog_start
                0x00000000002070b4                watchdog_periodic
                0x00000000002070c4                watchdog_stop
                0x00000000002070c8                watchdog_reboot
 .text          0x00000000002070d0       0xc8 contiki-mist-openmote.a(nvic.o)
                0x00000000002070d0                nvic_init
                0x00000000002070fc                nvic_interrupt_enable
                0x0000000000207114                nvic_interrupt_disable
                0x000000000020712c                nvic_interrupt_en_restore
                0x0000000000207148                nvic_interrupt_en_save
                0x0000000000207168                nvic_interrupt_pend
                0x0000000000207180                nvic_interrupt_unpend
 .text          0x0000000000207198       0x10 contiki-mist-openmote.a(cpu.o)
                0x0000000000207198                cpu_cpsie
                0x00000000002071a0                cpu_cpsid
 .text          0x00000000002071a8       0x28 contiki-mist-openmote.a(sys-ctrl.o)
                0x00000000002071a8                sys_ctrl_init
                0x00000000002071c4                sys_ctrl_reset
 .text          0x00000000002071d0      0x1a8 contiki-mist-openmote.a(gpio.o)
                0x00000000002071d0                gpio_register_callback
                0x00000000002071e0                notify
                0x0000000000207218                gpio_port_a_isr
                0x000000000020726c                gpio_port_b_isr
                0x00000000002072c0                gpio_port_c_isr
                0x0000000000207314                gpio_port_d_isr
                0x0000000000207368                gpio_init
 .text          0x0000000000207378       0x40 contiki-mist-openmote.a(ioc.o)
                0x0000000000207378                ioc_init
                0x0000000000207390                ioc_set_over
                0x00000000002073a4                ioc_set_sel
 .text          0x00000000002073b8      0x6ac contiki-mist-openmote.a(cc2538-rf.o)
                0x00000000002077f0                cc2538_rf_channel_get
                0x0000000000207814                cc2538_rf_channel_set
                0x000000000020795c                cc2538_rf_power_set
                0x000000000020796c                cc2538_rf_set_addr
                0x00000000002079b8                cc2538_rf_rx_tx_isr
                0x0000000000207a08                cc2538_rf_err_isr
 .text          0x0000000000207a64      0x1bc contiki-mist-openmote.a(udma.o)
                0x0000000000207a64                udma_init
                0x0000000000207a98                udma_set_channel_src
                0x0000000000207aa8                udma_set_channel_dst
                0x0000000000207abc                udma_set_channel_control_word
                0x0000000000207ad0                udma_set_channel_assignment
                0x0000000000207af4                udma_channel_enable
                0x0000000000207b0c                udma_channel_disable
                0x0000000000207b20                udma_channel_use_alternate
                0x0000000000207b38                udma_channel_use_primary
                0x0000000000207b4c                udma_channel_prio_set_high
                0x0000000000207b64                udma_channel_prio_set_default
                0x0000000000207b78                udma_channel_use_burst
                0x0000000000207b90                udma_channel_use_single
                0x0000000000207ba4                udma_channel_mask_set
                0x0000000000207bbc                udma_channel_mask_clr
                0x0000000000207bd0                udma_channel_sw_request
                0x0000000000207be8                udma_channel_get_mode
                0x0000000000207c04                udma_isr
                0x0000000000207c14                udma_err_isr
 .text          0x0000000000207c20      0x274 contiki-mist-openmote.a(lpm.o)
                0x0000000000207c9c                lpm_exit
                0x0000000000207d28                lpm_enter
                0x0000000000207e3c                lpm_set_max_pm
                0x0000000000207e4c                lpm_register_peripheral
                0x0000000000207e70                lpm_init
 .text          0x0000000000207e94       0x74 contiki-mist-openmote.a(dbg.o)
                0x0000000000207e94                putchar
                0x0000000000207ea4                dbg_send_bytes
                0x0000000000207ee0                puts
 .text          0x0000000000207f08       0x34 contiki-mist-openmote.a(dbg-printf.o)
                0x0000000000207f18                printf
 .text          0x0000000000207f3c       0x4c contiki-mist-openmote.a(dbg-sprintf.o)
                0x0000000000207f54                sprintf
 .text          0x0000000000207f88      0x8f8 contiki-mist-openmote.a(strformat.o)
                0x0000000000207fb8                format_str_v
                0x0000000000208860                format_str
 .text          0x0000000000208880       0x30 contiki-mist-openmote.a(rimeaddr.o)
                0x0000000000208880                rimeaddr_copy
                0x000000000020888c                rimeaddr_cmp
                0x00000000002088a0                rimeaddr_set_node_addr
 .text          0x00000000002088b0        0x0 contiki-mist-openmote.a(rimestats.o)
 .text          0x00000000002088b0      0x288 contiki-mist-openmote.a(nullrdc.o)
 .text          0x0000000000208b38       0x10 contiki-mist-openmote.a(mac.o)
                0x0000000000208b38                mac_call_sent_callback
 .text          0x0000000000208b48      0x1ac contiki-mist-openmote.a(framer-802154.o)
 .text          0x0000000000208cf4      0x348 contiki-mist-openmote.a(csma.o)
 .text          0x000000000020903c      0x208 contiki-mist-openmote.a(rpl.o)
                0x000000000020903c                rpl_get_mode
                0x0000000000209048                rpl_set_mode
                0x0000000000209058                rpl_purge_routes
                0x00000000002090d4                rpl_remove_routes
                0x0000000000209100                rpl_remove_routes_by_nexthop
                0x0000000000209140                rpl_add_route
                0x000000000020916c                rpl_link_neighbor_callback
                0x00000000002091d4                rpl_ipv6_neighbor_callback
                0x00000000002091fc                rpl_init
 .text          0x0000000000209244      0xea0 contiki-mist-openmote.a(rpl-dag.o)
                0x00000000002093a4                rpl_dag_init
                0x00000000002093b4                rpl_get_parent_rank
                0x00000000002093c8                rpl_get_parent_link_metric
                0x00000000002093dc                rpl_get_parent_ipaddr
                0x00000000002093f4                rpl_repair_root
                0x0000000000209450                rpl_set_prefix
                0x00000000002094e8                rpl_set_default_route
                0x0000000000209530                rpl_alloc_instance
                0x000000000020955c                rpl_set_default_instance
                0x0000000000209568                rpl_add_parent
                0x0000000000209594                rpl_find_parent
                0x00000000002095ac                rpl_find_parent_any_dag
                0x00000000002095d0                rpl_select_parent
                0x0000000000209624                rpl_select_dag
                0x00000000002097a0                rpl_nullify_parent
                0x00000000002097e4                rpl_remove_parent
                0x000000000020983c                rpl_free_dag
                0x0000000000209874                rpl_free_instance
                0x00000000002098d8                rpl_alloc_dag
                0x0000000000209940                rpl_set_root
                0x0000000000209a3c                rpl_move_parent
                0x0000000000209a9c                rpl_get_any_dag
                0x0000000000209ab4                rpl_get_instance
                0x0000000000209ad4                rpl_find_of
                0x0000000000209ae8                rpl_join_instance
                0x0000000000209c28                rpl_local_repair
                0x0000000000209c8c                rpl_process_parent_event
                0x0000000000209cec                rpl_add_dag
                0x0000000000209e28                rpl_recalculate_ranks
                0x0000000000209e68                rpl_process_dio
 .text          0x000000000020a0e4      0xa00 contiki-mist-openmote.a(rpl-icmp6.o)
                0x000000000020a0fc                dis_output
                0x000000000020a154                dio_output
                0x000000000020a448                dao_output_target
                0x000000000020a54c                dao_output
                0x000000000020a5a8                dao_ack_output
                0x000000000020a5d8                uip_rpl_input
 .text          0x000000000020aae4      0x200 contiki-mist-openmote.a(rpl-timers.o)
                0x000000000020ac58                rpl_reset_periodic_timer
                0x000000000020ac90                rpl_reset_dio_timer
                0x000000000020acac                rpl_schedule_dao
 .text          0x000000000020ace4       0xf0 contiki-mist-openmote.a(rpl-mrhof.o)
 .text          0x000000000020add4      0x2d8 contiki-mist-openmote.a(rpl-ext-header.)
                0x000000000020add4                rpl_verify_header
                0x000000000020ae7c                rpl_update_header_empty
                0x000000000020af78                rpl_update_header_final
                0x000000000020b000                rpl_remove_header
                0x000000000020b05c                rpl_invert_header
 .text          0x000000000020b0ac       0x30 contiki-mist-openmote.a(autostart.o)
                0x000000000020b0ac                autostart_start
                0x000000000020b0c4                autostart_exit
 .text          0x000000000020b0dc      0x130 contiki-mist-openmote.a(serial-line.o)
                0x000000000020b190                serial_line_input_byte
                0x000000000020b1e8                serial_line_init
 .text          0x000000000020b20c       0xc0 contiki-mist-openmote.a(memb.o)
                0x000000000020b20c                memb_init
                0x000000000020b230                memb_alloc
                0x000000000020b26c                memb_free
                0x000000000020b2b0                memb_inmemb
 .text          0x000000000020b2cc       0x54 contiki-mist-openmote.a(timer.o)
                0x000000000020b2cc                timer_set
                0x000000000020b2dc                timer_reset
                0x000000000020b2e8                timer_restart
                0x000000000020b2f4                timer_expired
                0x000000000020b310                timer_remaining
 .text          0x000000000020b320      0x168 contiki-mist-openmote.a(list.o)
                0x000000000020b320                list_init
                0x000000000020b328                list_head
                0x000000000020b32c                list_copy
                0x000000000020b334                list_tail
                0x000000000020b344                list_add
                0x000000000020b3a4                list_push
                0x000000000020b3ec                list_chop
                0x000000000020b410                list_pop
                0x000000000020b41c                list_remove
                0x000000000020b45c                list_length
                0x000000000020b470                list_insert
                0x000000000020b480                list_item_next
 .text          0x000000000020b488      0x1d4 contiki-mist-openmote.a(ctimer.o)
                0x000000000020b518                ctimer_init
                0x000000000020b53c                ctimer_set
                0x000000000020b580                ctimer_reset
                0x000000000020b5bc                ctimer_restart
                0x000000000020b5f8                ctimer_stop
                0x000000000020b628                ctimer_expired
 .text          0x000000000020b65c       0xcc contiki-mist-openmote.a(energest.o)
                0x000000000020b65c                energest_init
                0x000000000020b688                energest_type_time
                0x000000000020b6c4                energest_leveldevice_leveltime
                0x000000000020b6c8                energest_type_set
                0x000000000020b6d4                energest_flush
 .text          0x000000000020b728       0x54 contiki-mist-openmote.a(rtimer.o)
                0x000000000020b728                rtimer_init
                0x000000000020b72c                rtimer_set
                0x000000000020b754                rtimer_run_next
 .text          0x000000000020b77c       0x68 contiki-mist-openmote.a(stimer.o)
                0x000000000020b77c                stimer_set
                0x000000000020b78c                stimer_reset
                0x000000000020b798                stimer_restart
                0x000000000020b7a4                stimer_expired
                0x000000000020b7c4                stimer_remaining
                0x000000000020b7d4                stimer_elapsed
 .text          0x000000000020b7e4       0xb0 contiki-mist-openmote.a(random.o)
                0x000000000020b7e4                random_rand
                0x000000000020b814                random_init
 .text          0x000000000020b894       0x7c contiki-mist-openmote.a(ringbuf.o)
                0x000000000020b894                ringbuf_init
                0x000000000020b8a4                ringbuf_put
                0x000000000020b8d4                ringbuf_get
                0x000000000020b8fc                ringbuf_size
                0x000000000020b904                ringbuf_elements
 .text          0x000000000020b910      0x3f0 contiki-mist-openmote.a(nbr-table.o)
                0x000000000020b9d4                nbr_table_register
                0x000000000020b9fc                nbr_table_next
                0x000000000020ba74                nbr_table_head
                0x000000000020bad0                nbr_table_add_lladdr
                0x000000000020bc50                nbr_table_get_from_lladdr
                0x000000000020bc84                nbr_table_remove
                0x000000000020bcb0                nbr_table_lock
                0x000000000020bcc0                nbr_table_unlock
                0x000000000020bcd0                nbr_table_get_lladdr
 .text          0x000000000020bd00       0x34 contiki-mist-openmote.a(netstack.o)
                0x000000000020bd00                netstack_init
 .text          0x000000000020bd34      0x2c0 contiki-mist-openmote.a(packetbuf.o)
                0x000000000020bd34                packetbuf_clear_hdr
                0x000000000020bd40                packetbuf_compact
                0x000000000020bd84                packetbuf_copyto_hdr
                0x000000000020bda0                packetbuf_copyto
                0x000000000020bde8                packetbuf_hdralloc
                0x000000000020be20                packetbuf_hdr_remove
                0x000000000020be30                packetbuf_hdrreduce
                0x000000000020be58                packetbuf_set_datalen
                0x000000000020be64                packetbuf_dataptr
                0x000000000020be74                packetbuf_hdrptr
                0x000000000020be84                packetbuf_is_reference
                0x000000000020be98                packetbuf_reference_ptr
                0x000000000020bea4                packetbuf_datalen
                0x000000000020beb0                packetbuf_hdrlen
                0x000000000020bec0                packetbuf_totlen
                0x000000000020bed8                packetbuf_attr_clear
                0x000000000020bf0c                packetbuf_clear
                0x000000000020bf2c                packetbuf_copyfrom
                0x000000000020bf54                packetbuf_reference
                0x000000000020bf6c                packetbuf_attr_copyto
                0x000000000020bfb0                packetbuf_attr_copyfrom
 .text          0x000000000020bff4      0x1c4 contiki-mist-openmote.a(queuebuf.o)
                0x000000000020bff4                queuebuf_init
                0x000000000020c018                queuebuf_new_from_packetbuf
                0x000000000020c0ac                queuebuf_update_attr_from_packetbuf
                0x000000000020c0b8                queuebuf_free
                0x000000000020c100                queuebuf_to_packetbuf
                0x000000000020c168                queuebuf_dataptr
                0x000000000020c194                queuebuf_datalen
                0x000000000020c19c                queuebuf_addr
                0x000000000020c1a8                queuebuf_attr
                0x000000000020c1b4                queuebuf_debug_print
 .text          0x000000000020c1b8      0xf4c contiki-mist-openmote.a(sicslowpan.o)
                0x000000000020c1f4                sicslowpan_init
                0x000000000020d0ec                rime_sniffer_add
                0x000000000020d0f8                rime_sniffer_remove
 .text          0x000000000020d104      0x5e0 contiki-mist-openmote.a(tcpip.o)
                0x000000000020d120                tcpip_output
                0x000000000020d134                tcpip_set_outputfunc
                0x000000000020d140                tcp_connect
                0x000000000020d16c                tcp_unlisten
                0x000000000020d1d0                tcp_listen
                0x000000000020d23c                tcp_attach
                0x000000000020d24c                udp_attach
                0x000000000020d25c                udp_new
                0x000000000020d274                udp_broadcast_new
                0x000000000020d2c4                tcpip_input
                0x000000000020d2e8                tcpip_ipv6_output
                0x000000000020d62c                tcpip_poll_udp
                0x000000000020d63c                tcpip_poll_tcp
                0x000000000020d64c                tcpip_uipcall
 .text          0x000000000020d6e4      0x428 contiki-mist-openmote.a(uip-icmp6.o)
                0x000000000020d6e4                uip_icmp6_echo_request_input
                0x000000000020d7fc                uip_icmp6_error_output
                0x000000000020d964                uip_icmp6_send
                0x000000000020d9f0                uip_icmp6_echo_reply_input
                0x000000000020daec                uip_icmp6_echo_reply_callback_add
                0x000000000020db00                uip_icmp6_echo_reply_callback_rm
 .text          0x000000000020db0c       0x8c contiki-mist-openmote.a(uip-udp-packet.)
                0x000000000020db0c                uip_udp_packet_send
                0x000000000020db4c                uip_udp_packet_sendto
 .text          0x000000000020db98      0x170 contiki-mist-openmote.a(uiplib.o)
                0x000000000020db98                uiplib_ip6addrconv
                0x000000000020dc6c                uiplib_ip4addrconv
 .text          0x000000000020dd08      0x634 contiki-mist-openmote.a(aes-ccm.o)
                0x000000000020dfec                aes_ccm_encrypt
                0x000000000020e07c                aes_ccm_decrypt
                0x000000000020e130                aes_ccm_verify
 .text          0x000000000020e33c      0x2a4 contiki-mist-openmote.a(simple-rpl.o)
                0x000000000020e3ac                simple_rpl_global_address
                0x000000000020e3e4                simple_rpl_init
                0x000000000020e468                simple_rpl_init_dag_immediately
                0x000000000020e580                simple_rpl_init_dag
                0x000000000020e5ac                simple_rpl_global_repair
                0x000000000020e5b4                simple_rpl_local_repair
                0x000000000020e5c4                simple_rpl_parent
                0x000000000020e5dc                simple_rpl_root
 .text          0x000000000020e5e0      0x310 contiki-mist-openmote.a(frame802154.o)
                0x000000000020e660                frame802154_hdrlen
                0x000000000020e690                frame802154_create
                0x000000000020e7b8                frame802154_parse
 .text          0x000000000020e8f0       0xa4 contiki-mist-openmote.a(uip-debug.o)
                0x000000000020e8f0                uip_debug_ipaddr_print
                0x000000000020e960                uip_debug_lladdr_print
 .text          0x000000000020e994      0xf58 contiki-mist-openmote.a(aes.o)
                0x000000000020eabc                aes_encrypt
                0x000000000020f0cc                aes_decrypt
 .text          0x000000000020f8ec       0x2c /usr/bin/../lib/gcc/arm-none-eabi/4.8.4/armv7-m/libgcc.a(_aeabi_uldivmod.o)
                0x000000000020f8ec                __aeabi_uldivmod
 .text          0x000000000020f918       0x60 /usr/bin/../lib/gcc/arm-none-eabi/4.8.4/armv7-m/libgcc.a(bpabi.o)
                0x000000000020f918                __gnu_ldivmod_helper
                0x000000000020f948                __gnu_uldivmod_helper
 .text          0x000000000020f978        0x4 /usr/bin/../lib/gcc/arm-none-eabi/4.8.4/armv7-m/libgcc.a(_dvmd_tls.o)
                0x000000000020f978                __aeabi_ldiv0
                0x000000000020f978                __aeabi_idiv0
 .text          0x000000000020f97c      0x2a0 /usr/bin/../lib/gcc/arm-none-eabi/4.8.4/armv7-m/libgcc.a(_divdi3.o)
                0x000000000020f97c                __divdi3
 .text          0x000000000020fc1c      0x290 /usr/bin/../lib/gcc/arm-none-eabi/4.8.4/armv7-m/libgcc.a(_udivdi3.o)
                0x000000000020fc1c                __udivdi3
 .text          0x000000000020feac        0x0 /usr/bin/../lib/gcc/arm-none-eabi/4.8.4/../../../../arm-none-eabi/lib/armv7-m/libc.a(lib_a-memcmp.o)
 .text.memcmp   0x000000000020feac       0x68 /usr/bin/../lib/gcc/arm-none-eabi/4.8.4/../../../../arm-none-eabi/lib/armv7-m/libc.a(lib_a-memcmp.o)
                0x000000000020feac                memcmp
 .text          0x000000000020ff14       0xec /usr/bin/../lib/gcc/arm-none-eabi/4.8.4/../../../../arm-none-eabi/lib/armv7-m/libc.a(lib_a-memcpy.o)
                0x000000000020ff14                memcpy
 .text          0x0000000000210000        0x0 /usr/bin/../lib/gcc/arm-none-eabi/4.8.4/../../../../arm-none-eabi/lib/armv7-m/libc.a(lib_a-memmove.o)
 .text.memmove  0x0000000000210000       0xcc /usr/bin/../lib/gcc/arm-none-eabi/4.8.4/../../../../arm-none-eabi/lib/armv7-m/libc.a(lib_a-memmove.o)
                0x0000000000210000                memmove
 .text          0x00000000002100cc        0x0 /usr/bin/../lib/gcc/arm-none-eabi/4.8.4/../../../../arm-none-eabi/lib/armv7-m/libc.a(lib_a-memset.o)
 .text.memset   0x00000000002100cc       0x94 /usr/bin/../lib/gcc/arm-none-eabi/4.8.4/../../../../arm-none-eabi/lib/armv7-m/libc.a(lib_a-memset.o)
                0x00000000002100cc                memset
 .text          0x0000000000210160      0x23c /usr/bin/../lib/gcc/arm-none-eabi/4.8.4/../../../../arm-none-eabi/lib/armv7-m/libc.a(lib_a-strcmp.o)
                0x0000000000210160                strcmp
 .text          0x000000000021039c        0x0 /usr/bin/../lib/gcc/arm-none-eabi/4.8.4/../../../../arm-none-eabi/lib/armv7-m/libc.a(lib_a-strlen.o)
 .text.strlen   0x000000000021039c       0x60 /usr/bin/../lib/gcc/arm-none-eabi/4.8.4/../../../../arm-none-eabi/lib/armv7-m/libc.a(lib_a-strlen.o)
                0x000000000021039c                strlen
 .text          0x00000000002103fc        0x0 /usr/bin/../lib/gcc/arm-none-eabi/4.8.4/../../../../arm-none-eabi/lib/armv7-m/libc.a(lib_a-strncmp.o)
 .text.strncmp  0x00000000002103fc       0xb4 /usr/bin/../lib/gcc/arm-none-eabi/4.8.4/../../../../arm-none-eabi/lib/armv7-m/libc.a(lib_a-strncmp.o)
                0x00000000002103fc                strncmp
 .text          0x00000000002104b0        0x0 /usr/bin/../lib/gcc/arm-none-eabi/4.8.4/../../../../arm-none-eabi/lib/armv7-m/libc.a(lib_a-strncpy.o)
 .text.strncpy  0x00000000002104b0       0x64 /usr/bin/../lib/gcc/arm-none-eabi/4.8.4/../../../../arm-none-eabi/lib/armv7-m/libc.a(lib_a-strncpy.o)
                0x00000000002104b0                strncpy
 *(.rodata*)
 .rodata        0x0000000000210514        0x8 mqtt-example.co
                0x0000000000210514                autostart_processes
 .rodata.str1.4
                0x000000000021051c      0x2a9 mqtt-example.co
                                        0x2b4 (size before relaxing)
 *fill*         0x00000000002107c5        0x3 00000000
 .rodata.str1.4
                0x00000000002107c8        0xc contiki-mist-openmote.a(etimer.o)
 .rodata.str1.4
                0x00000000002107d4      0x1c5 contiki-mist-openmote.a(mqtt.o)
                                        0x1c8 (size before relaxing)
 *fill*         0x0000000000210999        0x3 00000000
 .rodata.str1.4
                0x000000000021099c       0xbc contiki-mist-openmote.a(netstack-aes.o)
 .rodata.str1.4
                0x0000000000210a58        0xb contiki-mist-openmote.a(mdns.o)
                                          0xc (size before relaxing)
 *fill*         0x0000000000210a63        0x1 00000000
 .rodata.str1.4
                0x0000000000210a64       0x9b contiki-mist-openmote.a(tcp-socket.o)
                                         0x9c (size before relaxing)
 *fill*         0x0000000000210aff        0x1 00000000
 .rodata.str1.4
                0x0000000000210b00      0x14d contiki-mist-openmote.a(contiki-mist-op)
                                        0x154 (size before relaxing)
 *fill*         0x0000000000210c4d        0x3 00000000
 .rodata.str1.4
                0x0000000000210c50        0x8 contiki-mist-openmote.a(sensors.o)
 .rodata        0x0000000000210c58       0x30 contiki-mist-openmote.a(button-sensor.o)
                0x0000000000210c58                button_user_sensor
                0x0000000000210c68                button_sw1_sensor
                0x0000000000210c78                button_sw2_sensor
 .rodata.str1.4
                0x0000000000000000        0x8 contiki-mist-openmote.a(button-sensor.o)
 .rodata        0x0000000000210c88       0x58 contiki-mist-openmote.a(uart.o)
 .rodata        0x0000000000210ce0       0x2c contiki-mist-openmote.a(cc2538-rf.o)
                0x0000000000210ce0                cc2538_rf_driver
 .rodata.str1.4
                0x0000000000210d0c       0x11 contiki-mist-openmote.a(cc2538-rf.o)
                                         0x14 (size before relaxing)
 *fill*         0x0000000000210d1d        0x3 00000000
 .rodata        0x0000000000210d20       0x20 contiki-mist-openmote.a(strformat.o)
 .rodata.str1.4
                0x0000000000210d40       0x3e contiki-mist-openmote.a(strformat.o)
                                         0x48 (size before relaxing)
 *fill*         0x0000000000210d7e        0x2 00000000
 .rodata        0x0000000000210d80        0x8 contiki-mist-openmote.a(rimeaddr.o)
                0x0000000000210d80                rimeaddr_null
 .rodata        0x0000000000210d88       0x20 contiki-mist-openmote.a(nullrdc.o)
                0x0000000000210d88                nullrdc_driver
 .rodata.str1.4
                0x0000000000210da8        0x8 contiki-mist-openmote.a(nullrdc.o)
 .rodata        0x0000000000210db0        0x8 contiki-mist-openmote.a(framer-802154.o)
                0x0000000000210db0                framer_802154
 .rodata        0x0000000000210db8       0x1c contiki-mist-openmote.a(csma.o)
                0x0000000000210db8                csma_driver
 .rodata.str1.4
                0x0000000000210dd4        0x5 contiki-mist-openmote.a(csma.o)
                                          0x8 (size before relaxing)
 *fill*         0x0000000000210dd9        0x3 00000000
 .rodata.str1.4
                0x0000000000210ddc        0xe contiki-mist-openmote.a(serial-line.o)
                                         0x10 (size before relaxing)
 *fill*         0x0000000000210dea        0x2 00000000
 .rodata.str1.4
                0x0000000000210dec        0xf contiki-mist-openmote.a(ctimer.o)
                                         0x10 (size before relaxing)
 *fill*         0x0000000000210dfb        0x1 00000000
 .rodata.str1.4
                0x0000000000210dfc        0xe contiki-mist-openmote.a(random.o)
                                         0x10 (size before relaxing)
 *fill*         0x0000000000210e0a        0x2 00000000
 .rodata        0x0000000000210e0c       0x24 contiki-mist-openmote.a(sicslowpan.o)
                0x0000000000210e10                unc_ctxconf
                0x0000000000210e14                llprefix
                0x0000000000210e18                unc_llconf
                0x0000000000210e20                unc_mxconf
                0x0000000000210e24                sicslowpan_driver
 .rodata.str1.4
                0x0000000000210e30       0x2b contiki-mist-openmote.a(sicslowpan.o)
                                         0x2c (size before relaxing)
 *fill*         0x0000000000210e5b        0x1 00000000
 .rodata.str1.4
                0x0000000000210e5c        0xd contiki-mist-openmote.a(tcpip.o)
                                         0x10 (size before relaxing)
 *fill*         0x0000000000210e69        0x3 00000000
 .rodata.str1.4
                0x0000000000210e6c       0x11 contiki-mist-openmote.a(simple-rpl.o)
                                         0x18 (size before relaxing)
 *fill*         0x0000000000210e7d        0x3 00000000
 .rodata.str1.4
                0x0000000000210e80       0x20 contiki-mist-openmote.a(uip-debug.o)
 .rodata        0x0000000000210ea0      0x20c contiki-mist-openmote.a(aes.o)
                0x00000000002110ac                _etext = .

.glue_7         0x00000000002110ac        0x0
 .glue_7        0x0000000000000000        0x0 linker stubs

.glue_7t        0x00000000002110ac        0x0
 .glue_7t       0x0000000000000000        0x0 linker stubs

.vfp11_veneer   0x00000000002110ac        0x0
 .vfp11_veneer  0x0000000000000000        0x0 linker stubs

.v4_bx          0x00000000002110ac        0x0
 .v4_bx         0x0000000000000000        0x0 linker stubs

.iplt           0x00000000002110ac        0x0
 .iplt          0x0000000000000000        0x0 obj_mist-openmote/startup-gcc.o

.socdata
 *(.udma_channel_control_table)

.data           0x0000000020000000      0x1a8 load address 0x00000000002110ac
                0x0000000020000000                _data = .
 *(.data*)
 .data          0x0000000020000000        0x0 obj_mist-openmote/startup-gcc.o
 .data          0x0000000020000000       0x34 mqtt-example.co
                0x0000000020000010                mqtt_example_process
                0x0000000020000024                button_process
 .data          0x0000000020000034        0x0 contiki-mist-openmote.a(process.o)
 .data          0x0000000020000034       0x10 contiki-mist-openmote.a(etimer.o)
                0x0000000020000034                etimer_process
 .data          0x0000000020000044       0x28 contiki-mist-openmote.a(uip-ds6-route.o)
 .data          0x000000002000006c       0x14 contiki-mist-openmote.a(uip-ds6-nbr.o)
                0x000000002000006c                ds6_neighbors
 .data          0x0000000020000080        0x0 contiki-mist-openmote.a(uip-ds6.o)
 .data          0x0000000020000080        0x0 contiki-mist-openmote.a(uip-nd6.o)
 .data          0x0000000020000080        0x0 contiki-mist-openmote.a(uip6.o)
 .data          0x0000000020000080       0x10 contiki-mist-openmote.a(mqtt.o)
                0x0000000020000080                mqtt_process
 .data          0x0000000020000090        0x1 contiki-mist-openmote.a(netstack-aes.o)
 .data          0x0000000020000091        0x0 contiki-mist-openmote.a(ip64-addr.o)
 *fill*         0x0000000020000091        0x3 
 .data          0x0000000020000094       0x10 contiki-mist-openmote.a(mdns.o)
                0x0000000020000094                mdns_process
 .data          0x00000000200000a4       0x10 contiki-mist-openmote.a(tcp-socket.o)
                0x00000000200000a4                tcp_socket_process
 .data          0x00000000200000b4        0x0 contiki-mist-openmote.a(contiki-mist-op)
 .data          0x00000000200000b4        0x4 contiki-mist-openmote.a(node-id.o)
                0x00000000200000b4                magic_id
 .data          0x00000000200000b8        0x0 contiki-mist-openmote.a(leds.o)
 .data          0x00000000200000b8        0x0 contiki-mist-openmote.a(leds-arch.o)
 .data          0x00000000200000b8       0x10 contiki-mist-openmote.a(sensors.o)
                0x00000000200000b8                sensors_process
 .data          0x00000000200000c8       0x10 contiki-mist-openmote.a(smartrf-sensors)
                0x00000000200000c8                sensors
 .data          0x00000000200000d8        0x0 contiki-mist-openmote.a(button-sensor.o)
 .data          0x00000000200000d8        0x1 contiki-mist-openmote.a(clock.o)
 .data          0x00000000200000d9        0x0 contiki-mist-openmote.a(rtimer-arch.o)
 .data          0x00000000200000d9        0x0 contiki-mist-openmote.a(uart.o)
 .data          0x00000000200000d9        0x0 contiki-mist-openmote.a(watchdog.o)
 .data          0x00000000200000d9        0x0 contiki-mist-openmote.a(nvic.o)
 .data          0x00000000200000d9        0x0 contiki-mist-openmote.a(cpu.o)
 .data          0x00000000200000d9        0x0 contiki-mist-openmote.a(sys-ctrl.o)
 .data          0x00000000200000d9        0x0 contiki-mist-openmote.a(gpio.o)
 .data          0x00000000200000d9        0x0 contiki-mist-openmote.a(ioc.o)
 *fill*         0x00000000200000d9        0x3 
 .data          0x00000000200000dc       0x10 contiki-mist-openmote.a(cc2538-rf.o)
                0x00000000200000dc                cc2538_rf_process
 .data          0x00000000200000ec        0x0 contiki-mist-openmote.a(udma.o)
 .data          0x00000000200000ec        0x0 contiki-mist-openmote.a(lpm.o)
 .data          0x00000000200000ec        0x0 contiki-mist-openmote.a(dbg.o)
 .data          0x00000000200000ec        0x8 contiki-mist-openmote.a(dbg-printf.o)
 .data          0x00000000200000f4        0x0 contiki-mist-openmote.a(dbg-sprintf.o)
 .data          0x00000000200000f4        0x0 contiki-mist-openmote.a(strformat.o)
 .data          0x00000000200000f4        0x0 contiki-mist-openmote.a(rimeaddr.o)
 .data          0x00000000200000f4        0x0 contiki-mist-openmote.a(rimestats.o)
 .data          0x00000000200000f4        0x0 contiki-mist-openmote.a(nullrdc.o)
 .data          0x00000000200000f4        0x0 contiki-mist-openmote.a(mac.o)
 .data          0x00000000200000f4        0x0 contiki-mist-openmote.a(framer-802154.o)
 .data          0x00000000200000f4       0x24 contiki-mist-openmote.a(csma.o)
 .data          0x0000000020000118        0x0 contiki-mist-openmote.a(rpl.o)
 .data          0x0000000020000118       0x10 contiki-mist-openmote.a(rpl-dag.o)
 .data          0x0000000020000128        0x1 contiki-mist-openmote.a(rpl-icmp6.o)
 .data          0x0000000020000129        0x0 contiki-mist-openmote.a(rpl-timers.o)
 *fill*         0x0000000020000129        0x3 
 .data          0x000000002000012c       0x1c contiki-mist-openmote.a(rpl-mrhof.o)
                0x000000002000012c                rpl_mrhof
 .data          0x0000000020000148        0x0 contiki-mist-openmote.a(rpl-ext-header.)
 .data          0x0000000020000148        0x0 contiki-mist-openmote.a(autostart.o)
 .data          0x0000000020000148       0x10 contiki-mist-openmote.a(serial-line.o)
                0x0000000020000148                serial_line_process
 .data          0x0000000020000158        0x0 contiki-mist-openmote.a(memb.o)
 .data          0x0000000020000158        0x0 contiki-mist-openmote.a(timer.o)
 .data          0x0000000020000158        0x0 contiki-mist-openmote.a(list.o)
 .data          0x0000000020000158       0x10 contiki-mist-openmote.a(ctimer.o)
                0x0000000020000158                ctimer_process
 .data          0x0000000020000168        0x0 contiki-mist-openmote.a(energest.o)
 .data          0x0000000020000168        0x0 contiki-mist-openmote.a(rtimer.o)
 .data          0x0000000020000168        0x0 contiki-mist-openmote.a(stimer.o)
 .data          0x0000000020000168        0x0 contiki-mist-openmote.a(random.o)
 .data          0x0000000020000168        0x0 contiki-mist-openmote.a(ringbuf.o)
 .data          0x0000000020000168        0xc contiki-mist-openmote.a(nbr-table.o)
 .data          0x0000000020000174        0x0 contiki-mist-openmote.a(netstack.o)
 .data          0x0000000020000174        0x0 contiki-mist-openmote.a(packetbuf.o)
 .data          0x0000000020000174       0x24 contiki-mist-openmote.a(queuebuf.o)
 .data          0x0000000020000198        0x0 contiki-mist-openmote.a(sicslowpan.o)
 .data          0x0000000020000198       0x10 contiki-mist-openmote.a(tcpip.o)
                0x0000000020000198                tcpip_process
 .data          0x00000000200001a8        0x0 contiki-mist-openmote.a(uip-icmp6.o)
 .data          0x00000000200001a8        0x0 contiki-mist-openmote.a(uip-udp-packet.)
 .data          0x00000000200001a8        0x0 contiki-mist-openmote.a(uiplib.o)
 .data          0x00000000200001a8        0x0 contiki-mist-openmote.a(aes-ccm.o)
 .data          0x00000000200001a8        0x0 contiki-mist-openmote.a(simple-rpl.o)
 .data          0x00000000200001a8        0x0 contiki-mist-openmote.a(frame802154.o)
 .data          0x00000000200001a8        0x0 contiki-mist-openmote.a(uip-debug.o)
 .data          0x00000000200001a8        0x0 contiki-mist-openmote.a(aes.o)
 .data          0x00000000200001a8        0x0 /usr/bin/../lib/gcc/arm-none-eabi/4.8.4/armv7-m/libgcc.a(_aeabi_uldivmod.o)
 .data          0x00000000200001a8        0x0 /usr/bin/../lib/gcc/arm-none-eabi/4.8.4/armv7-m/libgcc.a(bpabi.o)
 .data          0x00000000200001a8        0x0 /usr/bin/../lib/gcc/arm-none-eabi/4.8.4/armv7-m/libgcc.a(_dvmd_tls.o)
 .data          0x00000000200001a8        0x0 /usr/bin/../lib/gcc/arm-none-eabi/4.8.4/armv7-m/libgcc.a(_divdi3.o)
 .data          0x00000000200001a8        0x0 /usr/bin/../lib/gcc/arm-none-eabi/4.8.4/armv7-m/libgcc.a(_udivdi3.o)
 .data          0x00000000200001a8        0x0 /usr/bin/../lib/gcc/arm-none-eabi/4.8.4/../../../../arm-none-eabi/lib/armv7-m/libc.a(lib_a-memcmp.o)
 .data          0x00000000200001a8        0x0 /usr/bin/../lib/gcc/arm-none-eabi/4.8.4/../../../../arm-none-eabi/lib/armv7-m/libc.a(lib_a-memcpy.o)
 .data          0x00000000200001a8        0x0 /usr/bin/../lib/gcc/arm-none-eabi/4.8.4/../../../../arm-none-eabi/lib/armv7-m/libc.a(lib_a-memmove.o)
 .data          0x00000000200001a8        0x0 /usr/bin/../lib/gcc/arm-none-eabi/4.8.4/../../../../arm-none-eabi/lib/armv7-m/libc.a(lib_a-memset.o)
 .data          0x00000000200001a8        0x0 /usr/bin/../lib/gcc/arm-none-eabi/4.8.4/../../../../arm-none-eabi/lib/armv7-m/libc.a(lib_a-strcmp.o)
 .data          0x00000000200001a8        0x0 /usr/bin/../lib/gcc/arm-none-eabi/4.8.4/../../../../arm-none-eabi/lib/armv7-m/libc.a(lib_a-strlen.o)
 .data          0x00000000200001a8        0x0 /usr/bin/../lib/gcc/arm-none-eabi/4.8.4/../../../../arm-none-eabi/lib/armv7-m/libc.a(lib_a-strncmp.o)
 .data          0x00000000200001a8        0x0 /usr/bin/../lib/gcc/arm-none-eabi/4.8.4/../../../../arm-none-eabi/lib/armv7-m/libc.a(lib_a-strncpy.o)
                0x00000000200001a8                _edata = .

.igot.plt       0x00000000200001a8        0x0 load address 0x0000000000211254
 .igot.plt      0x0000000000000000        0x0 obj_mist-openmote/startup-gcc.o

.ARM.exidx      0x0000000000211254        0x8
 *(.ARM.exidx*)
 .ARM.exidx     0x0000000000211254        0x8 /usr/bin/../lib/gcc/arm-none-eabi/4.8.4/armv7-m/libgcc.a(_divdi3.o)
 .ARM.exidx     0x000000000021125c        0x0 /usr/bin/../lib/gcc/arm-none-eabi/4.8.4/armv7-m/libgcc.a(_udivdi3.o)
                                          0x8 (size before relaxing)

.bss            0x0000000020000400     0x32ed
                0x0000000020000400                _bss = .
 *(.bss*)
 .bss           0x0000000020000400      0x800 obj_mist-openmote/startup-gcc.o
 .bss           0x0000000020000c00      0x55c mqtt-example.co
 .bss           0x000000002000115c       0x80 contiki-mist-openmote.a(process.o)
                0x000000002000115c                process_current
                0x0000000020001160                process_list
 .bss           0x00000000200011dc        0x8 contiki-mist-openmote.a(etimer.o)
 .bss           0x00000000200011e4      0x424 contiki-mist-openmote.a(uip-ds6-route.o)
 .bss           0x0000000020001608      0x2d0 contiki-mist-openmote.a(uip-ds6-nbr.o)
 .bss           0x00000000200018d8       0x20 contiki-mist-openmote.a(uip-ds6.o)
 .bss           0x00000000200018f8       0x14 contiki-mist-openmote.a(uip-nd6.o)
 .bss           0x000000002000190c       0x14 contiki-mist-openmote.a(uip6.o)
                0x000000002000190c                uip_ext_len
                0x000000002000190d                uip_ext_opt_offset
                0x0000000020001918                uip_ext_bitmap
 .bss           0x0000000020001920       0x18 contiki-mist-openmote.a(mqtt.o)
 .bss           0x0000000020001938       0x98 contiki-mist-openmote.a(netstack-aes.o)
 .bss           0x00000000200019d0        0x0 contiki-mist-openmote.a(ip64-addr.o)
 .bss           0x00000000200019d0      0x134 contiki-mist-openmote.a(mdns.o)
 .bss           0x0000000020001b04        0x8 contiki-mist-openmote.a(tcp-socket.o)
 .bss           0x0000000020001b0c        0x8 contiki-mist-openmote.a(contiki-mist-op)
                0x0000000020001b0c                state
                0x0000000020001b10                sys_clock
 .bss           0x0000000020001b14        0x2 contiki-mist-openmote.a(node-id.o)
                0x0000000020001b14                node_id
 .bss           0x0000000020001b16        0x2 contiki-mist-openmote.a(leds.o)
 .bss           0x0000000020001b18        0x0 contiki-mist-openmote.a(leds-arch.o)
 .bss           0x0000000020001b18        0xc contiki-mist-openmote.a(sensors.o)
 .bss           0x0000000020001b24        0x0 contiki-mist-openmote.a(smartrf-sensors)
 .bss           0x0000000020001b24        0x8 contiki-mist-openmote.a(button-sensor.o)
 .bss           0x0000000020001b2c        0x8 contiki-mist-openmote.a(clock.o)
 .bss           0x0000000020001b34        0x4 contiki-mist-openmote.a(rtimer-arch.o)
 .bss           0x0000000020001b38        0x8 contiki-mist-openmote.a(uart.o)
 .bss           0x0000000020001b40        0x0 contiki-mist-openmote.a(watchdog.o)
 .bss           0x0000000020001b40       0x10 contiki-mist-openmote.a(nvic.o)
 .bss           0x0000000020001b50        0x0 contiki-mist-openmote.a(cpu.o)
 .bss           0x0000000020001b50        0x0 contiki-mist-openmote.a(sys-ctrl.o)
 .bss           0x0000000020001b50       0x80 contiki-mist-openmote.a(gpio.o)
 .bss           0x0000000020001bd0        0x8 contiki-mist-openmote.a(ioc.o)
 .bss           0x0000000020001bd8        0x1 contiki-mist-openmote.a(cc2538-rf.o)
 *fill*         0x0000000020001bd9       0x27 
 .bss           0x0000000020001c00      0x400 contiki-mist-openmote.a(udma.o)
 .bss           0x0000000020002000       0x14 contiki-mist-openmote.a(lpm.o)
 .bss           0x0000000020002014        0x0 contiki-mist-openmote.a(dbg.o)
 .bss           0x0000000020002014        0x0 contiki-mist-openmote.a(dbg-printf.o)
 .bss           0x0000000020002014        0x0 contiki-mist-openmote.a(dbg-sprintf.o)
 .bss           0x0000000020002014        0x0 contiki-mist-openmote.a(strformat.o)
 .bss           0x0000000020002014        0x0 contiki-mist-openmote.a(rimeaddr.o)
 .bss           0x0000000020002014        0x0 contiki-mist-openmote.a(rimestats.o)
 .bss           0x0000000020002014       0x48 contiki-mist-openmote.a(nullrdc.o)
 .bss           0x000000002000205c        0x0 contiki-mist-openmote.a(mac.o)
 .bss           0x000000002000205c        0x2 contiki-mist-openmote.a(framer-802154.o)
 *fill*         0x000000002000205e        0x2 
 .bss           0x0000000020002060      0x14c contiki-mist-openmote.a(csma.o)
 .bss           0x00000000200021ac        0x1 contiki-mist-openmote.a(rpl.o)
 *fill*         0x00000000200021ad        0x3 
 .bss           0x00000000200021b0      0x140 contiki-mist-openmote.a(rpl-dag.o)
 .bss           0x00000000200022f0        0x0 contiki-mist-openmote.a(rpl-icmp6.o)
 .bss           0x00000000200022f0       0x28 contiki-mist-openmote.a(rpl-timers.o)
 .bss           0x0000000020002318        0x0 contiki-mist-openmote.a(rpl-mrhof.o)
 .bss           0x0000000020002318        0x0 contiki-mist-openmote.a(rpl-ext-header.)
 .bss           0x0000000020002318        0x0 contiki-mist-openmote.a(autostart.o)
 .bss           0x0000000020002318      0x110 contiki-mist-openmote.a(serial-line.o)
 .bss           0x0000000020002428        0x0 contiki-mist-openmote.a(memb.o)
 .bss           0x0000000020002428        0x0 contiki-mist-openmote.a(timer.o)
 .bss           0x0000000020002428        0x0 contiki-mist-openmote.a(list.o)
 .bss           0x0000000020002428        0x8 contiki-mist-openmote.a(ctimer.o)
 .bss           0x0000000020002430        0x0 contiki-mist-openmote.a(energest.o)
 .bss           0x0000000020002430        0x4 contiki-mist-openmote.a(rtimer.o)
 .bss           0x0000000020002434        0x0 contiki-mist-openmote.a(stimer.o)
 .bss           0x0000000020002434        0x0 contiki-mist-openmote.a(random.o)
 .bss           0x0000000020002434        0x0 contiki-mist-openmote.a(ringbuf.o)
 .bss           0x0000000020002434      0x154 contiki-mist-openmote.a(nbr-table.o)
 .bss           0x0000000020002588        0x0 contiki-mist-openmote.a(netstack.o)
 .bss           0x0000000020002588       0xc0 contiki-mist-openmote.a(packetbuf.o)
 .bss           0x0000000020002648      0x73c contiki-mist-openmote.a(queuebuf.o)
 .bss           0x0000000020002d84      0x108 contiki-mist-openmote.a(sicslowpan.o)
 .bss           0x0000000020002e8c       0x60 contiki-mist-openmote.a(tcpip.o)
 .bss           0x0000000020002eec       0x14 contiki-mist-openmote.a(uip-icmp6.o)
 .bss           0x0000000020002f00        0x0 contiki-mist-openmote.a(uip-udp-packet.)
 .bss           0x0000000020002f00        0x0 contiki-mist-openmote.a(uiplib.o)
 .bss           0x0000000020002f00       0x10 contiki-mist-openmote.a(aes-ccm.o)
 .bss           0x0000000020002f10       0x3c contiki-mist-openmote.a(simple-rpl.o)
 .bss           0x0000000020002f4c        0x0 contiki-mist-openmote.a(frame802154.o)
 .bss           0x0000000020002f4c        0x0 contiki-mist-openmote.a(uip-debug.o)
 .bss           0x0000000020002f4c       0xb0 contiki-mist-openmote.a(aes.o)
 .bss           0x0000000020002ffc        0x0 /usr/bin/../lib/gcc/arm-none-eabi/4.8.4/armv7-m/libgcc.a(_aeabi_uldivmod.o)
 .bss           0x0000000020002ffc        0x0 /usr/bin/../lib/gcc/arm-none-eabi/4.8.4/armv7-m/libgcc.a(bpabi.o)
 .bss           0x0000000020002ffc        0x0 /usr/bin/../lib/gcc/arm-none-eabi/4.8.4/armv7-m/libgcc.a(_dvmd_tls.o)
 .bss           0x0000000020002ffc        0x0 /usr/bin/../lib/gcc/arm-none-eabi/4.8.4/armv7-m/libgcc.a(_divdi3.o)
 .bss           0x0000000020002ffc        0x0 /usr/bin/../lib/gcc/arm-none-eabi/4.8.4/armv7-m/libgcc.a(_udivdi3.o)
 .bss           0x0000000020002ffc        0x0 /usr/bin/../lib/gcc/arm-none-eabi/4.8.4/../../../../arm-none-eabi/lib/armv7-m/libc.a(lib_a-memcmp.o)
 .bss           0x0000000020002ffc        0x0 /usr/bin/../lib/gcc/arm-none-eabi/4.8.4/../../../../arm-none-eabi/lib/armv7-m/libc.a(lib_a-memcpy.o)
 .bss           0x0000000020002ffc        0x0 /usr/bin/../lib/gcc/arm-none-eabi/4.8.4/../../../../arm-none-eabi/lib/armv7-m/libc.a(lib_a-memmove.o)
 .bss           0x0000000020002ffc        0x0 /usr/bin/../lib/gcc/arm-none-eabi/4.8.4/../../../../arm-none-eabi/lib/armv7-m/libc.a(lib_a-memset.o)
 .bss           0x0000000020002ffc        0x0 /usr/bin/../lib/gcc/arm-none-eabi/4.8.4/../../../../arm-none-eabi/lib/armv7-m/libc.a(lib_a-strcmp.o)
 .bss           0x0000000020002ffc        0x0 /usr/bin/../lib/gcc/arm-none-eabi/4.8.4/../../../../arm-none-eabi/lib/armv7-m/libc.a(lib_a-strlen.o)
 .bss           0x0000000020002ffc        0x0 /usr/bin/../lib/gcc/arm-none-eabi/4.8.4/../../../../arm-none-eabi/lib/armv7-m/libc.a(lib_a-strncmp.o)
 .bss           0x0000000020002ffc        0x0 /usr/bin/../lib/gcc/arm-none-eabi/4.8.4/../../../../arm-none-eabi/lib/armv7-m/libc.a(lib_a-strncpy.o)
 *(COMMON)
 COMMON         0x0000000020002ffc        0x1 contiki-mist-openmote.a(process.o)
                0x0000000020002ffc                process_maxevents
 *fill*         0x0000000020002ffd        0x3 
 COMMON         0x0000000020003000      0x174 contiki-mist-openmote.a(uip-ds6.o)
                0x0000000020003000                uip_ds6_timer_ra
                0x0000000020003008                uip_ds6_if
                0x0000000020003100                uip_ds6_netif_addr_list_offset
                0x0000000020003101                uip_ds6_addr_size
                0x0000000020003104                uip_ds6_prefix_list
                0x0000000020003164                uip_ds6_timer_periodic
 COMMON         0x0000000020003174      0x344 contiki-mist-openmote.a(uip6.o)
                0x0000000020003174                uip_len
                0x0000000020003178                uip_sappdata
                0x000000002000317c                uip_acc32
                0x0000000020003180                uip_lladdr
                0x0000000020003188                uip_aligned_buf
                0x0000000020003250                uip_flags
                0x0000000020003254                uip_next_hdr
                0x0000000020003258                uip_udp_conn
                0x000000002000325c                uip_appdata
                0x0000000020003260                uip_conn
                0x0000000020003264                uip_conns
                0x0000000020003324                uip_listenports
                0x0000000020003334                uip_slen
                0x0000000020003338                uip_udp_conns
 COMMON         0x00000000200034b8        0x1 contiki-mist-openmote.a(mqtt.o)
                0x00000000200034b8                mqtt_update_event
 COMMON         0x00000000200034b9        0x1 contiki-mist-openmote.a(mdns.o)
                0x00000000200034b9                mdns_event_found
 *fill*         0x00000000200034ba        0x2 
 COMMON         0x00000000200034bc        0x8 contiki-mist-openmote.a(node-id.o)
                0x00000000200034bc                node_mac
 COMMON         0x00000000200034c4        0x1 contiki-mist-openmote.a(sensors.o)
                0x00000000200034c4                sensors_event
 *fill*         0x00000000200034c5        0x3 
 COMMON         0x00000000200034c8        0x4 contiki-mist-openmote.a(smartrf-sensors)
                0x00000000200034c8                sensors_flags
 COMMON         0x00000000200034cc        0x8 contiki-mist-openmote.a(rimeaddr.o)
                0x00000000200034cc                rimeaddr_node_addr
 COMMON         0x00000000200034d4       0x54 contiki-mist-openmote.a(rimestats.o)
                0x00000000200034d4                rimestats
 COMMON         0x0000000020003528       0xf8 contiki-mist-openmote.a(rpl-dag.o)
                0x0000000020003528                default_instance
                0x000000002000352c                instance_table
 COMMON         0x0000000020003620        0x1 contiki-mist-openmote.a(serial-line.o)
                0x0000000020003620                serial_line_event_message
 *fill*         0x0000000020003621        0x3 
 COMMON         0x0000000020003624       0x70 contiki-mist-openmote.a(energest.o)
                0x0000000020003624                energest_total_time
                0x0000000020003654                energest_total_count
                0x0000000020003658                energest_current_mode
                0x0000000020003664                energest_current_time
 COMMON         0x0000000020003694       0x50 contiki-mist-openmote.a(packetbuf.o)
                0x0000000020003694                packetbuf_addrs
                0x00000000200036b4                packetbuf_attrs
 COMMON         0x00000000200036e4        0x8 contiki-mist-openmote.a(sicslowpan.o)
                0x00000000200036e4                frag_sender
 COMMON         0x00000000200036ec        0x1 contiki-mist-openmote.a(tcpip.o)
                0x00000000200036ec                tcpip_event
                0x00000000200036ed                _ebss = .

.flashcca       0x000000000027ffd4       0x2c
 *(.flashcca)
 .flashcca      0x000000000027ffd4       0x2c obj_mist-openmote/startup-gcc.o
                0x000000000027ffd4                __cca
OUTPUT(mqtt-example.mist-openmote elf32-littlearm)

.ARM.extab      0x0000000000280000        0x0
 .ARM.extab     0x0000000000280000        0x0 /usr/bin/../lib/gcc/arm-none-eabi/4.8.4/armv7-m/libgcc.a(_divdi3.o)
 .ARM.extab     0x0000000000280000        0x0 /usr/bin/../lib/gcc/arm-none-eabi/4.8.4/armv7-m/libgcc.a(_udivdi3.o)

.rel.dyn        0x0000000000280000        0x0
 .rel.iplt      0x0000000000000000        0x0 obj_mist-openmote/startup-gcc.o

.comment        0x0000000000000000       0x70
 .comment       0x0000000000000000       0x70 obj_mist-openmote/startup-gcc.o
                                         0x71 (size before relaxing)
 .comment       0x0000000000000000       0x71 mqtt-example.co
 .comment       0x0000000000000000       0x71 contiki-mist-openmote.a(process.o)
 .comment       0x0000000000000000       0x71 contiki-mist-openmote.a(etimer.o)
 .comment       0x0000000000000000       0x71 contiki-mist-openmote.a(uip-ds6-route.o)
 .comment       0x0000000000000000       0x71 contiki-mist-openmote.a(uip-ds6-nbr.o)
 .comment       0x0000000000000000       0x71 contiki-mist-openmote.a(uip-ds6.o)
 .comment       0x0000000000000000       0x71 contiki-mist-openmote.a(uip-nd6.o)
 .comment       0x0000000000000000       0x71 contiki-mist-openmote.a(uip6.o)
 .comment       0x0000000000000000       0x71 contiki-mist-openmote.a(mqtt.o)
 .comment       0x0000000000000000       0x71 contiki-mist-openmote.a(netstack-aes.o)
 .comment       0x0000000000000000       0x71 contiki-mist-openmote.a(ip64-addr.o)
 .comment       0x0000000000000000       0x71 contiki-mist-openmote.a(mdns.o)
 .comment       0x0000000000000000       0x71 contiki-mist-openmote.a(tcp-socket.o)
 .comment       0x0000000000000000       0x71 contiki-mist-openmote.a(contiki-mist-op)
 .comment       0x0000000000000000       0x71 contiki-mist-openmote.a(node-id.o)
 .comment       0x0000000000000000       0x71 contiki-mist-openmote.a(leds.o)
 .comment       0x0000000000000000       0x71 contiki-mist-openmote.a(leds-arch.o)
 .comment       0x0000000000000000       0x71 contiki-mist-openmote.a(sensors.o)
 .comment       0x0000000000000000       0x71 contiki-mist-openmote.a(smartrf-sensors)
 .comment       0x0000000000000000       0x71 contiki-mist-openmote.a(button-sensor.o)
 .comment       0x0000000000000000       0x71 contiki-mist-openmote.a(clock.o)
 .comment       0x0000000000000000       0x71 contiki-mist-openmote.a(rtimer-arch.o)
 .comment       0x0000000000000000       0x71 contiki-mist-openmote.a(uart.o)
 .comment       0x0000000000000000       0x71 contiki-mist-openmote.a(watchdog.o)
 .comment       0x0000000000000000       0x71 contiki-mist-openmote.a(nvic.o)
 .comment       0x0000000000000000       0x71 contiki-mist-openmote.a(cpu.o)
 .comment       0x0000000000000000       0x71 contiki-mist-openmote.a(sys-ctrl.o)
 .comment       0x0000000000000000       0x71 contiki-mist-openmote.a(gpio.o)
 .comment       0x0000000000000000       0x71 contiki-mist-openmote.a(ioc.o)
 .comment       0x0000000000000000       0x71 contiki-mist-openmote.a(cc2538-rf.o)
 .comment       0x0000000000000000       0x71 contiki-mist-openmote.a(udma.o)
 .comment       0x0000000000000000       0x71 contiki-mist-openmote.a(lpm.o)
 .comment       0x0000000000000000       0x71 contiki-mist-openmote.a(dbg.o)
 .comment       0x0000000000000000       0x71 contiki-mist-openmote.a(dbg-printf.o)
 .comment       0x0000000000000000       0x71 contiki-mist-openmote.a(dbg-sprintf.o)
 .comment       0x0000000000000000       0x71 contiki-mist-openmote.a(strformat.o)
 .comment       0x0000000000000000       0x71 contiki-mist-openmote.a(rimeaddr.o)
 .comment       0x0000000000000000       0x71 contiki-mist-openmote.a(rimestats.o)
 .comment       0x0000000000000000       0x71 contiki-mist-openmote.a(nullrdc.o)
 .comment       0x0000000000000000       0x71 contiki-mist-openmote.a(mac.o)
 .comment       0x0000000000000000       0x71 contiki-mist-openmote.a(framer-802154.o)
 .comment       0x0000000000000000       0x71 contiki-mist-openmote.a(csma.o)
 .comment       0x0000000000000000       0x71 contiki-mist-openmote.a(rpl.o)
 .comment       0x0000000000000000       0x71 contiki-mist-openmote.a(rpl-dag.o)
 .comment       0x0000000000000000       0x71 contiki-mist-openmote.a(rpl-icmp6.o)
 .comment       0x0000000000000000       0x71 contiki-mist-openmote.a(rpl-timers.o)
 .comment       0x0000000000000000       0x71 contiki-mist-openmote.a(rpl-mrhof.o)
 .comment       0x0000000000000000       0x71 contiki-mist-openmote.a(rpl-ext-header.)
 .comment       0x0000000000000000       0x71 contiki-mist-openmote.a(autostart.o)
 .comment       0x0000000000000000       0x71 contiki-mist-openmote.a(serial-line.o)
 .comment       0x0000000000000000       0x71 contiki-mist-openmote.a(memb.o)
 .comment       0x0000000000000000       0x71 contiki-mist-openmote.a(timer.o)
 .comment       0x0000000000000000       0x71 contiki-mist-openmote.a(list.o)
 .comment       0x0000000000000000       0x71 contiki-mist-openmote.a(ctimer.o)
 .comment       0x0000000000000000       0x71 contiki-mist-openmote.a(energest.o)
 .comment       0x0000000000000000       0x71 contiki-mist-openmote.a(rtimer.o)
 .comment       0x0000000000000000       0x71 contiki-mist-openmote.a(stimer.o)
 .comment       0x0000000000000000       0x71 contiki-mist-openmote.a(random.o)
 .comment       0x0000000000000000       0x71 contiki-mist-openmote.a(ringbuf.o)
 .comment       0x0000000000000000       0x71 contiki-mist-openmote.a(nbr-table.o)
 .comment       0x0000000000000000       0x71 contiki-mist-openmote.a(netstack.o)
 .comment       0x0000000000000000       0x71 contiki-mist-openmote.a(packetbuf.o)
 .comment       0x0000000000000000       0x71 contiki-mist-openmote.a(queuebuf.o)
 .comment       0x0000000000000000       0x71 contiki-mist-openmote.a(sicslowpan.o)
 .comment       0x0000000000000000       0x71 contiki-mist-openmote.a(tcpip.o)
 .comment       0x0000000000000000       0x71 contiki-mist-openmote.a(uip-icmp6.o)
 .comment       0x0000000000000000       0x71 contiki-mist-openmote.a(uip-udp-packet.)
 .comment       0x0000000000000000       0x71 contiki-mist-openmote.a(uiplib.o)
 .comment       0x0000000000000000       0x71 contiki-mist-openmote.a(aes-ccm.o)
 .comment       0x0000000000000000       0x71 contiki-mist-openmote.a(simple-rpl.o)
 .comment       0x0000000000000000       0x71 contiki-mist-openmote.a(frame802154.o)
 .comment       0x0000000000000000       0x71 contiki-mist-openmote.a(uip-debug.o)
 .comment       0x0000000000000000       0x71 contiki-mist-openmote.a(aes.o)

.ARM.attributes
                0x0000000000000000       0x31
 .ARM.attributes
                0x0000000000000000       0x33 obj_mist-openmote/startup-gcc.o
 .ARM.attributes
                0x0000000000000033       0x33 mqtt-example.co
 .ARM.attributes
                0x0000000000000066       0x33 contiki-mist-openmote.a(process.o)
 .ARM.attributes
                0x0000000000000099       0x33 contiki-mist-openmote.a(etimer.o)
 .ARM.attributes
                0x00000000000000cc       0x33 contiki-mist-openmote.a(uip-ds6-route.o)
 .ARM.attributes
                0x00000000000000ff       0x33 contiki-mist-openmote.a(uip-ds6-nbr.o)
 .ARM.attributes
                0x0000000000000132       0x33 contiki-mist-openmote.a(uip-ds6.o)
 .ARM.attributes
                0x0000000000000165       0x33 contiki-mist-openmote.a(uip-nd6.o)
 .ARM.attributes
                0x0000000000000198       0x33 contiki-mist-openmote.a(uip6.o)
 .ARM.attributes
                0x00000000000001cb       0x33 contiki-mist-openmote.a(mqtt.o)
 .ARM.attributes
                0x00000000000001fe       0x33 contiki-mist-openmote.a(netstack-aes.o)
 .ARM.attributes
                0x0000000000000231       0x33 contiki-mist-openmote.a(ip64-addr.o)
 .ARM.attributes
                0x0000000000000264       0x33 contiki-mist-openmote.a(mdns.o)
 .ARM.attributes
                0x0000000000000297       0x33 contiki-mist-openmote.a(tcp-socket.o)
 .ARM.attributes
                0x00000000000002ca       0x33 contiki-mist-openmote.a(contiki-mist-op)
 .ARM.attributes
                0x00000000000002fd       0x33 contiki-mist-openmote.a(node-id.o)
 .ARM.attributes
                0x0000000000000330       0x33 contiki-mist-openmote.a(leds.o)
 .ARM.attributes
                0x0000000000000363       0x33 contiki-mist-openmote.a(leds-arch.o)
 .ARM.attributes
                0x0000000000000396       0x33 contiki-mist-openmote.a(sensors.o)
 .ARM.attributes
                0x00000000000003c9       0x33 contiki-mist-openmote.a(smartrf-sensors)
 .ARM.attributes
                0x00000000000003fc       0x33 contiki-mist-openmote.a(button-sensor.o)
 .ARM.attributes
                0x000000000000042f       0x33 contiki-mist-openmote.a(clock.o)
 .ARM.attributes
                0x0000000000000462       0x33 contiki-mist-openmote.a(rtimer-arch.o)
 .ARM.attributes
                0x0000000000000495       0x33 contiki-mist-openmote.a(uart.o)
 .ARM.attributes
                0x00000000000004c8       0x33 contiki-mist-openmote.a(watchdog.o)
 .ARM.attributes
                0x00000000000004fb       0x33 contiki-mist-openmote.a(nvic.o)
 .ARM.attributes
                0x000000000000052e       0x33 contiki-mist-openmote.a(cpu.o)
 .ARM.attributes
                0x0000000000000561       0x33 contiki-mist-openmote.a(sys-ctrl.o)
 .ARM.attributes
                0x0000000000000594       0x33 contiki-mist-openmote.a(gpio.o)
 .ARM.attributes
                0x00000000000005c7       0x33 contiki-mist-openmote.a(ioc.o)
 .ARM.attributes
                0x00000000000005fa       0x33 contiki-mist-openmote.a(cc2538-rf.o)
 .ARM.attributes
                0x000000000000062d       0x33 contiki-mist-openmote.a(udma.o)
 .ARM.attributes
                0x0000000000000660       0x33 contiki-mist-openmote.a(lpm.o)
 .ARM.attributes
                0x0000000000000693       0x33 contiki-mist-openmote.a(dbg.o)
 .ARM.attributes
                0x00000000000006c6       0x33 contiki-mist-openmote.a(dbg-printf.o)
 .ARM.attributes
                0x00000000000006f9       0x33 contiki-mist-openmote.a(dbg-sprintf.o)
 .ARM.attributes
                0x000000000000072c       0x33 contiki-mist-openmote.a(strformat.o)
 .ARM.attributes
                0x000000000000075f       0x33 contiki-mist-openmote.a(rimeaddr.o)
 .ARM.attributes
                0x0000000000000792       0x33 contiki-mist-openmote.a(rimestats.o)
 .ARM.attributes
                0x00000000000007c5       0x33 contiki-mist-openmote.a(nullrdc.o)
 .ARM.attributes
                0x00000000000007f8       0x33 contiki-mist-openmote.a(mac.o)
 .ARM.attributes
                0x000000000000082b       0x33 contiki-mist-openmote.a(framer-802154.o)
 .ARM.attributes
                0x000000000000085e       0x33 contiki-mist-openmote.a(csma.o)
 .ARM.attributes
                0x0000000000000891       0x33 contiki-mist-openmote.a(rpl.o)
 .ARM.attributes
                0x00000000000008c4       0x33 contiki-mist-openmote.a(rpl-dag.o)
 .ARM.attributes
                0x00000000000008f7       0x33 contiki-mist-openmote.a(rpl-icmp6.o)
 .ARM.attributes
                0x000000000000092a       0x33 contiki-mist-openmote.a(rpl-timers.o)
 .ARM.attributes
                0x000000000000095d       0x33 contiki-mist-openmote.a(rpl-mrhof.o)
 .ARM.attributes
                0x0000000000000990       0x33 contiki-mist-openmote.a(rpl-ext-header.)
 .ARM.attributes
                0x00000000000009c3       0x33 contiki-mist-openmote.a(autostart.o)
 .ARM.attributes
                0x00000000000009f6       0x33 contiki-mist-openmote.a(serial-line.o)
 .ARM.attributes
                0x0000000000000a29       0x33 contiki-mist-openmote.a(memb.o)
 .ARM.attributes
                0x0000000000000a5c       0x33 contiki-mist-openmote.a(timer.o)
 .ARM.attributes
                0x0000000000000a8f       0x33 contiki-mist-openmote.a(list.o)
 .ARM.attributes
                0x0000000000000ac2       0x33 contiki-mist-openmote.a(ctimer.o)
 .ARM.attributes
                0x0000000000000af5       0x33 contiki-mist-openmote.a(energest.o)
 .ARM.attributes
                0x0000000000000b28       0x33 contiki-mist-openmote.a(rtimer.o)
 .ARM.attributes
                0x0000000000000b5b       0x33 contiki-mist-openmote.a(stimer.o)
 .ARM.attributes
                0x0000000000000b8e       0x33 contiki-mist-openmote.a(random.o)
 .ARM.attributes
                0x0000000000000bc1       0x33 contiki-mist-openmote.a(ringbuf.o)
 .ARM.attributes
                0x0000000000000bf4       0x33 contiki-mist-openmote.a(nbr-table.o)
 .ARM.attributes
                0x0000000000000c27       0x33 contiki-mist-openmote.a(netstack.o)
 .ARM.attributes
                0x0000000000000c5a       0x33 contiki-mist-openmote.a(packetbuf.o)
 .ARM.attributes
                0x0000000000000c8d       0x33 contiki-mist-openmote.a(queuebuf.o)
 .ARM.attributes
                0x0000000000000cc0       0x33 contiki-mist-openmote.a(sicslowpan.o)
 .ARM.attributes
                0x0000000000000cf3       0x33 contiki-mist-openmote.a(tcpip.o)
 .ARM.attributes
                0x0000000000000d26       0x33 contiki-mist-openmote.a(uip-icmp6.o)
 .ARM.attributes
                0x0000000000000d59       0x33 contiki-mist-openmote.a(uip-udp-packet.)
 .ARM.attributes
                0x0000000000000d8c       0x33 contiki-mist-openmote.a(uiplib.o)
 .ARM.attributes
                0x0000000000000dbf       0x33 contiki-mist-openmote.a(aes-ccm.o)
 .ARM.attributes
                0x0000000000000df2       0x33 contiki-mist-openmote.a(simple-rpl.o)
 .ARM.attributes
                0x0000000000000e25       0x33 contiki-mist-openmote.a(frame802154.o)
 .ARM.attributes
                0x0000000000000e58       0x33 contiki-mist-openmote.a(uip-debug.o)
 .ARM.attributes
                0x0000000000000e8b       0x33 contiki-mist-openmote.a(aes.o)
 .ARM.attributes
                0x0000000000000ebe       0x1d /usr/bin/../lib/gcc/arm-none-eabi/4.8.4/armv7-m/libgcc.a(_aeabi_uldivmod.o)
 .ARM.attributes
                0x0000000000000edb       0x2d /usr/bin/../lib/gcc/arm-none-eabi/4.8.4/armv7-m/libgcc.a(bpabi.o)
 .ARM.attributes
                0x0000000000000f08       0x1d /usr/bin/../lib/gcc/arm-none-eabi/4.8.4/armv7-m/libgcc.a(_dvmd_tls.o)
 .ARM.attributes
                0x0000000000000f25       0x2d /usr/bin/../lib/gcc/arm-none-eabi/4.8.4/armv7-m/libgcc.a(_divdi3.o)
 .ARM.attributes
                0x0000000000000f52       0x2d /usr/bin/../lib/gcc/arm-none-eabi/4.8.4/armv7-m/libgcc.a(_udivdi3.o)
 .ARM.attributes
                0x0000000000000f7f       0x2d /usr/bin/../lib/gcc/arm-none-eabi/4.8.4/../../../../arm-none-eabi/lib/armv7-m/libc.a(lib_a-memcmp.o)
 .ARM.attributes
                0x0000000000000fac       0x1b /usr/bin/../lib/gcc/arm-none-eabi/4.8.4/../../../../arm-none-eabi/lib/armv7-m/libc.a(lib_a-memcpy.o)
 .ARM.attributes
                0x0000000000000fc7       0x2d /usr/bin/../lib/gcc/arm-none-eabi/4.8.4/../../../../arm-none-eabi/lib/armv7-m/libc.a(lib_a-memmove.o)
 .ARM.attributes
                0x0000000000000ff4       0x2d /usr/bin/../lib/gcc/arm-none-eabi/4.8.4/../../../../arm-none-eabi/lib/armv7-m/libc.a(lib_a-memset.o)
 .ARM.attributes
                0x0000000000001021       0x1b /usr/bin/../lib/gcc/arm-none-eabi/4.8.4/../../../../arm-none-eabi/lib/armv7-m/libc.a(lib_a-strcmp.o)
 .ARM.attributes
                0x000000000000103c       0x2d /usr/bin/../lib/gcc/arm-none-eabi/4.8.4/../../../../arm-none-eabi/lib/armv7-m/libc.a(lib_a-strlen.o)
 .ARM.attributes
                0x0000000000001069       0x2d /usr/bin/../lib/gcc/arm-none-eabi/4.8.4/../../../../arm-none-eabi/lib/armv7-m/libc.a(lib_a-strncmp.o)
 .ARM.attributes
                0x0000000000001096       0x2d /usr/bin/../lib/gcc/arm-none-eabi/4.8.4/../../../../arm-none-eabi/lib/armv7-m/libc.a(lib_a-strncpy.o)

.debug_frame    0x0000000000000000      0x1b8
 .debug_frame   0x0000000000000000       0x58 /usr/bin/../lib/gcc/arm-none-eabi/4.8.4/armv7-m/libgcc.a(bpabi.o)
 .debug_frame   0x0000000000000058       0x34 /usr/bin/../lib/gcc/arm-none-eabi/4.8.4/armv7-m/libgcc.a(_divdi3.o)
 .debug_frame   0x000000000000008c       0x34 /usr/bin/../lib/gcc/arm-none-eabi/4.8.4/armv7-m/libgcc.a(_udivdi3.o)
 .debug_frame   0x00000000000000c0       0x2c /usr/bin/../lib/gcc/arm-none-eabi/4.8.4/../../../../arm-none-eabi/lib/armv7-m/libc.a(lib_a-memcmp.o)
 .debug_frame   0x00000000000000ec       0x2c /usr/bin/../lib/gcc/arm-none-eabi/4.8.4/../../../../arm-none-eabi/lib/armv7-m/libc.a(lib_a-memmove.o)
 .debug_frame   0x0000000000000118       0x2c /usr/bin/../lib/gcc/arm-none-eabi/4.8.4/../../../../arm-none-eabi/lib/armv7-m/libc.a(lib_a-memset.o)
 .debug_frame   0x0000000000000144       0x20 /usr/bin/../lib/gcc/arm-none-eabi/4.8.4/../../../../arm-none-eabi/lib/armv7-m/libc.a(lib_a-strlen.o)
 .debug_frame   0x0000000000000164       0x28 /usr/bin/../lib/gcc/arm-none-eabi/4.8.4/../../../../arm-none-eabi/lib/armv7-m/libc.a(lib_a-strncmp.o)
 .debug_frame   0x000000000000018c       0x2c /usr/bin/../lib/gcc/arm-none-eabi/4.8.4/../../../../arm-none-eabi/lib/armv7-m/libc.a(lib_a-strncpy.o)

Cross Reference Table

Symbol                                            File
__aeabi_idiv0                                     /usr/bin/../lib/gcc/arm-none-eabi/4.8.4/armv7-m/libgcc.a(_dvmd_tls.o)
__aeabi_ldiv0                                     /usr/bin/../lib/gcc/arm-none-eabi/4.8.4/armv7-m/libgcc.a(_dvmd_tls.o)
                                                  /usr/bin/../lib/gcc/arm-none-eabi/4.8.4/armv7-m/libgcc.a(_aeabi_uldivmod.o)
__aeabi_uldivmod                                  /usr/bin/../lib/gcc/arm-none-eabi/4.8.4/armv7-m/libgcc.a(_aeabi_uldivmod.o)
                                                  contiki-mist-openmote.a(strformat.o)
__cca                                             obj_mist-openmote/startup-gcc.o
__divdi3                                          /usr/bin/../lib/gcc/arm-none-eabi/4.8.4/armv7-m/libgcc.a(_divdi3.o)
                                                  /usr/bin/../lib/gcc/arm-none-eabi/4.8.4/armv7-m/libgcc.a(bpabi.o)
__gnu_ldivmod_helper                              /usr/bin/../lib/gcc/arm-none-eabi/4.8.4/armv7-m/libgcc.a(bpabi.o)
__gnu_uldivmod_helper                             /usr/bin/../lib/gcc/arm-none-eabi/4.8.4/armv7-m/libgcc.a(bpabi.o)
                                                  /usr/bin/../lib/gcc/arm-none-eabi/4.8.4/armv7-m/libgcc.a(_aeabi_uldivmod.o)
__udivdi3                                         /usr/bin/../lib/gcc/arm-none-eabi/4.8.4/armv7-m/libgcc.a(_udivdi3.o)
                                                  /usr/bin/../lib/gcc/arm-none-eabi/4.8.4/armv7-m/libgcc.a(bpabi.o)
_bss                                              obj_mist-openmote/startup-gcc.o
_data                                             obj_mist-openmote/startup-gcc.o
_ebss                                             obj_mist-openmote/startup-gcc.o
_edata                                            obj_mist-openmote/startup-gcc.o
_etext                                            obj_mist-openmote/startup-gcc.o
_text                                             obj_mist-openmote/startup-gcc.o
aes_ccm_decrypt                                   contiki-mist-openmote.a(aes-ccm.o)
                                                  contiki-mist-openmote.a(netstack-aes.o)
aes_ccm_encrypt                                   contiki-mist-openmote.a(aes-ccm.o)
                                                  contiki-mist-openmote.a(netstack-aes.o)
aes_ccm_verify                                    contiki-mist-openmote.a(aes-ccm.o)
                                                  contiki-mist-openmote.a(netstack-aes.o)
aes_decrypt                                       contiki-mist-openmote.a(aes.o)
aes_encrypt                                       contiki-mist-openmote.a(aes.o)
                                                  contiki-mist-openmote.a(aes-ccm.o)
autostart_exit                                    contiki-mist-openmote.a(autostart.o)
autostart_processes                               mqtt-example.co
                                                  contiki-mist-openmote.a(contiki-mist-op)
autostart_start                                   contiki-mist-openmote.a(autostart.o)
                                                  contiki-mist-openmote.a(contiki-mist-op)
button_process                                    mqtt-example.co
button_sensor_init                                contiki-mist-openmote.a(button-sensor.o)
                                                  contiki-mist-openmote.a(contiki-mist-op)
button_sw1_sensor                                 contiki-mist-openmote.a(button-sensor.o)
                                                  contiki-mist-openmote.a(smartrf-sensors)
                                                  mqtt-example.co
button_sw2_sensor                                 contiki-mist-openmote.a(button-sensor.o)
                                                  contiki-mist-openmote.a(smartrf-sensors)
                                                  mqtt-example.co
button_user_sensor                                contiki-mist-openmote.a(button-sensor.o)
                                                  contiki-mist-openmote.a(smartrf-sensors)
                                                  mqtt-example.co
cc2538_rf_channel_get                             contiki-mist-openmote.a(cc2538-rf.o)
cc2538_rf_channel_set                             contiki-mist-openmote.a(cc2538-rf.o)
cc2538_rf_driver                                  contiki-mist-openmote.a(cc2538-rf.o)
                                                  contiki-mist-openmote.a(netstack.o)
                                                  contiki-mist-openmote.a(nullrdc.o)
cc2538_rf_err_isr                                 contiki-mist-openmote.a(cc2538-rf.o)
                                                  obj_mist-openmote/startup-gcc.o
cc2538_rf_power_set                               contiki-mist-openmote.a(cc2538-rf.o)
cc2538_rf_process                                 contiki-mist-openmote.a(cc2538-rf.o)
cc2538_rf_rx_tx_isr                               contiki-mist-openmote.a(cc2538-rf.o)
                                                  obj_mist-openmote/startup-gcc.o
cc2538_rf_set_addr                                contiki-mist-openmote.a(cc2538-rf.o)
                                                  contiki-mist-openmote.a(contiki-mist-op)
clock_adjust                                      contiki-mist-openmote.a(clock.o)
                                                  contiki-mist-openmote.a(lpm.o)
clock_delay                                       contiki-mist-openmote.a(clock.o)
                                                  contiki-mist-openmote.a(leds.o)
clock_delay_usec                                  contiki-mist-openmote.a(clock.o)
                                                  contiki-mist-openmote.a(cc2538-rf.o)
clock_init                                        contiki-mist-openmote.a(clock.o)
                                                  contiki-mist-openmote.a(contiki-mist-op)
clock_isr                                         contiki-mist-openmote.a(clock.o)
                                                  obj_mist-openmote/startup-gcc.o
clock_seconds                                     contiki-mist-openmote.a(clock.o)
                                                  contiki-mist-openmote.a(stimer.o)
clock_set_seconds                                 contiki-mist-openmote.a(clock.o)
clock_time                                        contiki-mist-openmote.a(clock.o)
                                                  contiki-mist-openmote.a(timer.o)
                                                  contiki-mist-openmote.a(etimer.o)
clock_wait                                        contiki-mist-openmote.a(clock.o)
cpu_cpsid                                         contiki-mist-openmote.a(cpu.o)
                                                  contiki-mist-openmote.a(watchdog.o)
                                                  contiki-mist-openmote.a(rtimer-arch.o)
                                                  contiki-mist-openmote.a(contiki-mist-op)
cpu_cpsie                                         contiki-mist-openmote.a(cpu.o)
                                                  contiki-mist-openmote.a(rtimer-arch.o)
                                                  contiki-mist-openmote.a(contiki-mist-op)
csma_driver                                       contiki-mist-openmote.a(csma.o)
                                                  contiki-mist-openmote.a(sicslowpan.o)
                                                  contiki-mist-openmote.a(netstack.o)
                                                  contiki-mist-openmote.a(nullrdc.o)
                                                  contiki-mist-openmote.a(contiki-mist-op)
ctimer_expired                                    contiki-mist-openmote.a(ctimer.o)
ctimer_init                                       contiki-mist-openmote.a(ctimer.o)
                                                  contiki-mist-openmote.a(contiki-mist-op)
ctimer_process                                    contiki-mist-openmote.a(ctimer.o)
ctimer_reset                                      contiki-mist-openmote.a(ctimer.o)
                                                  contiki-mist-openmote.a(rpl-timers.o)
ctimer_restart                                    contiki-mist-openmote.a(ctimer.o)
                                                  contiki-mist-openmote.a(mqtt.o)
ctimer_set                                        contiki-mist-openmote.a(ctimer.o)
                                                  contiki-mist-openmote.a(simple-rpl.o)
                                                  contiki-mist-openmote.a(rpl-timers.o)
                                                  contiki-mist-openmote.a(csma.o)
                                                  contiki-mist-openmote.a(mqtt.o)
ctimer_stop                                       contiki-mist-openmote.a(ctimer.o)
                                                  contiki-mist-openmote.a(rpl-timers.o)
                                                  contiki-mist-openmote.a(rpl-dag.o)
                                                  contiki-mist-openmote.a(csma.o)
                                                  contiki-mist-openmote.a(mqtt.o)
dao_ack_output                                    contiki-mist-openmote.a(rpl-icmp6.o)
dao_output                                        contiki-mist-openmote.a(rpl-icmp6.o)
                                                  contiki-mist-openmote.a(rpl-timers.o)
                                                  contiki-mist-openmote.a(rpl-dag.o)
dao_output_target                                 contiki-mist-openmote.a(rpl-icmp6.o)
                                                  contiki-mist-openmote.a(rpl.o)
dbg_send_bytes                                    contiki-mist-openmote.a(dbg.o)
                                                  contiki-mist-openmote.a(dbg-printf.o)
default_handler                                   obj_mist-openmote/startup-gcc.o
default_instance                                  contiki-mist-openmote.a(rpl-ext-header.)
                                                  contiki-mist-openmote.a(rpl-dag.o)